Archive member included to satisfy reference by file (symbol)

/usr/local/Cellar/arm-gcc-bin@10/10-2020-q4-major/bin/../lib/gcc/arm-none-eabi/10.2.1/../../../../arm-none-eabi/lib/thumb/v6-m/nofp/libc_nano.a(lib_a-calloc.o)
                              build/main.o (calloc)
/usr/local/Cellar/arm-gcc-bin@10/10-2020-q4-major/bin/../lib/gcc/arm-none-eabi/10.2.1/../../../../arm-none-eabi/lib/thumb/v6-m/nofp/libc_nano.a(lib_a-exit.o)
                              /usr/local/Cellar/arm-gcc-bin@10/10-2020-q4-major/bin/../lib/gcc/arm-none-eabi/10.2.1/../../../../arm-none-eabi/lib/thumb/v6-m/nofp/crt0.o (exit)
/usr/local/Cellar/arm-gcc-bin@10/10-2020-q4-major/bin/../lib/gcc/arm-none-eabi/10.2.1/../../../../arm-none-eabi/lib/thumb/v6-m/nofp/libc_nano.a(lib_a-impure.o)
                              /usr/local/Cellar/arm-gcc-bin@10/10-2020-q4-major/bin/../lib/gcc/arm-none-eabi/10.2.1/../../../../arm-none-eabi/lib/thumb/v6-m/nofp/libc_nano.a(lib_a-exit.o) (_global_impure_ptr)
/usr/local/Cellar/arm-gcc-bin@10/10-2020-q4-major/bin/../lib/gcc/arm-none-eabi/10.2.1/../../../../arm-none-eabi/lib/thumb/v6-m/nofp/libc_nano.a(lib_a-init.o)
                              /usr/local/Cellar/arm-gcc-bin@10/10-2020-q4-major/bin/../lib/gcc/arm-none-eabi/10.2.1/../../../../arm-none-eabi/lib/thumb/v6-m/nofp/crt0.o (__libc_init_array)
/usr/local/Cellar/arm-gcc-bin@10/10-2020-q4-major/bin/../lib/gcc/arm-none-eabi/10.2.1/../../../../arm-none-eabi/lib/thumb/v6-m/nofp/libc_nano.a(lib_a-malloc.o)
                              build/main.o (free)
/usr/local/Cellar/arm-gcc-bin@10/10-2020-q4-major/bin/../lib/gcc/arm-none-eabi/10.2.1/../../../../arm-none-eabi/lib/thumb/v6-m/nofp/libc_nano.a(lib_a-memcpy-stub.o)
                              build/heatshrink_decoder.o (memcpy)
/usr/local/Cellar/arm-gcc-bin@10/10-2020-q4-major/bin/../lib/gcc/arm-none-eabi/10.2.1/../../../../arm-none-eabi/lib/thumb/v6-m/nofp/libc_nano.a(lib_a-memmove.o)
                              build/heatshrink_encoder.o (memmove)
/usr/local/Cellar/arm-gcc-bin@10/10-2020-q4-major/bin/../lib/gcc/arm-none-eabi/10.2.1/../../../../arm-none-eabi/lib/thumb/v6-m/nofp/libc_nano.a(lib_a-memset.o)
                              /usr/local/Cellar/arm-gcc-bin@10/10-2020-q4-major/bin/../lib/gcc/arm-none-eabi/10.2.1/../../../../arm-none-eabi/lib/thumb/v6-m/nofp/crt0.o (memset)
/usr/local/Cellar/arm-gcc-bin@10/10-2020-q4-major/bin/../lib/gcc/arm-none-eabi/10.2.1/../../../../arm-none-eabi/lib/thumb/v6-m/nofp/libc_nano.a(lib_a-nano-callocr.o)
                              /usr/local/Cellar/arm-gcc-bin@10/10-2020-q4-major/bin/../lib/gcc/arm-none-eabi/10.2.1/../../../../arm-none-eabi/lib/thumb/v6-m/nofp/libc_nano.a(lib_a-calloc.o) (_calloc_r)
/usr/local/Cellar/arm-gcc-bin@10/10-2020-q4-major/bin/../lib/gcc/arm-none-eabi/10.2.1/../../../../arm-none-eabi/lib/thumb/v6-m/nofp/libc_nano.a(lib_a-nano-freer.o)
                              /usr/local/Cellar/arm-gcc-bin@10/10-2020-q4-major/bin/../lib/gcc/arm-none-eabi/10.2.1/../../../../arm-none-eabi/lib/thumb/v6-m/nofp/libc_nano.a(lib_a-malloc.o) (_free_r)
/usr/local/Cellar/arm-gcc-bin@10/10-2020-q4-major/bin/../lib/gcc/arm-none-eabi/10.2.1/../../../../arm-none-eabi/lib/thumb/v6-m/nofp/libc_nano.a(lib_a-nano-mallocr.o)
                              /usr/local/Cellar/arm-gcc-bin@10/10-2020-q4-major/bin/../lib/gcc/arm-none-eabi/10.2.1/../../../../arm-none-eabi/lib/thumb/v6-m/nofp/libc_nano.a(lib_a-malloc.o) (_malloc_r)
/usr/local/Cellar/arm-gcc-bin@10/10-2020-q4-major/bin/../lib/gcc/arm-none-eabi/10.2.1/../../../../arm-none-eabi/lib/thumb/v6-m/nofp/libc_nano.a(lib_a-nano-vfprintf_float.o)
                              (_printf_float)
/usr/local/Cellar/arm-gcc-bin@10/10-2020-q4-major/bin/../lib/gcc/arm-none-eabi/10.2.1/../../../../arm-none-eabi/lib/thumb/v6-m/nofp/libc_nano.a(lib_a-nano-vfprintf_i.o)
                              /usr/local/Cellar/arm-gcc-bin@10/10-2020-q4-major/bin/../lib/gcc/arm-none-eabi/10.2.1/../../../../arm-none-eabi/lib/thumb/v6-m/nofp/libc_nano.a(lib_a-nano-vfprintf_float.o) (_printf_common)
/usr/local/Cellar/arm-gcc-bin@10/10-2020-q4-major/bin/../lib/gcc/arm-none-eabi/10.2.1/../../../../arm-none-eabi/lib/thumb/v6-m/nofp/libc_nano.a(lib_a-sbrkr.o)
                              /usr/local/Cellar/arm-gcc-bin@10/10-2020-q4-major/bin/../lib/gcc/arm-none-eabi/10.2.1/../../../../arm-none-eabi/lib/thumb/v6-m/nofp/libc_nano.a(lib_a-nano-mallocr.o) (_sbrk_r)
/usr/local/Cellar/arm-gcc-bin@10/10-2020-q4-major/bin/../lib/gcc/arm-none-eabi/10.2.1/../../../../arm-none-eabi/lib/thumb/v6-m/nofp/libc_nano.a(lib_a-sprintf.o)
                              build/main.o (sprintf)
/usr/local/Cellar/arm-gcc-bin@10/10-2020-q4-major/bin/../lib/gcc/arm-none-eabi/10.2.1/../../../../arm-none-eabi/lib/thumb/v6-m/nofp/libc_nano.a(lib_a-strcat.o)
                              build/main.o (strcat)
/usr/local/Cellar/arm-gcc-bin@10/10-2020-q4-major/bin/../lib/gcc/arm-none-eabi/10.2.1/../../../../arm-none-eabi/lib/thumb/v6-m/nofp/libc_nano.a(lib_a-strlen.o)
[...]
Memory Configuration

Name             Origin             Length             Attributes
RAM              0x0000000020000000 0x0000000000002000 xrw
FLASH            0x0000000008000000 0x0000000000010000 xr
*default*        0x0000000000000000 0xffffffffffffffff

Linker script and memory map

LOAD /usr/local/Cellar/arm-gcc-bin@10/10-2020-q4-major/bin/../lib/gcc/arm-none-eabi/10.2.1/thumb/v6-m/nofp/crti.o
LOAD /usr/local/Cellar/arm-gcc-bin@10/10-2020-q4-major/bin/../lib/gcc/arm-none-eabi/10.2.1/thumb/v6-m/nofp/crtbegin.o
LOAD /usr/local/Cellar/arm-gcc-bin@10/10-2020-q4-major/bin/../lib/gcc/arm-none-eabi/10.2.1/../../../../arm-none-eabi/lib/thumb/v6-m/nofp/crt0.o
LOAD build/heatshrink_decoder.o
LOAD build/heatshrink_encoder.o
LOAD build/main.o
LOAD build/stm32f0xx_hal_msp.o
LOAD build/stm32f0xx_it.o
LOAD build/system_stm32f0xx.o
LOAD build/stm32f0xx_hal.o
LOAD build/stm32f0xx_hal_cortex.o
LOAD build/stm32f0xx_hal_dma.o
LOAD build/stm32f0xx_hal_exti.o
LOAD build/stm32f0xx_hal_flash.o
LOAD build/stm32f0xx_hal_flash_ex.o
LOAD build/stm32f0xx_hal_gpio.o
LOAD build/stm32f0xx_hal_i2c.o
LOAD build/stm32f0xx_hal_i2c_ex.o
LOAD build/stm32f0xx_hal_pwr.o
LOAD build/stm32f0xx_hal_pwr_ex.o
LOAD build/stm32f0xx_hal_rcc.o
LOAD build/stm32f0xx_hal_rcc_ex.o
LOAD build/stm32f0xx_hal_tim.o
LOAD build/stm32f0xx_hal_tim_ex.o
LOAD build/stm32f0xx_hal_uart.o
LOAD build/stm32f0xx_hal_uart_ex.o
LOAD build/startup_stm32f051x8.o
LOAD /usr/local/Cellar/arm-gcc-bin@10/10-2020-q4-major/bin/../lib/gcc/arm-none-eabi/10.2.1/../../../../arm-none-eabi/lib/thumb/v6-m/nofp/libc_nano.a
LOAD /usr/local/Cellar/arm-gcc-bin@10/10-2020-q4-major/bin/../lib/gcc/arm-none-eabi/10.2.1/../../../../arm-none-eabi/lib/thumb/v6-m/nofp/libm.a
LOAD /usr/local/Cellar/arm-gcc-bin@10/10-2020-q4-major/bin/../lib/gcc/arm-none-eabi/10.2.1/../../../../arm-none-eabi/lib/thumb/v6-m/nofp/libnosys.a
START GROUP
LOAD /usr/local/Cellar/arm-gcc-bin@10/10-2020-q4-major/bin/../lib/gcc/arm-none-eabi/10.2.1/thumb/v6-m/nofp/libgcc.a
LOAD /usr/local/Cellar/arm-gcc-bin@10/10-2020-q4-major/bin/../lib/gcc/arm-none-eabi/10.2.1/../../../../arm-none-eabi/lib/thumb/v6-m/nofp/libc_nano.a
END GROUP
START GROUP
LOAD /usr/local/Cellar/arm-gcc-bin@10/10-2020-q4-major/bin/../lib/gcc/arm-none-eabi/10.2.1/thumb/v6-m/nofp/libgcc.a
LOAD /usr/local/Cellar/arm-gcc-bin@10/10-2020-q4-major/bin/../lib/gcc/arm-none-eabi/10.2.1/../../../../arm-none-eabi/lib/thumb/v6-m/nofp/libc_nano.a
END GROUP
LOAD /usr/local/Cellar/arm-gcc-bin@10/10-2020-q4-major/bin/../lib/gcc/arm-none-eabi/10.2.1/thumb/v6-m/nofp/crtend.o
LOAD /usr/local/Cellar/arm-gcc-bin@10/10-2020-q4-major/bin/../lib/gcc/arm-none-eabi/10.2.1/thumb/v6-m/nofp/crtn.o
                0x0000000020002000                _estack = (ORIGIN (RAM) + LENGTH (RAM))
                0x0000000000000200                _Min_Heap_Size = 0x200
                0x0000000000000400                _Min_Stack_Size = 0x400

.isr_vector     0x0000000008000000       0xc0
                0x0000000008000000                . = ALIGN (0x4)
 *(.isr_vector)
 .isr_vector    0x0000000008000000       0xc0 build/startup_stm32f051x8.o
                0x0000000008000000                g_pfnVectors
                0x00000000080000c0                . = ALIGN (0x4)

.text           0x00000000080000c0     0x73d0
                0x00000000080000c0                . = ALIGN (0x4)
 *(.text)
 .text          0x00000000080000c0       0x48 /usr/local/Cellar/arm-gcc-bin@10/10-2020-q4-major/bin/../lib/gcc/arm-none-eabi/10.2.1/thumb/v6-m/nofp/crtbegin.o
 .text          0x0000000008000108        0xe /usr/local/Cellar/arm-gcc-bin@10/10-2020-q4-major/bin/../lib/gcc/arm-none-eabi/10.2.1/../../../../arm-none-eabi/lib/thumb/v6-m/nofp/libc_nano.a(lib_a-strlen.o)
                0x0000000008000108                strlen
 *fill*         0x0000000008000116        0x2 
 .text          0x0000000008000118       0x14 /usr/local/Cellar/arm-gcc-bin@10/10-2020-q4-major/bin/../lib/gcc/arm-none-eabi/10.2.1/thumb/v6-m/nofp/libgcc.a(_thumb1_case_uqi.o)
                0x0000000008000118                __gnu_thumb1_case_uqi
 .text          0x000000000800012c       0x14 /usr/local/Cellar/arm-gcc-bin@10/10-2020-q4-major/bin/../lib/gcc/arm-none-eabi/10.2.1/thumb/v6-m/nofp/libgcc.a(_thumb1_case_shi.o)
                0x000000000800012c                __gnu_thumb1_case_shi
 .text          0x0000000008000140      0x114 /usr/local/Cellar/arm-gcc-bin@10/10-2020-q4-major/bin/../lib/gcc/arm-none-eabi/10.2.1/thumb/v6-m/nofp/libgcc.a(_udivsi3.o)
                0x0000000008000140                __udivsi3
                0x0000000008000140                __aeabi_uidiv
                0x000000000800024c                __aeabi_uidivmod
 .text          0x0000000008000254      0x1d4 /usr/local/Cellar/arm-gcc-bin@10/10-2020-q4-major/bin/../lib/gcc/arm-none-eabi/10.2.1/thumb/v6-m/nofp/libgcc.a(_divsi3.o)
                0x0000000008000254                __aeabi_idiv
                0x0000000008000254                __divsi3
                0x0000000008000420                __aeabi_idivmod
 .text          0x0000000008000428        0x4 /usr/local/Cellar/arm-gcc-bin@10/10-2020-q4-major/bin/../lib/gcc/arm-none-eabi/10.2.1/thumb/v6-m/nofp/libgcc.a(_dvmd_tls.o)
                0x0000000008000428                __aeabi_ldiv0
                0x0000000008000428                __aeabi_idiv0
 .text          0x000000000800042c       0x7c /usr/local/Cellar/arm-gcc-bin@10/10-2020-q4-major/bin/../lib/gcc/arm-none-eabi/10.2.1/thumb/v6-m/nofp/libgcc.a(_arm_cmpdf2.o)
                0x000000000800042c                __aeabi_cdrcmple
                0x000000000800043c                __aeabi_cdcmple
                0x000000000800043c                __aeabi_cdcmpeq
                0x000000000800044c                __aeabi_dcmpeq
                0x0000000008000458                __aeabi_dcmplt
                0x000000000800046c                __aeabi_dcmple
                0x0000000008000480                __aeabi_dcmpgt
                0x0000000008000494                __aeabi_dcmpge
 .text          0x00000000080004a8      0x678 /usr/local/Cellar/arm-gcc-bin@10/10-2020-q4-major/bin/../lib/gcc/arm-none-eabi/10.2.1/thumb/v6-m/nofp/libgcc.a(adddf3.o)
                0x00000000080004a8                __aeabi_dadd
 .text          0x0000000008000b20      0x5ec /usr/local/Cellar/arm-gcc-bin@10/10-2020-q4-major/bin/../lib/gcc/arm-none-eabi/10.2.1/thumb/v6-m/nofp/libgcc.a(divdf3.o)
                0x0000000008000b20                __aeabi_ddiv
 .text          0x000000000800110c       0x84 /usr/local/Cellar/arm-gcc-bin@10/10-2020-q4-major/bin/../lib/gcc/arm-none-eabi/10.2.1/thumb/v6-m/nofp/libgcc.a(eqdf2.o)
                0x000000000800110c                __eqdf2
                0x000000000800110c                __nedf2
 .text          0x0000000008001190       0xcc /usr/local/Cellar/arm-gcc-bin@10/10-2020-q4-major/bin/../lib/gcc/arm-none-eabi/10.2.1/thumb/v6-m/nofp/libgcc.a(gedf2.o)
                0x0000000008001190                __gtdf2
                0x0000000008001190                __gedf2
 .text          0x000000000800125c       0xc8 /usr/local/Cellar/arm-gcc-bin@10/10-2020-q4-major/bin/../lib/gcc/arm-none-eabi/10.2.1/thumb/v6-m/nofp/libgcc.a(ledf2.o)
                0x000000000800125c                __ltdf2
                0x000000000800125c                __ledf2
 .text          0x0000000008001324      0x4dc /usr/local/Cellar/arm-gcc-bin@10/10-2020-q4-major/bin/../lib/gcc/arm-none-eabi/10.2.1/thumb/v6-m/nofp/libgcc.a(muldf3.o)
                0x0000000008001324                __aeabi_dmul
 .text          0x0000000008001800      0x724 /usr/local/Cellar/arm-gcc-bin@10/10-2020-q4-major/bin/../lib/gcc/arm-none-eabi/10.2.1/thumb/v6-m/nofp/libgcc.a(subdf3.o)
                0x0000000008001800                __aeabi_dsub
 .text          0x0000000008001f24       0x3c /usr/local/Cellar/arm-gcc-bin@10/10-2020-q4-major/bin/../lib/gcc/arm-none-eabi/10.2.1/thumb/v6-m/nofp/libgcc.a(unorddf2.o)
                0x0000000008001f24                __aeabi_dcmpun
 .text          0x0000000008001f60       0x6c /usr/local/Cellar/arm-gcc-bin@10/10-2020-q4-major/bin/../lib/gcc/arm-none-eabi/10.2.1/thumb/v6-m/nofp/libgcc.a(fixdfsi.o)
                0x0000000008001f60                __aeabi_d2iz
 .text          0x0000000008001fcc       0x60 /usr/local/Cellar/arm-gcc-bin@10/10-2020-q4-major/bin/../lib/gcc/arm-none-eabi/10.2.1/thumb/v6-m/nofp/libgcc.a(floatsidf.o)
                0x0000000008001fcc                __aeabi_i2d
 .text          0x000000000800202c       0x4c /usr/local/Cellar/arm-gcc-bin@10/10-2020-q4-major/bin/../lib/gcc/arm-none-eabi/10.2.1/thumb/v6-m/nofp/libgcc.a(floatunsidf.o)
                0x000000000800202c                __aeabi_ui2d
 .text          0x0000000008002078       0x3c /usr/local/Cellar/arm-gcc-bin@10/10-2020-q4-major/bin/../lib/gcc/arm-none-eabi/10.2.1/thumb/v6-m/nofp/libgcc.a(_clzsi2.o)
                0x0000000008002078                __clzsi2
 *(.text*)
 .text.get_input_buffer_size
                0x00000000080020b4        0x6 build/heatshrink_encoder.o
 .text.get_input_offset
                0x00000000080020ba        0x8 build/heatshrink_encoder.o
 .text.get_lookahead_size
                0x00000000080020c2        0x4 build/heatshrink_encoder.o
 .text.is_finishing
                0x00000000080020c6        0x8 build/heatshrink_encoder.o
 .text.can_take_byte
                0x00000000080020ce        0xe build/heatshrink_encoder.o
 .text.st_flush_bit_buffer
                0x00000000080020dc       0x30 build/heatshrink_encoder.o
 .text.find_longest_match
                0x000000000800210c       0xb8 build/heatshrink_encoder.o
 .text.st_step_search
                0x00000000080021c4       0xa0 build/heatshrink_encoder.o
 .text.push_bits
                0x0000000008002264       0x56 build/heatshrink_encoder.o
 .text.add_tag_bit
                0x00000000080022ba        0xc build/heatshrink_encoder.o
 .text.st_yield_tag_bit
                0x00000000080022c6       0x40 build/heatshrink_encoder.o
 .text.push_outgoing_bits
                0x0000000008002306       0x30 build/heatshrink_encoder.o
 .text.st_yield_br_index
                0x0000000008002336       0x32 build/heatshrink_encoder.o
 .text.st_yield_br_length
                0x0000000008002368       0x34 build/heatshrink_encoder.o
 .text.push_literal_byte
                0x000000000800239c       0x30 build/heatshrink_encoder.o
 .text.st_yield_literal
                0x00000000080023cc       0x20 build/heatshrink_encoder.o
 .text.do_indexing
                0x00000000080023ec       0x54 build/heatshrink_encoder.o
 .text.save_backlog
                0x0000000008002440       0x3c build/heatshrink_encoder.o
 .text.st_save_backlog
                0x000000000800247c        0xa build/heatshrink_encoder.o
 *fill*         0x0000000008002486        0x2 
 .text.heatshrink_encoder_reset
                0x0000000008002488       0x30 build/heatshrink_encoder.o
                0x0000000008002488                heatshrink_encoder_reset
 .text.heatshrink_encoder_sink
                0x00000000080024b8       0xa6 build/heatshrink_encoder.o
                0x00000000080024b8                heatshrink_encoder_sink
 *fill*         0x000000000800255e        0x2 
 .text.heatshrink_encoder_poll
                0x0000000008002560       0xc8 build/heatshrink_encoder.o
                0x0000000008002560                heatshrink_encoder_poll
 .text.heatshrink_encoder_finish
                0x0000000008002628       0x28 build/heatshrink_encoder.o
                0x0000000008002628                heatshrink_encoder_finish
 .text.MX_GPIO_Init
                0x0000000008002650       0x30 build/main.o
 .text.compress
                0x0000000008002680       0x9c build/main.o
                0x0000000008002680                compress
 .text.encrypt  0x000000000800271c       0x14 build/main.o
                0x000000000800271c                encrypt
 .text.Error_Handler
                0x0000000008002730        0x4 build/main.o
                0x0000000008002730                Error_Handler
 .text.MX_I2C1_Init
                0x0000000008002734       0x58 build/main.o
 .text.MX_USART1_UART_Init
                0x000000000800278c       0x38 build/main.o
 .text.SystemClock_Config
                0x00000000080027c4       0x74 build/main.o
                0x00000000080027c4                SystemClock_Config
 .text.main     0x0000000008002838      0x3d8 build/main.o
                0x0000000008002838                main
 .text.HAL_MspInit
                0x0000000008002c10       0x30 build/stm32f0xx_hal_msp.o
                0x0000000008002c10                HAL_MspInit
 .text.HAL_I2C_MspInit
                0x0000000008002c40       0x68 build/stm32f0xx_hal_msp.o
                0x0000000008002c40                HAL_I2C_MspInit
 .text.HAL_UART_MspInit
                0x0000000008002ca8       0x68 build/stm32f0xx_hal_msp.o
                0x0000000008002ca8                HAL_UART_MspInit
 .text.NMI_Handler
                0x0000000008002d10        0x2 build/stm32f0xx_it.o
                0x0000000008002d10                NMI_Handler
 .text.HardFault_Handler
                0x0000000008002d12        0x2 build/stm32f0xx_it.o
                0x0000000008002d12                HardFault_Handler
 .text.SVC_Handler
                0x0000000008002d14        0x2 build/stm32f0xx_it.o
                0x0000000008002d14                SVC_Handler
 .text.PendSV_Handler
                0x0000000008002d16        0x2 build/stm32f0xx_it.o
                0x0000000008002d16                PendSV_Handler
 .text.SysTick_Handler
                0x0000000008002d18        0x8 build/stm32f0xx_it.o
                0x0000000008002d18                SysTick_Handler
 .text.SystemInit
                0x0000000008002d20        0x2 build/system_stm32f0xx.o
                0x0000000008002d20                SystemInit
 *fill*         0x0000000008002d22        0x2 
 .text.HAL_InitTick
                0x0000000008002d24       0x50 build/stm32f0xx_hal.o
                0x0000000008002d24                HAL_InitTick
 .text.HAL_Init
                0x0000000008002d74       0x20 build/stm32f0xx_hal.o
                0x0000000008002d74                HAL_Init
 .text.HAL_IncTick
                0x0000000008002d94       0x18 build/stm32f0xx_hal.o
                0x0000000008002d94                HAL_IncTick
 .text.HAL_GetTick
                0x0000000008002dac        0xc build/stm32f0xx_hal.o
                0x0000000008002dac                HAL_GetTick
 .text.HAL_Delay
                0x0000000008002db8       0x24 build/stm32f0xx_hal.o
                0x0000000008002db8                HAL_Delay
 .text.HAL_NVIC_SetPriority
                0x0000000008002ddc       0x60 build/stm32f0xx_hal_cortex.o
                0x0000000008002ddc                HAL_NVIC_SetPriority
 .text.HAL_SYSTICK_Config
                0x0000000008002e3c       0x38 build/stm32f0xx_hal_cortex.o
                0x0000000008002e3c                HAL_SYSTICK_Config
 .text.HAL_GPIO_Init
                0x0000000008002e74      0x18c build/stm32f0xx_hal_gpio.o
                0x0000000008002e74                HAL_GPIO_Init
 .text.I2C_Flush_TXDR
                0x0000000008003000       0x1e build/stm32f0xx_hal_i2c.o
 *fill*         0x000000000800301e        0x2 
 .text.I2C_TransferConfig
                0x0000000008003020       0x30 build/stm32f0xx_hal_i2c.o
 .text.I2C_IsAcknowledgeFailed
                0x0000000008003050       0x90 build/stm32f0xx_hal_i2c.o
 .text.I2C_WaitOnTXISFlagUntilTimeout
                0x00000000080030e0       0x52 build/stm32f0xx_hal_i2c.o
 .text.I2C_WaitOnFlagUntilTimeout
                0x0000000008003132       0x54 build/stm32f0xx_hal_i2c.o
 *fill*         0x0000000008003186        0x2 
 .text.I2C_RequestMemoryWrite
                0x0000000008003188       0x78 build/stm32f0xx_hal_i2c.o
 .text.I2C_RequestMemoryRead
                0x0000000008003200       0x74 build/stm32f0xx_hal_i2c.o
 .text.I2C_WaitOnSTOPFlagUntilTimeout
                0x0000000008003274       0x4e build/stm32f0xx_hal_i2c.o
 *fill*         0x00000000080032c2        0x2 
 .text.HAL_I2C_Init
                0x00000000080032c4       0xcc build/stm32f0xx_hal_i2c.o
                0x00000000080032c4                HAL_I2C_Init
 .text.HAL_I2C_Mem_Write
                0x0000000008003390      0x1a0 build/stm32f0xx_hal_i2c.o
                0x0000000008003390                HAL_I2C_Mem_Write
 .text.HAL_I2C_Mem_Read
                0x0000000008003530      0x1a8 build/stm32f0xx_hal_i2c.o
                0x0000000008003530                HAL_I2C_Mem_Read
 .text.HAL_I2CEx_ConfigAnalogFilter
                0x00000000080036d8       0x58 build/stm32f0xx_hal_i2c_ex.o
                0x00000000080036d8                HAL_I2CEx_ConfigAnalogFilter
 .text.HAL_I2CEx_ConfigDigitalFilter
                0x0000000008003730       0x54 build/stm32f0xx_hal_i2c_ex.o
                0x0000000008003730                HAL_I2CEx_ConfigDigitalFilter
 .text.HAL_RCC_OscConfig
                0x0000000008003784      0x49c build/stm32f0xx_hal_rcc.o
                0x0000000008003784                HAL_RCC_OscConfig
 .text.HAL_RCC_GetSysClockFreq
                0x0000000008003c20       0x70 build/stm32f0xx_hal_rcc.o
                0x0000000008003c20                HAL_RCC_GetSysClockFreq
 .text.HAL_RCC_ClockConfig
                0x0000000008003c90      0x134 build/stm32f0xx_hal_rcc.o
                0x0000000008003c90                HAL_RCC_ClockConfig
 .text.HAL_RCC_GetHCLKFreq
                0x0000000008003dc4        0xc build/stm32f0xx_hal_rcc.o
                0x0000000008003dc4                HAL_RCC_GetHCLKFreq
 .text.HAL_RCC_GetPCLK1Freq
                0x0000000008003dd0       0x20 build/stm32f0xx_hal_rcc.o
                0x0000000008003dd0                HAL_RCC_GetPCLK1Freq
 .text.HAL_RCCEx_PeriphCLKConfig
                0x0000000008003df0      0x130 build/stm32f0xx_hal_rcc_ex.o
                0x0000000008003df0                HAL_RCCEx_PeriphCLKConfig
 .text.UART_SetConfig
                0x0000000008003f20      0x17c build/stm32f0xx_hal_uart.o
                0x0000000008003f20                UART_SetConfig
 .text.UART_AdvFeatureConfig
                0x000000000800409c       0xe0 build/stm32f0xx_hal_uart.o
                0x000000000800409c                UART_AdvFeatureConfig
 .text.UART_WaitOnFlagUntilTimeout
                0x000000000800417c       0xdc build/stm32f0xx_hal_uart.o
                0x000000000800417c                UART_WaitOnFlagUntilTimeout
 .text.HAL_UART_Transmit
                0x0000000008004258      0x102 build/stm32f0xx_hal_uart.o
                0x0000000008004258                HAL_UART_Transmit
 *fill*         0x000000000800435a        0x2 
 .text.UART_CheckIdleState
                0x000000000800435c       0x70 build/stm32f0xx_hal_uart.o
                0x000000000800435c                UART_CheckIdleState
 .text.HAL_UART_Init
                0x00000000080043cc       0x6c build/stm32f0xx_hal_uart.o
                0x00000000080043cc                HAL_UART_Init
 .text.Reset_Handler
                0x0000000008004438       0x50 build/startup_stm32f051x8.o
                0x0000000008004438                Reset_Handler
 .text.Default_Handler
                0x0000000008004488        0x2 build/startup_stm32f051x8.o
                0x0000000008004488                TIM1_BRK_UP_TRG_COM_IRQHandler
                0x0000000008004488                TSC_IRQHandler
                0x0000000008004488                ADC1_COMP_IRQHandler
                0x0000000008004488                PVD_IRQHandler
                0x0000000008004488                I2C1_IRQHandler
                0x0000000008004488                RCC_CRS_IRQHandler
                0x0000000008004488                SPI1_IRQHandler
                0x0000000008004488                TIM6_DAC_IRQHandler
                0x0000000008004488                EXTI2_3_IRQHandler
                0x0000000008004488                I2C2_IRQHandler
                0x0000000008004488                TIM17_IRQHandler
                0x0000000008004488                CEC_CAN_IRQHandler
                0x0000000008004488                RTC_IRQHandler
                0x0000000008004488                TIM16_IRQHandler
                0x0000000008004488                TIM3_IRQHandler
                0x0000000008004488                EXTI4_15_IRQHandler
                0x0000000008004488                DMA1_Channel1_IRQHandler
                0x0000000008004488                Default_Handler
                0x0000000008004488                TIM14_IRQHandler
                0x0000000008004488                DMA1_Channel4_5_IRQHandler
                0x0000000008004488                TIM15_IRQHandler
                0x0000000008004488                EXTI0_1_IRQHandler
                0x0000000008004488                SPI2_IRQHandler
                0x0000000008004488                WWDG_IRQHandler
                0x0000000008004488                TIM2_IRQHandler
                0x0000000008004488                DMA1_Channel2_3_IRQHandler
                0x0000000008004488                USART2_IRQHandler
                0x0000000008004488                FLASH_IRQHandler
                0x0000000008004488                USART1_IRQHandler
                0x0000000008004488                TIM1_CC_IRQHandler
 *fill*         0x000000000800448a        0x2 
 .text.calloc   0x000000000800448c       0x14 /usr/local/Cellar/arm-gcc-bin@10/10-2020-q4-major/bin/../lib/gcc/arm-none-eabi/10.2.1/../../../../arm-none-eabi/lib/thumb/v6-m/nofp/libc_nano.a(lib_a-calloc.o)
                0x000000000800448c                calloc
 .text.exit     0x00000000080044a0       0x2c /usr/local/Cellar/arm-gcc-bin@10/10-2020-q4-major/bin/../lib/gcc/arm-none-eabi/10.2.1/../../../../arm-none-eabi/lib/thumb/v6-m/nofp/libc_nano.a(lib_a-exit.o)
                0x00000000080044a0                exit
 .text.__libc_init_array
                0x00000000080044cc       0x48 /usr/local/Cellar/arm-gcc-bin@10/10-2020-q4-major/bin/../lib/gcc/arm-none-eabi/10.2.1/../../../../arm-none-eabi/lib/thumb/v6-m/nofp/libc_nano.a(lib_a-init.o)
                0x00000000080044cc                __libc_init_array
 .text.malloc   0x0000000008004514       0x14 /usr/local/Cellar/arm-gcc-bin@10/10-2020-q4-major/bin/../lib/gcc/arm-none-eabi/10.2.1/../../../../arm-none-eabi/lib/thumb/v6-m/nofp/libc_nano.a(lib_a-malloc.o)
                0x0000000008004514                malloc
 .text.free     0x0000000008004528       0x14 /usr/local/Cellar/arm-gcc-bin@10/10-2020-q4-major/bin/../lib/gcc/arm-none-eabi/10.2.1/../../../../arm-none-eabi/lib/thumb/v6-m/nofp/libc_nano.a(lib_a-malloc.o)
                0x0000000008004528                free
 .text.memcpy   0x000000000800453c       0x12 /usr/local/Cellar/arm-gcc-bin@10/10-2020-q4-major/bin/../lib/gcc/arm-none-eabi/10.2.1/../../../../arm-none-eabi/lib/thumb/v6-m/nofp/libc_nano.a(lib_a-memcpy-stub.o)
                0x000000000800453c                memcpy
 .text.memmove  0x000000000800454e       0x26 /usr/local/Cellar/arm-gcc-bin@10/10-2020-q4-major/bin/../lib/gcc/arm-none-eabi/10.2.1/../../../../arm-none-eabi/lib/thumb/v6-m/nofp/libc_nano.a(lib_a-memmove.o)
                0x000000000800454e                memmove
 .text.memset   0x0000000008004574       0x10 /usr/local/Cellar/arm-gcc-bin@10/10-2020-q4-major/bin/../lib/gcc/arm-none-eabi/10.2.1/../../../../arm-none-eabi/lib/thumb/v6-m/nofp/libc_nano.a(lib_a-memset.o)
                0x0000000008004574                memset
 .text._calloc_r
                0x0000000008004584       0x1c /usr/local/Cellar/arm-gcc-bin@10/10-2020-q4-major/bin/../lib/gcc/arm-none-eabi/10.2.1/../../../../arm-none-eabi/lib/thumb/v6-m/nofp/libc_nano.a(lib_a-nano-callocr.o)
                0x0000000008004584                _calloc_r
 .text._free_r  0x00000000080045a0       0x94 /usr/local/Cellar/arm-gcc-bin@10/10-2020-q4-major/bin/../lib/gcc/arm-none-eabi/10.2.1/../../../../arm-none-eabi/lib/thumb/v6-m/nofp/libc_nano.a(lib_a-nano-freer.o)
                0x00000000080045a0                _free_r
 .text._malloc_r
                0x0000000008004634       0xbc /usr/local/Cellar/arm-gcc-bin@10/10-2020-q4-major/bin/../lib/gcc/arm-none-eabi/10.2.1/../../../../arm-none-eabi/lib/thumb/v6-m/nofp/libc_nano.a(lib_a-nano-mallocr.o)
                0x0000000008004634                _malloc_r
 .text.__cvt    0x00000000080046f0       0xc6 /usr/local/Cellar/arm-gcc-bin@10/10-2020-q4-major/bin/../lib/gcc/arm-none-eabi/10.2.1/../../../../arm-none-eabi/lib/thumb/v6-m/nofp/libc_nano.a(lib_a-nano-vfprintf_float.o)
                0x00000000080046f0                __cvt
 .text.__exponent
                0x00000000080047b6       0x8e /usr/local/Cellar/arm-gcc-bin@10/10-2020-q4-major/bin/../lib/gcc/arm-none-eabi/10.2.1/../../../../arm-none-eabi/lib/thumb/v6-m/nofp/libc_nano.a(lib_a-nano-vfprintf_float.o)
                0x00000000080047b6                __exponent
 .text._printf_float
                0x0000000008004844      0x49c /usr/local/Cellar/arm-gcc-bin@10/10-2020-q4-major/bin/../lib/gcc/arm-none-eabi/10.2.1/../../../../arm-none-eabi/lib/thumb/v6-m/nofp/libc_nano.a(lib_a-nano-vfprintf_float.o)
                0x0000000008004844                _printf_float
 .text._printf_common
                0x0000000008004ce0       0xde /usr/local/Cellar/arm-gcc-bin@10/10-2020-q4-major/bin/../lib/gcc/arm-none-eabi/10.2.1/../../../../arm-none-eabi/lib/thumb/v6-m/nofp/libc_nano.a(lib_a-nano-vfprintf_i.o)
                0x0000000008004ce0                _printf_common
 *fill*         0x0000000008004dbe        0x2 
 .text._printf_i
                0x0000000008004dc0      0x224 /usr/local/Cellar/arm-gcc-bin@10/10-2020-q4-major/bin/../lib/gcc/arm-none-eabi/10.2.1/../../../../arm-none-eabi/lib/thumb/v6-m/nofp/libc_nano.a(lib_a-nano-vfprintf_i.o)
                0x0000000008004dc0                _printf_i
 .text._sbrk_r  0x0000000008004fe4       0x24 /usr/local/Cellar/arm-gcc-bin@10/10-2020-q4-major/bin/../lib/gcc/arm-none-eabi/10.2.1/../../../../arm-none-eabi/lib/thumb/v6-m/nofp/libc_nano.a(lib_a-sbrkr.o)
                0x0000000008004fe4                _sbrk_r
 .text.sprintf  0x0000000008005008       0x40 /usr/local/Cellar/arm-gcc-bin@10/10-2020-q4-major/bin/../lib/gcc/arm-none-eabi/10.2.1/../../../../arm-none-eabi/lib/thumb/v6-m/nofp/libc_nano.a(lib_a-sprintf.o)
                0x0000000008005008                sprintf
                0x0000000008005008                siprintf
 .text.strcat   0x0000000008005048       0x1a /usr/local/Cellar/arm-gcc-bin@10/10-2020-q4-major/bin/../lib/gcc/arm-none-eabi/10.2.1/../../../../arm-none-eabi/lib/thumb/v6-m/nofp/libc_nano.a(lib_a-strcat.o)
                0x0000000008005048                strcat
 .text.quorem   0x0000000008005062      0x116 /usr/local/Cellar/arm-gcc-bin@10/10-2020-q4-major/bin/../lib/gcc/arm-none-eabi/10.2.1/../../../../arm-none-eabi/lib/thumb/v6-m/nofp/libc_nano.a(lib_a-dtoa.o)
 .text._dtoa_r  0x0000000008005178      0xc34 /usr/local/Cellar/arm-gcc-bin@10/10-2020-q4-major/bin/../lib/gcc/arm-none-eabi/10.2.1/../../../../arm-none-eabi/lib/thumb/v6-m/nofp/libc_nano.a(lib_a-dtoa.o)
                0x0000000008005178                _dtoa_r
 .text._localeconv_r
                0x0000000008005dac        0x8 /usr/local/Cellar/arm-gcc-bin@10/10-2020-q4-major/bin/../lib/gcc/arm-none-eabi/10.2.1/../../../../arm-none-eabi/lib/thumb/v6-m/nofp/libc_nano.a(lib_a-localeconv.o)
                0x0000000008005dac                _localeconv_r
 .text.memchr   0x0000000008005db4       0x16 /usr/local/Cellar/arm-gcc-bin@10/10-2020-q4-major/bin/../lib/gcc/arm-none-eabi/10.2.1/../../../../arm-none-eabi/lib/thumb/v6-m/nofp/libc_nano.a(lib_a-memchr-stub.o)
                0x0000000008005db4                memchr
 *fill*         0x0000000008005dca        0x2 
 .text.__malloc_lock
                0x0000000008005dcc       0x10 /usr/local/Cellar/arm-gcc-bin@10/10-2020-q4-major/bin/../lib/gcc/arm-none-eabi/10.2.1/../../../../arm-none-eabi/lib/thumb/v6-m/nofp/libc_nano.a(lib_a-mlock.o)
                0x0000000008005dcc                __malloc_lock
 .text.__malloc_unlock
                0x0000000008005ddc       0x10 /usr/local/Cellar/arm-gcc-bin@10/10-2020-q4-major/bin/../lib/gcc/arm-none-eabi/10.2.1/../../../../arm-none-eabi/lib/thumb/v6-m/nofp/libc_nano.a(lib_a-mlock.o)
                0x0000000008005ddc                __malloc_unlock
 .text._Balloc  0x0000000008005dec       0x88 /usr/local/Cellar/arm-gcc-bin@10/10-2020-q4-major/bin/../lib/gcc/arm-none-eabi/10.2.1/../../../../arm-none-eabi/lib/thumb/v6-m/nofp/libc_nano.a(lib_a-mprec.o)
                0x0000000008005dec                _Balloc
 .text._Bfree   0x0000000008005e74       0x48 /usr/local/Cellar/arm-gcc-bin@10/10-2020-q4-major/bin/../lib/gcc/arm-none-eabi/10.2.1/../../../../arm-none-eabi/lib/thumb/v6-m/nofp/libc_nano.a(lib_a-mprec.o)
                0x0000000008005e74                _Bfree
 .text.__multadd
                0x0000000008005ebc       0x88 /usr/local/Cellar/arm-gcc-bin@10/10-2020-q4-major/bin/../lib/gcc/arm-none-eabi/10.2.1/../../../../arm-none-eabi/lib/thumb/v6-m/nofp/libc_nano.a(lib_a-mprec.o)
                0x0000000008005ebc                __multadd
 .text.__hi0bits
                0x0000000008005f44       0x34 /usr/local/Cellar/arm-gcc-bin@10/10-2020-q4-major/bin/../lib/gcc/arm-none-eabi/10.2.1/../../../../arm-none-eabi/lib/thumb/v6-m/nofp/libc_nano.a(lib_a-mprec.o)
                0x0000000008005f44                __hi0bits
 .text.__lo0bits
                0x0000000008005f78       0x5c /usr/local/Cellar/arm-gcc-bin@10/10-2020-q4-major/bin/../lib/gcc/arm-none-eabi/10.2.1/../../../../arm-none-eabi/lib/thumb/v6-m/nofp/libc_nano.a(lib_a-mprec.o)
                0x0000000008005f78                __lo0bits
 .text.__i2b    0x0000000008005fd4       0x2c /usr/local/Cellar/arm-gcc-bin@10/10-2020-q4-major/bin/../lib/gcc/arm-none-eabi/10.2.1/../../../../arm-none-eabi/lib/thumb/v6-m/nofp/libc_nano.a(lib_a-mprec.o)
                0x0000000008005fd4                __i2b
 .text.__multiply
                0x0000000008006000      0x160 /usr/local/Cellar/arm-gcc-bin@10/10-2020-q4-major/bin/../lib/gcc/arm-none-eabi/10.2.1/../../../../arm-none-eabi/lib/thumb/v6-m/nofp/libc_nano.a(lib_a-mprec.o)
                0x0000000008006000                __multiply
 .text.__pow5mult
                0x0000000008006160       0xb8 /usr/local/Cellar/arm-gcc-bin@10/10-2020-q4-major/bin/../lib/gcc/arm-none-eabi/10.2.1/../../../../arm-none-eabi/lib/thumb/v6-m/nofp/libc_nano.a(lib_a-mprec.o)
                0x0000000008006160                __pow5mult
 .text.__lshift
                0x0000000008006218       0xdc /usr/local/Cellar/arm-gcc-bin@10/10-2020-q4-major/bin/../lib/gcc/arm-none-eabi/10.2.1/../../../../arm-none-eabi/lib/thumb/v6-m/nofp/libc_nano.a(lib_a-mprec.o)
                0x0000000008006218                __lshift
 .text.__mcmp   0x00000000080062f4       0x36 /usr/local/Cellar/arm-gcc-bin@10/10-2020-q4-major/bin/../lib/gcc/arm-none-eabi/10.2.1/../../../../arm-none-eabi/lib/thumb/v6-m/nofp/libc_nano.a(lib_a-mprec.o)
                0x00000000080062f4                __mcmp
 *fill*         0x000000000800632a        0x2 
 .text.__mdiff  0x000000000800632c      0x130 /usr/local/Cellar/arm-gcc-bin@10/10-2020-q4-major/bin/../lib/gcc/arm-none-eabi/10.2.1/../../../../arm-none-eabi/lib/thumb/v6-m/nofp/libc_nano.a(lib_a-mprec.o)
                0x000000000800632c                __mdiff
 .text.__d2b    0x000000000800645c       0xc8 /usr/local/Cellar/arm-gcc-bin@10/10-2020-q4-major/bin/../lib/gcc/arm-none-eabi/10.2.1/../../../../arm-none-eabi/lib/thumb/v6-m/nofp/libc_nano.a(lib_a-mprec.o)
                0x000000000800645c                __d2b
 .text.__ssputs_r
                0x0000000008006524       0xc4 /usr/local/Cellar/arm-gcc-bin@10/10-2020-q4-major/bin/../lib/gcc/arm-none-eabi/10.2.1/../../../../arm-none-eabi/lib/thumb/v6-m/nofp/libc_nano.a(lib_a-nano-svfprintf.o)
                0x0000000008006524                __ssputs_r
 .text._svfprintf_r
                0x00000000080065e8      0x200 /usr/local/Cellar/arm-gcc-bin@10/10-2020-q4-major/bin/../lib/gcc/arm-none-eabi/10.2.1/../../../../arm-none-eabi/lib/thumb/v6-m/nofp/libc_nano.a(lib_a-nano-svfprintf.o)
                0x00000000080065e8                _svfprintf_r
                0x00000000080065e8                _svfiprintf_r
 .text.__assert_func
                0x00000000080067e8       0x3c /usr/local/Cellar/arm-gcc-bin@10/10-2020-q4-major/bin/../lib/gcc/arm-none-eabi/10.2.1/../../../../arm-none-eabi/lib/thumb/v6-m/nofp/libc_nano.a(lib_a-assert.o)
                0x00000000080067e8                __assert_func
 .text.fprintf  0x0000000008006824       0x20 /usr/local/Cellar/arm-gcc-bin@10/10-2020-q4-major/bin/../lib/gcc/arm-none-eabi/10.2.1/../../../../arm-none-eabi/lib/thumb/v6-m/nofp/libc_nano.a(lib_a-fprintf.o)
                0x0000000008006824                fprintf
                0x0000000008006824                fiprintf
 .text.__retarget_lock_init_recursive
                0x0000000008006844        0x2 /usr/local/Cellar/arm-gcc-bin@10/10-2020-q4-major/bin/../lib/gcc/arm-none-eabi/10.2.1/../../../../arm-none-eabi/lib/thumb/v6-m/nofp/libc_nano.a(lib_a-lock.o)
                0x0000000008006844                __retarget_lock_init_recursive
 .text.__retarget_lock_acquire_recursive
                0x0000000008006846        0x2 /usr/local/Cellar/arm-gcc-bin@10/10-2020-q4-major/bin/../lib/gcc/arm-none-eabi/10.2.1/../../../../arm-none-eabi/lib/thumb/v6-m/nofp/libc_nano.a(lib_a-lock.o)
                0x0000000008006846                __retarget_lock_acquire_recursive
 .text.__retarget_lock_release_recursive
                0x0000000008006848        0x2 /usr/local/Cellar/arm-gcc-bin@10/10-2020-q4-major/bin/../lib/gcc/arm-none-eabi/10.2.1/../../../../arm-none-eabi/lib/thumb/v6-m/nofp/libc_nano.a(lib_a-lock.o)
                0x0000000008006848                __retarget_lock_release_recursive
 .text.__ascii_mbtowc
                0x000000000800684a       0x24 /usr/local/Cellar/arm-gcc-bin@10/10-2020-q4-major/bin/../lib/gcc/arm-none-eabi/10.2.1/../../../../arm-none-eabi/lib/thumb/v6-m/nofp/libc_nano.a(lib_a-mbtowc_r.o)
                0x000000000800684a                __ascii_mbtowc
 .text._realloc_r
                0x000000000800686e       0x4c /usr/local/Cellar/arm-gcc-bin@10/10-2020-q4-major/bin/../lib/gcc/arm-none-eabi/10.2.1/../../../../arm-none-eabi/lib/thumb/v6-m/nofp/libc_nano.a(lib_a-nano-reallocr.o)
                0x000000000800686e                _realloc_r
 .text.__sfputc_r
                0x00000000080068ba       0x2a /usr/local/Cellar/arm-gcc-bin@10/10-2020-q4-major/bin/../lib/gcc/arm-none-eabi/10.2.1/../../../../arm-none-eabi/lib/thumb/v6-m/nofp/libc_nano.a(lib_a-nano-vfprintf.o)
 .text.__sfputs_r
                0x00000000080068e4       0x24 /usr/local/Cellar/arm-gcc-bin@10/10-2020-q4-major/bin/../lib/gcc/arm-none-eabi/10.2.1/../../../../arm-none-eabi/lib/thumb/v6-m/nofp/libc_nano.a(lib_a-nano-vfprintf.o)
                0x00000000080068e4                __sfputs_r
 .text._vfprintf_r
                0x0000000008006908      0x274 /usr/local/Cellar/arm-gcc-bin@10/10-2020-q4-major/bin/../lib/gcc/arm-none-eabi/10.2.1/../../../../arm-none-eabi/lib/thumb/v6-m/nofp/libc_nano.a(lib_a-nano-vfprintf.o)
                0x0000000008006908                _vfiprintf_r
                0x0000000008006908                _vfprintf_r
 .text.__swbuf_r
                0x0000000008006b7c       0xac /usr/local/Cellar/arm-gcc-bin@10/10-2020-q4-major/bin/../lib/gcc/arm-none-eabi/10.2.1/../../../../arm-none-eabi/lib/thumb/v6-m/nofp/libc_nano.a(lib_a-wbuf.o)
                0x0000000008006b7c                __swbuf_r
 .text.__ascii_wctomb
                0x0000000008006c28       0x1a /usr/local/Cellar/arm-gcc-bin@10/10-2020-q4-major/bin/../lib/gcc/arm-none-eabi/10.2.1/../../../../arm-none-eabi/lib/thumb/v6-m/nofp/libc_nano.a(lib_a-wctomb_r.o)
                0x0000000008006c28                __ascii_wctomb
 *fill*         0x0000000008006c42        0x2 
 .text.__swsetup_r
                0x0000000008006c44       0xf0 /usr/local/Cellar/arm-gcc-bin@10/10-2020-q4-major/bin/../lib/gcc/arm-none-eabi/10.2.1/../../../../arm-none-eabi/lib/thumb/v6-m/nofp/libc_nano.a(lib_a-wsetup.o)
                0x0000000008006c44                __swsetup_r
 .text.abort    0x0000000008006d34        0xe /usr/local/Cellar/arm-gcc-bin@10/10-2020-q4-major/bin/../lib/gcc/arm-none-eabi/10.2.1/../../../../arm-none-eabi/lib/thumb/v6-m/nofp/libc_nano.a(lib_a-abort.o)
                0x0000000008006d34                abort
 *fill*         0x0000000008006d42        0x2 
 .text.__sflush_r
                0x0000000008006d44      0x118 /usr/local/Cellar/arm-gcc-bin@10/10-2020-q4-major/bin/../lib/gcc/arm-none-eabi/10.2.1/../../../../arm-none-eabi/lib/thumb/v6-m/nofp/libc_nano.a(lib_a-fflush.o)
                0x0000000008006d44                __sflush_r
 .text._fflush_r
                0x0000000008006e5c       0x80 /usr/local/Cellar/arm-gcc-bin@10/10-2020-q4-major/bin/../lib/gcc/arm-none-eabi/10.2.1/../../../../arm-none-eabi/lib/thumb/v6-m/nofp/libc_nano.a(lib_a-fflush.o)
                0x0000000008006e5c                _fflush_r
 .text.std      0x0000000008006edc       0x48 /usr/local/Cellar/arm-gcc-bin@10/10-2020-q4-major/bin/../lib/gcc/arm-none-eabi/10.2.1/../../../../arm-none-eabi/lib/thumb/v6-m/nofp/libc_nano.a(lib_a-findfp.o)
 .text._cleanup_r
                0x0000000008006f24       0x10 /usr/local/Cellar/arm-gcc-bin@10/10-2020-q4-major/bin/../lib/gcc/arm-none-eabi/10.2.1/../../../../arm-none-eabi/lib/thumb/v6-m/nofp/libc_nano.a(lib_a-findfp.o)
                0x0000000008006f24                _cleanup_r
 .text.__sfmoreglue
                0x0000000008006f34       0x2c /usr/local/Cellar/arm-gcc-bin@10/10-2020-q4-major/bin/../lib/gcc/arm-none-eabi/10.2.1/../../../../arm-none-eabi/lib/thumb/v6-m/nofp/libc_nano.a(lib_a-findfp.o)
                0x0000000008006f34                __sfmoreglue
 .text.__sfp_lock_acquire
                0x0000000008006f60       0x10 /usr/local/Cellar/arm-gcc-bin@10/10-2020-q4-major/bin/../lib/gcc/arm-none-eabi/10.2.1/../../../../arm-none-eabi/lib/thumb/v6-m/nofp/libc_nano.a(lib_a-findfp.o)
                0x0000000008006f60                __sfp_lock_acquire
 .text.__sfp_lock_release
                0x0000000008006f70       0x10 /usr/local/Cellar/arm-gcc-bin@10/10-2020-q4-major/bin/../lib/gcc/arm-none-eabi/10.2.1/../../../../arm-none-eabi/lib/thumb/v6-m/nofp/libc_nano.a(lib_a-findfp.o)
                0x0000000008006f70                __sfp_lock_release
 .text.__sinit_lock_acquire
                0x0000000008006f80       0x10 /usr/local/Cellar/arm-gcc-bin@10/10-2020-q4-major/bin/../lib/gcc/arm-none-eabi/10.2.1/../../../../arm-none-eabi/lib/thumb/v6-m/nofp/libc_nano.a(lib_a-findfp.o)
                0x0000000008006f80                __sinit_lock_acquire
 .text.__sinit_lock_release
                0x0000000008006f90       0x10 /usr/local/Cellar/arm-gcc-bin@10/10-2020-q4-major/bin/../lib/gcc/arm-none-eabi/10.2.1/../../../../arm-none-eabi/lib/thumb/v6-m/nofp/libc_nano.a(lib_a-findfp.o)
                0x0000000008006f90                __sinit_lock_release
 .text.__sinit  0x0000000008006fa0       0x70 /usr/local/Cellar/arm-gcc-bin@10/10-2020-q4-major/bin/../lib/gcc/arm-none-eabi/10.2.1/../../../../arm-none-eabi/lib/thumb/v6-m/nofp/libc_nano.a(lib_a-findfp.o)
                0x0000000008006fa0                __sinit
 .text.__sfp    0x0000000008007010       0x90 /usr/local/Cellar/arm-gcc-bin@10/10-2020-q4-major/bin/../lib/gcc/arm-none-eabi/10.2.1/../../../../arm-none-eabi/lib/thumb/v6-m/nofp/libc_nano.a(lib_a-findfp.o)
                0x0000000008007010                __sfp
 .text._fwalk_reent
                0x00000000080070a0       0x40 /usr/local/Cellar/arm-gcc-bin@10/10-2020-q4-major/bin/../lib/gcc/arm-none-eabi/10.2.1/../../../../arm-none-eabi/lib/thumb/v6-m/nofp/libc_nano.a(lib_a-fwalk.o)
                0x00000000080070a0                _fwalk_reent
 .text.__swhatbuf_r
                0x00000000080070e0       0x50 /usr/local/Cellar/arm-gcc-bin@10/10-2020-q4-major/bin/../lib/gcc/arm-none-eabi/10.2.1/../../../../arm-none-eabi/lib/thumb/v6-m/nofp/libc_nano.a(lib_a-makebuf.o)
                0x00000000080070e0                __swhatbuf_r
 .text.__smakebuf_r
                0x0000000008007130       0x88 /usr/local/Cellar/arm-gcc-bin@10/10-2020-q4-major/bin/../lib/gcc/arm-none-eabi/10.2.1/../../../../arm-none-eabi/lib/thumb/v6-m/nofp/libc_nano.a(lib_a-makebuf.o)
                0x0000000008007130                __smakebuf_r
 .text._malloc_usable_size_r
                0x00000000080071b8       0x10 /usr/local/Cellar/arm-gcc-bin@10/10-2020-q4-major/bin/../lib/gcc/arm-none-eabi/10.2.1/../../../../arm-none-eabi/lib/thumb/v6-m/nofp/libc_nano.a(lib_a-nano-msizer.o)
                0x00000000080071b8                _malloc_usable_size_r
 .text._raise_r
                0x00000000080071c8       0x54 /usr/local/Cellar/arm-gcc-bin@10/10-2020-q4-major/bin/../lib/gcc/arm-none-eabi/10.2.1/../../../../arm-none-eabi/lib/thumb/v6-m/nofp/libc_nano.a(lib_a-signal.o)
                0x00000000080071c8                _raise_r
 .text.raise    0x000000000800721c       0x14 /usr/local/Cellar/arm-gcc-bin@10/10-2020-q4-major/bin/../lib/gcc/arm-none-eabi/10.2.1/../../../../arm-none-eabi/lib/thumb/v6-m/nofp/libc_nano.a(lib_a-signal.o)
                0x000000000800721c                raise
 .text._kill_r  0x0000000008007230       0x24 /usr/local/Cellar/arm-gcc-bin@10/10-2020-q4-major/bin/../lib/gcc/arm-none-eabi/10.2.1/../../../../arm-none-eabi/lib/thumb/v6-m/nofp/libc_nano.a(lib_a-signalr.o)
                0x0000000008007230                _kill_r
 .text._getpid_r
                0x0000000008007254        0x8 /usr/local/Cellar/arm-gcc-bin@10/10-2020-q4-major/bin/../lib/gcc/arm-none-eabi/10.2.1/../../../../arm-none-eabi/lib/thumb/v6-m/nofp/libc_nano.a(lib_a-signalr.o)
                0x0000000008007254                _getpid_r
 .text.__sread  0x000000000800725c       0x28 /usr/local/Cellar/arm-gcc-bin@10/10-2020-q4-major/bin/../lib/gcc/arm-none-eabi/10.2.1/../../../../arm-none-eabi/lib/thumb/v6-m/nofp/libc_nano.a(lib_a-stdio.o)
                0x000000000800725c                __sread
 .text.__swrite
                0x0000000008007284       0x38 /usr/local/Cellar/arm-gcc-bin@10/10-2020-q4-major/bin/../lib/gcc/arm-none-eabi/10.2.1/../../../../arm-none-eabi/lib/thumb/v6-m/nofp/libc_nano.a(lib_a-stdio.o)
                0x0000000008007284                __swrite
 .text.__sseek  0x00000000080072bc       0x2c /usr/local/Cellar/arm-gcc-bin@10/10-2020-q4-major/bin/../lib/gcc/arm-none-eabi/10.2.1/../../../../arm-none-eabi/lib/thumb/v6-m/nofp/libc_nano.a(lib_a-stdio.o)
                0x00000000080072bc                __sseek
 .text.__sclose
                0x00000000080072e8        0xc /usr/local/Cellar/arm-gcc-bin@10/10-2020-q4-major/bin/../lib/gcc/arm-none-eabi/10.2.1/../../../../arm-none-eabi/lib/thumb/v6-m/nofp/libc_nano.a(lib_a-stdio.o)
                0x00000000080072e8                __sclose
 .text._write_r
                0x00000000080072f4       0x28 /usr/local/Cellar/arm-gcc-bin@10/10-2020-q4-major/bin/../lib/gcc/arm-none-eabi/10.2.1/../../../../arm-none-eabi/lib/thumb/v6-m/nofp/libc_nano.a(lib_a-writer.o)
                0x00000000080072f4                _write_r
 .text._close_r
                0x000000000800731c       0x24 /usr/local/Cellar/arm-gcc-bin@10/10-2020-q4-major/bin/../lib/gcc/arm-none-eabi/10.2.1/../../../../arm-none-eabi/lib/thumb/v6-m/nofp/libc_nano.a(lib_a-closer.o)
                0x000000000800731c                _close_r
 .text._fstat_r
                0x0000000008007340       0x24 /usr/local/Cellar/arm-gcc-bin@10/10-2020-q4-major/bin/../lib/gcc/arm-none-eabi/10.2.1/../../../../arm-none-eabi/lib/thumb/v6-m/nofp/libc_nano.a(lib_a-fstatr.o)
                0x0000000008007340                _fstat_r
 .text._isatty_r
                0x0000000008007364       0x24 /usr/local/Cellar/arm-gcc-bin@10/10-2020-q4-major/bin/../lib/gcc/arm-none-eabi/10.2.1/../../../../arm-none-eabi/lib/thumb/v6-m/nofp/libc_nano.a(lib_a-isattyr.o)
                0x0000000008007364                _isatty_r
 .text._lseek_r
                0x0000000008007388       0x28 /usr/local/Cellar/arm-gcc-bin@10/10-2020-q4-major/bin/../lib/gcc/arm-none-eabi/10.2.1/../../../../arm-none-eabi/lib/thumb/v6-m/nofp/libc_nano.a(lib_a-lseekr.o)
                0x0000000008007388                _lseek_r
 .text._read_r  0x00000000080073b0       0x28 /usr/local/Cellar/arm-gcc-bin@10/10-2020-q4-major/bin/../lib/gcc/arm-none-eabi/10.2.1/../../../../arm-none-eabi/lib/thumb/v6-m/nofp/libc_nano.a(lib_a-readr.o)
                0x00000000080073b0                _read_r
 .text._close   0x00000000080073d8       0x10 /usr/local/Cellar/arm-gcc-bin@10/10-2020-q4-major/bin/../lib/gcc/arm-none-eabi/10.2.1/../../../../arm-none-eabi/lib/thumb/v6-m/nofp/libnosys.a(close.o)
                0x00000000080073d8                _close
 .text._fstat   0x00000000080073e8       0x10 /usr/local/Cellar/arm-gcc-bin@10/10-2020-q4-major/bin/../lib/gcc/arm-none-eabi/10.2.1/../../../../arm-none-eabi/lib/thumb/v6-m/nofp/libnosys.a(fstat.o)
                0x00000000080073e8                _fstat
 .text._getpid  0x00000000080073f8       0x10 /usr/local/Cellar/arm-gcc-bin@10/10-2020-q4-major/bin/../lib/gcc/arm-none-eabi/10.2.1/../../../../arm-none-eabi/lib/thumb/v6-m/nofp/libnosys.a(getpid.o)
                0x00000000080073f8                _getpid
 .text._isatty  0x0000000008007408       0x10 /usr/local/Cellar/arm-gcc-bin@10/10-2020-q4-major/bin/../lib/gcc/arm-none-eabi/10.2.1/../../../../arm-none-eabi/lib/thumb/v6-m/nofp/libnosys.a(isatty.o)
                0x0000000008007408                _isatty
 .text._kill    0x0000000008007418       0x10 /usr/local/Cellar/arm-gcc-bin@10/10-2020-q4-major/bin/../lib/gcc/arm-none-eabi/10.2.1/../../../../arm-none-eabi/lib/thumb/v6-m/nofp/libnosys.a(kill.o)
                0x0000000008007418                _kill
 .text._lseek   0x0000000008007428       0x10 /usr/local/Cellar/arm-gcc-bin@10/10-2020-q4-major/bin/../lib/gcc/arm-none-eabi/10.2.1/../../../../arm-none-eabi/lib/thumb/v6-m/nofp/libnosys.a(lseek.o)
                0x0000000008007428                _lseek
 .text._read    0x0000000008007438       0x10 /usr/local/Cellar/arm-gcc-bin@10/10-2020-q4-major/bin/../lib/gcc/arm-none-eabi/10.2.1/../../../../arm-none-eabi/lib/thumb/v6-m/nofp/libnosys.a(read.o)
                0x0000000008007438                _read
 .text._sbrk    0x0000000008007448       0x1c /usr/local/Cellar/arm-gcc-bin@10/10-2020-q4-major/bin/../lib/gcc/arm-none-eabi/10.2.1/../../../../arm-none-eabi/lib/thumb/v6-m/nofp/libnosys.a(sbrk.o)
                0x0000000008007448                _sbrk
 .text._write   0x0000000008007464       0x10 /usr/local/Cellar/arm-gcc-bin@10/10-2020-q4-major/bin/../lib/gcc/arm-none-eabi/10.2.1/../../../../arm-none-eabi/lib/thumb/v6-m/nofp/libnosys.a(write.o)
                0x0000000008007464                _write
 .text._exit    0x0000000008007474        0x4 /usr/local/Cellar/arm-gcc-bin@10/10-2020-q4-major/bin/../lib/gcc/arm-none-eabi/10.2.1/../../../../arm-none-eabi/lib/thumb/v6-m/nofp/libnosys.a(_exit.o)
                0x0000000008007474                _exit
 *(.glue_7)
 .glue_7        0x0000000008007478        0x0 linker stubs
 *(.glue_7t)
 .glue_7t       0x0000000008007478        0x0 linker stubs
 *(.eh_frame)
 .eh_frame      0x0000000008007478        0x0 /usr/local/Cellar/arm-gcc-bin@10/10-2020-q4-major/bin/../lib/gcc/arm-none-eabi/10.2.1/thumb/v6-m/nofp/crtbegin.o
 *(.init)
 .init          0x0000000008007478        0x4 /usr/local/Cellar/arm-gcc-bin@10/10-2020-q4-major/bin/../lib/gcc/arm-none-eabi/10.2.1/thumb/v6-m/nofp/crti.o
                0x0000000008007478                _init
 .init          0x000000000800747c        0x8 /usr/local/Cellar/arm-gcc-bin@10/10-2020-q4-major/bin/../lib/gcc/arm-none-eabi/10.2.1/thumb/v6-m/nofp/crtn.o
 *(.fini)
 .fini          0x0000000008007484        0x4 /usr/local/Cellar/arm-gcc-bin@10/10-2020-q4-major/bin/../lib/gcc/arm-none-eabi/10.2.1/thumb/v6-m/nofp/crti.o
                0x0000000008007484                _fini
 .fini          0x0000000008007488        0x8 /usr/local/Cellar/arm-gcc-bin@10/10-2020-q4-major/bin/../lib/gcc/arm-none-eabi/10.2.1/thumb/v6-m/nofp/crtn.o
                0x0000000008007490                . = ALIGN (0x4)
                0x0000000008007490                _etext = .

.vfp11_veneer   0x0000000008007490        0x0
 .vfp11_veneer  0x0000000008007490        0x0 linker stubs

.v4_bx          0x0000000008007490        0x0
 .v4_bx         0x0000000008007490        0x0 linker stubs

.iplt           0x0000000008007490        0x0
 .iplt          0x0000000008007490        0x0 /usr/local/Cellar/arm-gcc-bin@10/10-2020-q4-major/bin/../lib/gcc/arm-none-eabi/10.2.1/thumb/v6-m/nofp/crtbegin.o

.rodata         0x0000000008007490      0x5d4
                0x0000000008007490                . = ALIGN (0x4)
 *(.rodata)
 .rodata        0x0000000008007490       0x80 build/main.o
 .rodata        0x0000000008007510       0x40 /usr/local/Cellar/arm-gcc-bin@10/10-2020-q4-major/bin/../lib/gcc/arm-none-eabi/10.2.1/thumb/v6-m/nofp/libgcc.a(divdf3.o)
 .rodata        0x0000000008007550       0x40 /usr/local/Cellar/arm-gcc-bin@10/10-2020-q4-major/bin/../lib/gcc/arm-none-eabi/10.2.1/thumb/v6-m/nofp/libgcc.a(muldf3.o)
 *(.rodata*)
 .rodata.heatshrink_encoder_poll
                0x0000000008007590       0x28 build/heatshrink_encoder.o
 .rodata.main.str1.4
                0x00000000080075b8       0x91 build/main.o
 *fill*         0x0000000008007649        0x3 
 .rodata.AHBPrescTable
                0x000000000800764c       0x10 build/system_stm32f0xx.o
                0x000000000800764c                AHBPrescTable
 .rodata.APBPrescTable
                0x000000000800765c        0x8 build/system_stm32f0xx.o
                0x000000000800765c                APBPrescTable
 .rodata.HAL_RCC_GetSysClockFreq.str1.4
                0x0000000008007664       0x25 build/stm32f0xx_hal_rcc.o
 *fill*         0x0000000008007689        0x3 
 .rodata._global_impure_ptr
                0x000000000800768c        0x4 /usr/local/Cellar/arm-gcc-bin@10/10-2020-q4-major/bin/../lib/gcc/arm-none-eabi/10.2.1/../../../../arm-none-eabi/lib/thumb/v6-m/nofp/libc_nano.a(lib_a-impure.o)
                0x000000000800768c                _global_impure_ptr
 .rodata._printf_float.str1.1
                0x0000000008007690       0x12 /usr/local/Cellar/arm-gcc-bin@10/10-2020-q4-major/bin/../lib/gcc/arm-none-eabi/10.2.1/../../../../arm-none-eabi/lib/thumb/v6-m/nofp/libc_nano.a(lib_a-nano-vfprintf_float.o)
 .rodata._printf_i.str1.1
                0x00000000080076a2       0x22 /usr/local/Cellar/arm-gcc-bin@10/10-2020-q4-major/bin/../lib/gcc/arm-none-eabi/10.2.1/../../../../arm-none-eabi/lib/thumb/v6-m/nofp/libc_nano.a(lib_a-nano-vfprintf_i.o)
 .rodata._dtoa_r.str1.1
                0x00000000080076c4       0x8e /usr/local/Cellar/arm-gcc-bin@10/10-2020-q4-major/bin/../lib/gcc/arm-none-eabi/10.2.1/../../../../arm-none-eabi/lib/thumb/v6-m/nofp/libc_nano.a(lib_a-dtoa.o)
                                         0x90 (size before relaxing)
 .rodata._Balloc.str1.1
                0x0000000008007752       0x5a /usr/local/Cellar/arm-gcc-bin@10/10-2020-q4-major/bin/../lib/gcc/arm-none-eabi/10.2.1/../../../../arm-none-eabi/lib/thumb/v6-m/nofp/libc_nano.a(lib_a-mprec.o)
                                         0x71 (size before relaxing)
 .rodata.__multadd.str1.1
                0x00000000080077ac       0x11 /usr/local/Cellar/arm-gcc-bin@10/10-2020-q4-major/bin/../lib/gcc/arm-none-eabi/10.2.1/../../../../arm-none-eabi/lib/thumb/v6-m/nofp/libc_nano.a(lib_a-mprec.o)
 *fill*         0x00000000080077ac        0x4 
 .rodata.__mprec_bigtens
                0x00000000080077b0       0x28 /usr/local/Cellar/arm-gcc-bin@10/10-2020-q4-major/bin/../lib/gcc/arm-none-eabi/10.2.1/../../../../arm-none-eabi/lib/thumb/v6-m/nofp/libc_nano.a(lib_a-mprec.o)
                0x00000000080077b0                __mprec_bigtens
 .rodata.__mprec_tens
                0x00000000080077d8       0xc8 /usr/local/Cellar/arm-gcc-bin@10/10-2020-q4-major/bin/../lib/gcc/arm-none-eabi/10.2.1/../../../../arm-none-eabi/lib/thumb/v6-m/nofp/libc_nano.a(lib_a-mprec.o)
                0x00000000080077d8                __mprec_tens
 .rodata.p05.0  0x00000000080078a0        0xc /usr/local/Cellar/arm-gcc-bin@10/10-2020-q4-major/bin/../lib/gcc/arm-none-eabi/10.2.1/../../../../arm-none-eabi/lib/thumb/v6-m/nofp/libc_nano.a(lib_a-mprec.o)
 .rodata._svfprintf_r.str1.1
                0x00000000080078ac       0x11 /usr/local/Cellar/arm-gcc-bin@10/10-2020-q4-major/bin/../lib/gcc/arm-none-eabi/10.2.1/../../../../arm-none-eabi/lib/thumb/v6-m/nofp/libc_nano.a(lib_a-nano-svfprintf.o)
 .rodata.__assert_func.str1.1
                0x00000000080078bd       0x3c /usr/local/Cellar/arm-gcc-bin@10/10-2020-q4-major/bin/../lib/gcc/arm-none-eabi/10.2.1/../../../../arm-none-eabi/lib/thumb/v6-m/nofp/libc_nano.a(lib_a-assert.o)
                                         0x3d (size before relaxing)
 .rodata._setlocale_r.str1.1
                0x00000000080078f9        0x8 /usr/local/Cellar/arm-gcc-bin@10/10-2020-q4-major/bin/../lib/gcc/arm-none-eabi/10.2.1/../../../../arm-none-eabi/lib/thumb/v6-m/nofp/libc_nano.a(lib_a-locale.o)
                                          0x9 (size before relaxing)
 .rodata.str1.1
                0x0000000008007901        0x2 /usr/local/Cellar/arm-gcc-bin@10/10-2020-q4-major/bin/../lib/gcc/arm-none-eabi/10.2.1/../../../../arm-none-eabi/lib/thumb/v6-m/nofp/libc_nano.a(lib_a-locale.o)
 .rodata._vfprintf_r.str1.1
                0x0000000008007903       0x11 /usr/local/Cellar/arm-gcc-bin@10/10-2020-q4-major/bin/../lib/gcc/arm-none-eabi/10.2.1/../../../../arm-none-eabi/lib/thumb/v6-m/nofp/libc_nano.a(lib_a-nano-vfprintf.o)
 .rodata._ctype_
                0x0000000008007903      0x101 /usr/local/Cellar/arm-gcc-bin@10/10-2020-q4-major/bin/../lib/gcc/arm-none-eabi/10.2.1/../../../../arm-none-eabi/lib/thumb/v6-m/nofp/libc_nano.a(lib_a-ctype_.o)
                0x0000000008007903                _ctype_
 .rodata.__sf_fake_stderr
                0x0000000008007a04       0x20 /usr/local/Cellar/arm-gcc-bin@10/10-2020-q4-major/bin/../lib/gcc/arm-none-eabi/10.2.1/../../../../arm-none-eabi/lib/thumb/v6-m/nofp/libc_nano.a(lib_a-findfp.o)
                0x0000000008007a04                __sf_fake_stderr
 .rodata.__sf_fake_stdin
                0x0000000008007a24       0x20 /usr/local/Cellar/arm-gcc-bin@10/10-2020-q4-major/bin/../lib/gcc/arm-none-eabi/10.2.1/../../../../arm-none-eabi/lib/thumb/v6-m/nofp/libc_nano.a(lib_a-findfp.o)
                0x0000000008007a24                __sf_fake_stdin
 .rodata.__sf_fake_stdout
                0x0000000008007a44       0x20 /usr/local/Cellar/arm-gcc-bin@10/10-2020-q4-major/bin/../lib/gcc/arm-none-eabi/10.2.1/../../../../arm-none-eabi/lib/thumb/v6-m/nofp/libc_nano.a(lib_a-findfp.o)
                0x0000000008007a44                __sf_fake_stdout
                0x0000000008007a64                . = ALIGN (0x4)

.rel.dyn        0x0000000008007a64        0x0
 .rel.iplt      0x0000000008007a64        0x0 /usr/local/Cellar/arm-gcc-bin@10/10-2020-q4-major/bin/../lib/gcc/arm-none-eabi/10.2.1/thumb/v6-m/nofp/crtbegin.o

.ARM.extab
 *(.ARM.extab* .gnu.linkonce.armextab.*)

.ARM            0x0000000008007a64        0x0
                0x0000000008007a64                __exidx_start = .
 *(.ARM.exidx*)
                0x0000000008007a64                __exidx_end = .

.preinit_array  0x0000000008007a64        0x0
                0x0000000008007a64                PROVIDE (__preinit_array_start = .)
 *(.preinit_array*)
                0x0000000008007a64                PROVIDE (__preinit_array_end = .)

.init_array     0x0000000008007a64        0x4
                0x0000000008007a64                PROVIDE (__init_array_start = .)
 *(SORT_BY_NAME(.init_array.*))
 *(.init_array*)
 .init_array    0x0000000008007a64        0x4 /usr/local/Cellar/arm-gcc-bin@10/10-2020-q4-major/bin/../lib/gcc/arm-none-eabi/10.2.1/thumb/v6-m/nofp/crtbegin.o
                0x0000000008007a68                PROVIDE (__init_array_end = .)

.fini_array     0x0000000008007a68        0x4
                [!provide]                        PROVIDE (__fini_array_start = .)
 *(SORT_BY_NAME(.fini_array.*))
 *(.fini_array*)
 .fini_array    0x0000000008007a68        0x4 /usr/local/Cellar/arm-gcc-bin@10/10-2020-q4-major/bin/../lib/gcc/arm-none-eabi/10.2.1/thumb/v6-m/nofp/crtbegin.o
                [!provide]                        PROVIDE (__fini_array_end = .)
                0x0000000008007a6c                _sidata = LOADADDR (.data)

.data           0x0000000020000000      0x1dc load address 0x0000000008007a6c
                0x0000000020000000                . = ALIGN (0x4)
                0x0000000020000000                _sdata = .
 *(.data)
 *(.data*)
 .data.SystemCoreClock
                0x0000000020000000        0x4 build/system_stm32f0xx.o
                0x0000000020000000                SystemCoreClock
 .data.uwTickFreq
                0x0000000020000004        0x1 build/stm32f0xx_hal.o
                0x0000000020000004                uwTickFreq
 *fill*         0x0000000020000005        0x3 
 .data.uwTickPrio
                0x0000000020000008        0x4 build/stm32f0xx_hal.o
                0x0000000020000008                uwTickPrio
 .data._impure_ptr
                0x000000002000000c        0x4 /usr/local/Cellar/arm-gcc-bin@10/10-2020-q4-major/bin/../lib/gcc/arm-none-eabi/10.2.1/../../../../arm-none-eabi/lib/thumb/v6-m/nofp/libc_nano.a(lib_a-impure.o)
                0x000000002000000c                _impure_ptr
 .data.impure_data
                0x0000000020000010       0x60 /usr/local/Cellar/arm-gcc-bin@10/10-2020-q4-major/bin/../lib/gcc/arm-none-eabi/10.2.1/../../../../arm-none-eabi/lib/thumb/v6-m/nofp/libc_nano.a(lib_a-impure.o)
 .data.__global_locale
                0x0000000020000070      0x16c /usr/local/Cellar/arm-gcc-bin@10/10-2020-q4-major/bin/../lib/gcc/arm-none-eabi/10.2.1/../../../../arm-none-eabi/lib/thumb/v6-m/nofp/libc_nano.a(lib_a-locale.o)
                0x0000000020000070                __global_locale
                0x00000000200001dc                . = ALIGN (0x4)
                0x00000000200001dc                _edata = .

.igot.plt       0x00000000200001dc        0x0 load address 0x0000000008007c48
 .igot.plt      0x00000000200001dc        0x0 /usr/local/Cellar/arm-gcc-bin@10/10-2020-q4-major/bin/../lib/gcc/arm-none-eabi/10.2.1/thumb/v6-m/nofp/crtbegin.o
                0x00000000200001dc                . = ALIGN (0x4)

.bss            0x00000000200001dc     0x181c load address 0x0000000008007c48
                0x00000000200001dc                _sbss = .
                0x00000000200001dc                __bss_start__ = _sbss
 *(.bss)
 .bss           0x00000000200001dc       0x1c /usr/local/Cellar/arm-gcc-bin@10/10-2020-q4-major/bin/../lib/gcc/arm-none-eabi/10.2.1/thumb/v6-m/nofp/crtbegin.o
 *(.bss*)
 .bss.accX      0x00000000200001f8        0x2 build/main.o
                0x00000000200001f8                accX
 .bss.accXH     0x00000000200001fa        0x1 build/main.o
                0x00000000200001fa                accXH
 .bss.accXL     0x00000000200001fb        0x1 build/main.o
                0x00000000200001fb                accXL
 .bss.accY      0x00000000200001fc        0x2 build/main.o
                0x00000000200001fc                accY
 .bss.accYH     0x00000000200001fe        0x1 build/main.o
                0x00000000200001fe                accYH
 .bss.accYL     0x00000000200001ff        0x1 build/main.o
                0x00000000200001ff                accYL
 .bss.accZ      0x0000000020000200        0x2 build/main.o
                0x0000000020000200                accZ
 .bss.accZH     0x0000000020000202        0x1 build/main.o
                0x0000000020000202                accZH
 .bss.accZL     0x0000000020000203        0x1 build/main.o
                0x0000000020000203                accZL
 .bss.buffer1   0x0000000020000204       0x40 build/main.o
                0x0000000020000204                buffer1
 .bss.buffer2   0x0000000020000244      0x578 build/main.o
                0x0000000020000244                buffer2
 .bss.compressed
                0x00000000200007bc      0x578 build/main.o
                0x00000000200007bc                compressed
 .bss.encrypted
                0x0000000020000d34      0x578 build/main.o
                0x0000000020000d34                encrypted
 .bss.gyroX     0x00000000200012ac        0x2 build/main.o
                0x00000000200012ac                gyroX
 .bss.gyroXH    0x00000000200012ae        0x1 build/main.o
                0x00000000200012ae                gyroXH
 .bss.gyroXL    0x00000000200012af        0x1 build/main.o
                0x00000000200012af                gyroXL
 .bss.gyroY     0x00000000200012b0        0x2 build/main.o
                0x00000000200012b0                gyroY
 .bss.gyroYH    0x00000000200012b2        0x1 build/main.o
                0x00000000200012b2                gyroYH
 .bss.gyroYL    0x00000000200012b3        0x1 build/main.o
                0x00000000200012b3                gyroYL
 .bss.gyroZ     0x00000000200012b4        0x2 build/main.o
                0x00000000200012b4                gyroZ
 .bss.gyroZH    0x00000000200012b6        0x1 build/main.o
                0x00000000200012b6                gyroZH
 .bss.gyroZL    0x00000000200012b7        0x1 build/main.o
                0x00000000200012b7                gyroZL
 .bss.header    0x00000000200012b8       0x40 build/main.o
                0x00000000200012b8                header
 .bss.hi2c1     0x00000000200012f8       0x4c build/main.o
                0x00000000200012f8                hi2c1
 .bss.hse.0     0x0000000020001344      0x612 build/main.o
 *fill*         0x0000000020001956        0x2 
 .bss.huart1    0x0000000020001958       0x84 build/main.o
                0x0000000020001958                huart1
 .bss.time1     0x00000000200019dc        0x4 build/main.o
                0x00000000200019dc                time1
 .bss.uwTick    0x00000000200019e0        0x4 build/stm32f0xx_hal.o
                0x00000000200019e0                uwTick
 .bss.__malloc_free_list
                0x00000000200019e4        0x4 /usr/local/Cellar/arm-gcc-bin@10/10-2020-q4-major/bin/../lib/gcc/arm-none-eabi/10.2.1/../../../../arm-none-eabi/lib/thumb/v6-m/nofp/libc_nano.a(lib_a-nano-mallocr.o)
                0x00000000200019e4                __malloc_free_list
 .bss.__malloc_sbrk_start
                0x00000000200019e8        0x4 /usr/local/Cellar/arm-gcc-bin@10/10-2020-q4-major/bin/../lib/gcc/arm-none-eabi/10.2.1/../../../../arm-none-eabi/lib/thumb/v6-m/nofp/libc_nano.a(lib_a-nano-mallocr.o)
                0x00000000200019e8                __malloc_sbrk_start
 .bss.errno     0x00000000200019ec        0x4 /usr/local/Cellar/arm-gcc-bin@10/10-2020-q4-major/bin/../lib/gcc/arm-none-eabi/10.2.1/../../../../arm-none-eabi/lib/thumb/v6-m/nofp/libc_nano.a(lib_a-reent.o)
                0x00000000200019ec                errno
 .bss.__lock___malloc_recursive_mutex
                0x00000000200019f0        0x1 /usr/local/Cellar/arm-gcc-bin@10/10-2020-q4-major/bin/../lib/gcc/arm-none-eabi/10.2.1/../../../../arm-none-eabi/lib/thumb/v6-m/nofp/libc_nano.a(lib_a-lock.o)
                0x00000000200019f0                __lock___malloc_recursive_mutex
 .bss.__lock___sfp_recursive_mutex
                0x00000000200019f1        0x1 /usr/local/Cellar/arm-gcc-bin@10/10-2020-q4-major/bin/../lib/gcc/arm-none-eabi/10.2.1/../../../../arm-none-eabi/lib/thumb/v6-m/nofp/libc_nano.a(lib_a-lock.o)
                0x00000000200019f1                __lock___sfp_recursive_mutex
 .bss.__lock___sinit_recursive_mutex
                0x00000000200019f2        0x1 /usr/local/Cellar/arm-gcc-bin@10/10-2020-q4-major/bin/../lib/gcc/arm-none-eabi/10.2.1/../../../../arm-none-eabi/lib/thumb/v6-m/nofp/libc_nano.a(lib_a-lock.o)
                0x00000000200019f2                __lock___sinit_recursive_mutex
 *fill*         0x00000000200019f3        0x1 
 .bss.heap_end.0
                0x00000000200019f4        0x4 /usr/local/Cellar/arm-gcc-bin@10/10-2020-q4-major/bin/../lib/gcc/arm-none-eabi/10.2.1/../../../../arm-none-eabi/lib/thumb/v6-m/nofp/libnosys.a(sbrk.o)
 *(COMMON)
                0x00000000200019f8                . = ALIGN (0x4)
                0x00000000200019f8                _ebss = .
                0x00000000200019f8                __bss_end__ = _ebss

._user_heap_stack
                0x00000000200019f8      0x600 load address 0x0000000008007c48
                0x00000000200019f8                . = ALIGN (0x8)
                0x00000000200019f8                PROVIDE (end = .)
                [!provide]                        PROVIDE (_end = .)
                0x0000000020001bf8                . = (. + _Min_Heap_Size)
 *fill*         0x00000000200019f8      0x200 
                0x0000000020001ff8                . = (. + _Min_Stack_Size)
 *fill*         0x0000000020001bf8      0x400 
                0x0000000020001ff8                . = ALIGN (0x8)

/DISCARD/
 libc.a(*)
 libm.a(*)
 libgcc.a(*)

.ARM.attributes
                0x0000000000000000       0x28
 *(.ARM.attributes)
 .ARM.attributes
                0x0000000000000000       0x1e /usr/local/Cellar/arm-gcc-bin@10/10-2020-q4-major/bin/../lib/gcc/arm-none-eabi/10.2.1/thumb/v6-m/nofp/crti.o
 .ARM.attributes
                0x000000000000001e       0x2c /usr/local/Cellar/arm-gcc-bin@10/10-2020-q4-major/bin/../lib/gcc/arm-none-eabi/10.2.1/thumb/v6-m/nofp/crtbegin.o
 .ARM.attributes
                0x000000000000004a       0x2c build/heatshrink_encoder.o
 .ARM.attributes
                0x0000000000000076       0x2c build/main.o
 .ARM.attributes
                0x00000000000000a2       0x2c build/stm32f0xx_hal_msp.o
 .ARM.attributes
                0x00000000000000ce       0x2c build/stm32f0xx_it.o
 .ARM.attributes
                0x00000000000000fa       0x2c build/system_stm32f0xx.o
 .ARM.attributes
                0x0000000000000126       0x2c build/stm32f0xx_hal.o
 .ARM.attributes
                0x0000000000000152       0x2c build/stm32f0xx_hal_cortex.o
 .ARM.attributes
                0x000000000000017e       0x2c build/stm32f0xx_hal_gpio.o
 .ARM.attributes
                0x00000000000001aa       0x2c build/stm32f0xx_hal_i2c.o
 .ARM.attributes
                0x00000000000001d6       0x2c build/stm32f0xx_hal_i2c_ex.o
 .ARM.attributes
                0x0000000000000202       0x2c build/stm32f0xx_hal_rcc.o
 .ARM.attributes
                0x000000000000022e       0x2c build/stm32f0xx_hal_rcc_ex.o
 .ARM.attributes
                0x000000000000025a       0x2c build/stm32f0xx_hal_uart.o
 .ARM.attributes
                0x0000000000000286       0x21 build/startup_stm32f051x8.o
 .ARM.attributes
                0x00000000000002a7       0x2c /usr/local/Cellar/arm-gcc-bin@10/10-2020-q4-major/bin/../lib/gcc/arm-none-eabi/10.2.1/../../../../arm-none-eabi/lib/thumb/v6-m/nofp/libc_nano.a(lib_a-calloc.o)
 .ARM.attributes
                0x00000000000002d3       0x2c /usr/local/Cellar/arm-gcc-bin@10/10-2020-q4-major/bin/../lib/gcc/arm-none-eabi/10.2.1/../../../../arm-none-eabi/lib/thumb/v6-m/nofp/libc_nano.a(lib_a-exit.o)
 .ARM.attributes
                0x00000000000002ff       0x2c /usr/local/Cellar/arm-gcc-bin@10/10-2020-q4-major/bin/../lib/gcc/arm-none-eabi/10.2.1/../../../../arm-none-eabi/lib/thumb/v6-m/nofp/libc_nano.a(lib_a-impure.o)
 .ARM.attributes
                0x000000000000032b       0x2c /usr/local/Cellar/arm-gcc-bin@10/10-2020-q4-major/bin/../lib/gcc/arm-none-eabi/10.2.1/../../../../arm-none-eabi/lib/thumb/v6-m/nofp/libc_nano.a(lib_a-init.o)
 .ARM.attributes
                0x0000000000000357       0x2c /usr/local/Cellar/arm-gcc-bin@10/10-2020-q4-major/bin/../lib/gcc/arm-none-eabi/10.2.1/../../../../arm-none-eabi/lib/thumb/v6-m/nofp/libc_nano.a(lib_a-malloc.o)
 .ARM.attributes
                0x0000000000000383       0x2c /usr/local/Cellar/arm-gcc-bin@10/10-2020-q4-major/bin/../lib/gcc/arm-none-eabi/10.2.1/../../../../arm-none-eabi/lib/thumb/v6-m/nofp/libc_nano.a(lib_a-memcpy-stub.o)
 .ARM.attributes
                0x00000000000003af       0x2c /usr/local/Cellar/arm-gcc-bin@10/10-2020-q4-major/bin/../lib/gcc/arm-none-eabi/10.2.1/../../../../arm-none-eabi/lib/thumb/v6-m/nofp/libc_nano.a(lib_a-memmove.o)
 .ARM.attributes
                0x00000000000003db       0x2c /usr/local/Cellar/arm-gcc-bin@10/10-2020-q4-major/bin/../lib/gcc/arm-none-eabi/10.2.1/../../../../arm-none-eabi/lib/thumb/v6-m/nofp/libc_nano.a(lib_a-memset.o)
 .ARM.attributes
                0x0000000000000407       0x2c /usr/local/Cellar/arm-gcc-bin@10/10-2020-q4-major/bin/../lib/gcc/arm-none-eabi/10.2.1/../../../../arm-none-eabi/lib/thumb/v6-m/nofp/libc_nano.a(lib_a-nano-callocr.o)
 .ARM.attributes
                0x0000000000000433       0x2c /usr/local/Cellar/arm-gcc-bin@10/10-2020-q4-major/bin/../lib/gcc/arm-none-eabi/10.2.1/../../../../arm-none-eabi/lib/thumb/v6-m/nofp/libc_nano.a(lib_a-nano-freer.o)
 .ARM.attributes
                0x000000000000045f       0x2c /usr/local/Cellar/arm-gcc-bin@10/10-2020-q4-major/bin/../lib/gcc/arm-none-eabi/10.2.1/../../../../arm-none-eabi/lib/thumb/v6-m/nofp/libc_nano.a(lib_a-nano-mallocr.o)
 .ARM.attributes
                0x000000000000048b       0x2c /usr/local/Cellar/arm-gcc-bin@10/10-2020-q4-major/bin/../lib/gcc/arm-none-eabi/10.2.1/../../../../arm-none-eabi/lib/thumb/v6-m/nofp/libc_nano.a(lib_a-nano-vfprintf_float.o)
 .ARM.attributes
                0x00000000000004b7       0x2c /usr/local/Cellar/arm-gcc-bin@10/10-2020-q4-major/bin/../lib/gcc/arm-none-eabi/10.2.1/../../../../arm-none-eabi/lib/thumb/v6-m/nofp/libc_nano.a(lib_a-nano-vfprintf_i.o)
 .ARM.attributes
                0x00000000000004e3       0x2c /usr/local/Cellar/arm-gcc-bin@10/10-2020-q4-major/bin/../lib/gcc/arm-none-eabi/10.2.1/../../../../arm-none-eabi/lib/thumb/v6-m/nofp/libc_nano.a(lib_a-sbrkr.o)
 .ARM.attributes
                0x000000000000050f       0x2c /usr/local/Cellar/arm-gcc-bin@10/10-2020-q4-major/bin/../lib/gcc/arm-none-eabi/10.2.1/../../../../arm-none-eabi/lib/thumb/v6-m/nofp/libc_nano.a(lib_a-sprintf.o)
 .ARM.attributes
                0x000000000000053b       0x2c /usr/local/Cellar/arm-gcc-bin@10/10-2020-q4-major/bin/../lib/gcc/arm-none-eabi/10.2.1/../../../../arm-none-eabi/lib/thumb/v6-m/nofp/libc_nano.a(lib_a-strcat.o)
 .ARM.attributes
                0x0000000000000567       0x1c /usr/local/Cellar/arm-gcc-bin@10/10-2020-q4-major/bin/../lib/gcc/arm-none-eabi/10.2.1/../../../../arm-none-eabi/lib/thumb/v6-m/nofp/libc_nano.a(lib_a-strlen.o)
 .ARM.attributes
                0x0000000000000583       0x2c /usr/local/Cellar/arm-gcc-bin@10/10-2020-q4-major/bin/../lib/gcc/arm-none-eabi/10.2.1/../../../../arm-none-eabi/lib/thumb/v6-m/nofp/libc_nano.a(lib_a-dtoa.o)
 .ARM.attributes
                0x00000000000005af       0x2c /usr/local/Cellar/arm-gcc-bin@10/10-2020-q4-major/bin/../lib/gcc/arm-none-eabi/10.2.1/../../../../arm-none-eabi/lib/thumb/v6-m/nofp/libc_nano.a(lib_a-localeconv.o)
 .ARM.attributes
                0x00000000000005db       0x2c /usr/local/Cellar/arm-gcc-bin@10/10-2020-q4-major/bin/../lib/gcc/arm-none-eabi/10.2.1/../../../../arm-none-eabi/lib/thumb/v6-m/nofp/libc_nano.a(lib_a-memchr-stub.o)
 .ARM.attributes
                0x0000000000000607       0x2c /usr/local/Cellar/arm-gcc-bin@10/10-2020-q4-major/bin/../lib/gcc/arm-none-eabi/10.2.1/../../../../arm-none-eabi/lib/thumb/v6-m/nofp/libc_nano.a(lib_a-mlock.o)
 .ARM.attributes
                0x0000000000000633       0x2c /usr/local/Cellar/arm-gcc-bin@10/10-2020-q4-major/bin/../lib/gcc/arm-none-eabi/10.2.1/../../../../arm-none-eabi/lib/thumb/v6-m/nofp/libc_nano.a(lib_a-mprec.o)
 .ARM.attributes
                0x000000000000065f       0x2c /usr/local/Cellar/arm-gcc-bin@10/10-2020-q4-major/bin/../lib/gcc/arm-none-eabi/10.2.1/../../../../arm-none-eabi/lib/thumb/v6-m/nofp/libc_nano.a(lib_a-nano-svfprintf.o)
 .ARM.attributes
                0x000000000000068b       0x2c /usr/local/Cellar/arm-gcc-bin@10/10-2020-q4-major/bin/../lib/gcc/arm-none-eabi/10.2.1/../../../../arm-none-eabi/lib/thumb/v6-m/nofp/libc_nano.a(lib_a-reent.o)
 .ARM.attributes
                0x00000000000006b7       0x2c /usr/local/Cellar/arm-gcc-bin@10/10-2020-q4-major/bin/../lib/gcc/arm-none-eabi/10.2.1/../../../../arm-none-eabi/lib/thumb/v6-m/nofp/libc_nano.a(lib_a-assert.o)
 .ARM.attributes
                0x00000000000006e3       0x2c /usr/local/Cellar/arm-gcc-bin@10/10-2020-q4-major/bin/../lib/gcc/arm-none-eabi/10.2.1/../../../../arm-none-eabi/lib/thumb/v6-m/nofp/libc_nano.a(lib_a-fprintf.o)
 .ARM.attributes
                0x000000000000070f       0x2c /usr/local/Cellar/arm-gcc-bin@10/10-2020-q4-major/bin/../lib/gcc/arm-none-eabi/10.2.1/../../../../arm-none-eabi/lib/thumb/v6-m/nofp/libc_nano.a(lib_a-locale.o)
 .ARM.attributes
                0x000000000000073b       0x2c /usr/local/Cellar/arm-gcc-bin@10/10-2020-q4-major/bin/../lib/gcc/arm-none-eabi/10.2.1/../../../../arm-none-eabi/lib/thumb/v6-m/nofp/libc_nano.a(lib_a-lock.o)
 .ARM.attributes
                0x0000000000000767       0x2c /usr/local/Cellar/arm-gcc-bin@10/10-2020-q4-major/bin/../lib/gcc/arm-none-eabi/10.2.1/../../../../arm-none-eabi/lib/thumb/v6-m/nofp/libc_nano.a(lib_a-mbtowc_r.o)
 .ARM.attributes
                0x0000000000000793       0x2c /usr/local/Cellar/arm-gcc-bin@10/10-2020-q4-major/bin/../lib/gcc/arm-none-eabi/10.2.1/../../../../arm-none-eabi/lib/thumb/v6-m/nofp/libc_nano.a(lib_a-nano-reallocr.o)
 .ARM.attributes
                0x00000000000007bf       0x2c /usr/local/Cellar/arm-gcc-bin@10/10-2020-q4-major/bin/../lib/gcc/arm-none-eabi/10.2.1/../../../../arm-none-eabi/lib/thumb/v6-m/nofp/libc_nano.a(lib_a-nano-vfprintf.o)
 .ARM.attributes
                0x00000000000007eb       0x2c /usr/local/Cellar/arm-gcc-bin@10/10-2020-q4-major/bin/../lib/gcc/arm-none-eabi/10.2.1/../../../../arm-none-eabi/lib/thumb/v6-m/nofp/libc_nano.a(lib_a-wbuf.o)
 .ARM.attributes
                0x0000000000000817       0x2c /usr/local/Cellar/arm-gcc-bin@10/10-2020-q4-major/bin/../lib/gcc/arm-none-eabi/10.2.1/../../../../arm-none-eabi/lib/thumb/v6-m/nofp/libc_nano.a(lib_a-wctomb_r.o)
 .ARM.attributes
                0x0000000000000843       0x2c /usr/local/Cellar/arm-gcc-bin@10/10-2020-q4-major/bin/../lib/gcc/arm-none-eabi/10.2.1/../../../../arm-none-eabi/lib/thumb/v6-m/nofp/libc_nano.a(lib_a-wsetup.o)
 .ARM.attributes
                0x000000000000086f       0x2c /usr/local/Cellar/arm-gcc-bin@10/10-2020-q4-major/bin/../lib/gcc/arm-none-eabi/10.2.1/../../../../arm-none-eabi/lib/thumb/v6-m/nofp/libc_nano.a(lib_a-abort.o)
 .ARM.attributes
                0x000000000000089b       0x2c /usr/local/Cellar/arm-gcc-bin@10/10-2020-q4-major/bin/../lib/gcc/arm-none-eabi/10.2.1/../../../../arm-none-eabi/lib/thumb/v6-m/nofp/libc_nano.a(lib_a-ctype_.o)
 .ARM.attributes
                0x00000000000008c7       0x2c /usr/local/Cellar/arm-gcc-bin@10/10-2020-q4-major/bin/../lib/gcc/arm-none-eabi/10.2.1/../../../../arm-none-eabi/lib/thumb/v6-m/nofp/libc_nano.a(lib_a-fflush.o)
 .ARM.attributes
                0x00000000000008f3       0x2c /usr/local/Cellar/arm-gcc-bin@10/10-2020-q4-major/bin/../lib/gcc/arm-none-eabi/10.2.1/../../../../arm-none-eabi/lib/thumb/v6-m/nofp/libc_nano.a(lib_a-findfp.o)
 .ARM.attributes
                0x000000000000091f       0x2c /usr/local/Cellar/arm-gcc-bin@10/10-2020-q4-major/bin/../lib/gcc/arm-none-eabi/10.2.1/../../../../arm-none-eabi/lib/thumb/v6-m/nofp/libc_nano.a(lib_a-fwalk.o)
 .ARM.attributes
                0x000000000000094b       0x2c /usr/local/Cellar/arm-gcc-bin@10/10-2020-q4-major/bin/../lib/gcc/arm-none-eabi/10.2.1/../../../../arm-none-eabi/lib/thumb/v6-m/nofp/libc_nano.a(lib_a-makebuf.o)
 .ARM.attributes
                0x0000000000000977       0x2c /usr/local/Cellar/arm-gcc-bin@10/10-2020-q4-major/bin/../lib/gcc/arm-none-eabi/10.2.1/../../../../arm-none-eabi/lib/thumb/v6-m/nofp/libc_nano.a(lib_a-nano-msizer.o)
 .ARM.attributes
                0x00000000000009a3       0x2c /usr/local/Cellar/arm-gcc-bin@10/10-2020-q4-major/bin/../lib/gcc/arm-none-eabi/10.2.1/../../../../arm-none-eabi/lib/thumb/v6-m/nofp/libc_nano.a(lib_a-signal.o)
 .ARM.attributes
                0x00000000000009cf       0x2c /usr/local/Cellar/arm-gcc-bin@10/10-2020-q4-major/bin/../lib/gcc/arm-none-eabi/10.2.1/../../../../arm-none-eabi/lib/thumb/v6-m/nofp/libc_nano.a(lib_a-signalr.o)
 .ARM.attributes
                0x00000000000009fb       0x2c /usr/local/Cellar/arm-gcc-bin@10/10-2020-q4-major/bin/../lib/gcc/arm-none-eabi/10.2.1/../../../../arm-none-eabi/lib/thumb/v6-m/nofp/libc_nano.a(lib_a-stdio.o)
 .ARM.attributes
                0x0000000000000a27       0x2c /usr/local/Cellar/arm-gcc-bin@10/10-2020-q4-major/bin/../lib/gcc/arm-none-eabi/10.2.1/../../../../arm-none-eabi/lib/thumb/v6-m/nofp/libc_nano.a(lib_a-writer.o)
 .ARM.attributes
                0x0000000000000a53       0x2c /usr/local/Cellar/arm-gcc-bin@10/10-2020-q4-major/bin/../lib/gcc/arm-none-eabi/10.2.1/../../../../arm-none-eabi/lib/thumb/v6-m/nofp/libc_nano.a(lib_a-closer.o)
 .ARM.attributes
                0x0000000000000a7f       0x2c /usr/local/Cellar/arm-gcc-bin@10/10-2020-q4-major/bin/../lib/gcc/arm-none-eabi/10.2.1/../../../../arm-none-eabi/lib/thumb/v6-m/nofp/libc_nano.a(lib_a-fstatr.o)
 .ARM.attributes
                0x0000000000000aab       0x2c /usr/local/Cellar/arm-gcc-bin@10/10-2020-q4-major/bin/../lib/gcc/arm-none-eabi/10.2.1/../../../../arm-none-eabi/lib/thumb/v6-m/nofp/libc_nano.a(lib_a-isattyr.o)
 .ARM.attributes
                0x0000000000000ad7       0x2c /usr/local/Cellar/arm-gcc-bin@10/10-2020-q4-major/bin/../lib/gcc/arm-none-eabi/10.2.1/../../../../arm-none-eabi/lib/thumb/v6-m/nofp/libc_nano.a(lib_a-lseekr.o)
 .ARM.attributes
                0x0000000000000b03       0x2c /usr/local/Cellar/arm-gcc-bin@10/10-2020-q4-major/bin/../lib/gcc/arm-none-eabi/10.2.1/../../../../arm-none-eabi/lib/thumb/v6-m/nofp/libc_nano.a(lib_a-readr.o)
 .ARM.attributes
                0x0000000000000b2f       0x2c /usr/local/Cellar/arm-gcc-bin@10/10-2020-q4-major/bin/../lib/gcc/arm-none-eabi/10.2.1/../../../../arm-none-eabi/lib/thumb/v6-m/nofp/libnosys.a(close.o)
 .ARM.attributes
                0x0000000000000b5b       0x2c /usr/local/Cellar/arm-gcc-bin@10/10-2020-q4-major/bin/../lib/gcc/arm-none-eabi/10.2.1/../../../../arm-none-eabi/lib/thumb/v6-m/nofp/libnosys.a(fstat.o)
 .ARM.attributes
                0x0000000000000b87       0x2c /usr/local/Cellar/arm-gcc-bin@10/10-2020-q4-major/bin/../lib/gcc/arm-none-eabi/10.2.1/../../../../arm-none-eabi/lib/thumb/v6-m/nofp/libnosys.a(getpid.o)
 .ARM.attributes
                0x0000000000000bb3       0x2c /usr/local/Cellar/arm-gcc-bin@10/10-2020-q4-major/bin/../lib/gcc/arm-none-eabi/10.2.1/../../../../arm-none-eabi/lib/thumb/v6-m/nofp/libnosys.a(isatty.o)
 .ARM.attributes
                0x0000000000000bdf       0x2c /usr/local/Cellar/arm-gcc-bin@10/10-2020-q4-major/bin/../lib/gcc/arm-none-eabi/10.2.1/../../../../arm-none-eabi/lib/thumb/v6-m/nofp/libnosys.a(kill.o)
 .ARM.attributes
                0x0000000000000c0b       0x2c /usr/local/Cellar/arm-gcc-bin@10/10-2020-q4-major/bin/../lib/gcc/arm-none-eabi/10.2.1/../../../../arm-none-eabi/lib/thumb/v6-m/nofp/libnosys.a(lseek.o)
 .ARM.attributes
                0x0000000000000c37       0x2c /usr/local/Cellar/arm-gcc-bin@10/10-2020-q4-major/bin/../lib/gcc/arm-none-eabi/10.2.1/../../../../arm-none-eabi/lib/thumb/v6-m/nofp/libnosys.a(read.o)
 .ARM.attributes
                0x0000000000000c63       0x2c /usr/local/Cellar/arm-gcc-bin@10/10-2020-q4-major/bin/../lib/gcc/arm-none-eabi/10.2.1/../../../../arm-none-eabi/lib/thumb/v6-m/nofp/libnosys.a(sbrk.o)
 .ARM.attributes
                0x0000000000000c8f       0x2c /usr/local/Cellar/arm-gcc-bin@10/10-2020-q4-major/bin/../lib/gcc/arm-none-eabi/10.2.1/../../../../arm-none-eabi/lib/thumb/v6-m/nofp/libnosys.a(write.o)
 .ARM.attributes
                0x0000000000000cbb       0x2c /usr/local/Cellar/arm-gcc-bin@10/10-2020-q4-major/bin/../lib/gcc/arm-none-eabi/10.2.1/../../../../arm-none-eabi/lib/thumb/v6-m/nofp/libnosys.a(_exit.o)
 .ARM.attributes
                0x0000000000000ce7       0x1e /usr/local/Cellar/arm-gcc-bin@10/10-2020-q4-major/bin/../lib/gcc/arm-none-eabi/10.2.1/thumb/v6-m/nofp/libgcc.a(_thumb1_case_uqi.o)
 .ARM.attributes
                0x0000000000000d05       0x1e /usr/local/Cellar/arm-gcc-bin@10/10-2020-q4-major/bin/../lib/gcc/arm-none-eabi/10.2.1/thumb/v6-m/nofp/libgcc.a(_thumb1_case_shi.o)
 .ARM.attributes
                0x0000000000000d23       0x1e /usr/local/Cellar/arm-gcc-bin@10/10-2020-q4-major/bin/../lib/gcc/arm-none-eabi/10.2.1/thumb/v6-m/nofp/libgcc.a(_udivsi3.o)
 .ARM.attributes
                0x0000000000000d41       0x1e /usr/local/Cellar/arm-gcc-bin@10/10-2020-q4-major/bin/../lib/gcc/arm-none-eabi/10.2.1/thumb/v6-m/nofp/libgcc.a(_divsi3.o)
 .ARM.attributes
                0x0000000000000d5f       0x1e /usr/local/Cellar/arm-gcc-bin@10/10-2020-q4-major/bin/../lib/gcc/arm-none-eabi/10.2.1/thumb/v6-m/nofp/libgcc.a(_dvmd_tls.o)
 .ARM.attributes
                0x0000000000000d7d       0x1e /usr/local/Cellar/arm-gcc-bin@10/10-2020-q4-major/bin/../lib/gcc/arm-none-eabi/10.2.1/thumb/v6-m/nofp/libgcc.a(_arm_cmpdf2.o)
 .ARM.attributes
                0x0000000000000d9b       0x2c /usr/local/Cellar/arm-gcc-bin@10/10-2020-q4-major/bin/../lib/gcc/arm-none-eabi/10.2.1/thumb/v6-m/nofp/libgcc.a(adddf3.o)
 .ARM.attributes
                0x0000000000000dc7       0x2c /usr/local/Cellar/arm-gcc-bin@10/10-2020-q4-major/bin/../lib/gcc/arm-none-eabi/10.2.1/thumb/v6-m/nofp/libgcc.a(divdf3.o)
 .ARM.attributes
                0x0000000000000df3       0x2c /usr/local/Cellar/arm-gcc-bin@10/10-2020-q4-major/bin/../lib/gcc/arm-none-eabi/10.2.1/thumb/v6-m/nofp/libgcc.a(eqdf2.o)
 .ARM.attributes
                0x0000000000000e1f       0x2c /usr/local/Cellar/arm-gcc-bin@10/10-2020-q4-major/bin/../lib/gcc/arm-none-eabi/10.2.1/thumb/v6-m/nofp/libgcc.a(gedf2.o)
 .ARM.attributes
                0x0000000000000e4b       0x2c /usr/local/Cellar/arm-gcc-bin@10/10-2020-q4-major/bin/../lib/gcc/arm-none-eabi/10.2.1/thumb/v6-m/nofp/libgcc.a(ledf2.o)
 .ARM.attributes
                0x0000000000000e77       0x2c /usr/local/Cellar/arm-gcc-bin@10/10-2020-q4-major/bin/../lib/gcc/arm-none-eabi/10.2.1/thumb/v6-m/nofp/libgcc.a(muldf3.o)
 .ARM.attributes
                0x0000000000000ea3       0x2c /usr/local/Cellar/arm-gcc-bin@10/10-2020-q4-major/bin/../lib/gcc/arm-none-eabi/10.2.1/thumb/v6-m/nofp/libgcc.a(subdf3.o)
 .ARM.attributes
                0x0000000000000ecf       0x2c /usr/local/Cellar/arm-gcc-bin@10/10-2020-q4-major/bin/../lib/gcc/arm-none-eabi/10.2.1/thumb/v6-m/nofp/libgcc.a(unorddf2.o)
 .ARM.attributes
                0x0000000000000efb       0x2c /usr/local/Cellar/arm-gcc-bin@10/10-2020-q4-major/bin/../lib/gcc/arm-none-eabi/10.2.1/thumb/v6-m/nofp/libgcc.a(fixdfsi.o)
 .ARM.attributes
                0x0000000000000f27       0x2c /usr/local/Cellar/arm-gcc-bin@10/10-2020-q4-major/bin/../lib/gcc/arm-none-eabi/10.2.1/thumb/v6-m/nofp/libgcc.a(floatsidf.o)
 .ARM.attributes
                0x0000000000000f53       0x2c /usr/local/Cellar/arm-gcc-bin@10/10-2020-q4-major/bin/../lib/gcc/arm-none-eabi/10.2.1/thumb/v6-m/nofp/libgcc.a(floatunsidf.o)
 .ARM.attributes
                0x0000000000000f7f       0x1e /usr/local/Cellar/arm-gcc-bin@10/10-2020-q4-major/bin/../lib/gcc/arm-none-eabi/10.2.1/thumb/v6-m/nofp/libgcc.a(_clzsi2.o)
 .ARM.attributes
                0x0000000000000f9d       0x1e /usr/local/Cellar/arm-gcc-bin@10/10-2020-q4-major/bin/../lib/gcc/arm-none-eabi/10.2.1/thumb/v6-m/nofp/crtn.o
OUTPUT(build/EEE3097S.elf elf32-littlearm)
LOAD linker stubs
LOAD /usr/local/Cellar/arm-gcc-bin@10/10-2020-q4-major/bin/../lib/gcc/arm-none-eabi/10.2.1/../../../../arm-none-eabi/lib/thumb/v6-m/nofp/libc.a
LOAD /usr/local/Cellar/arm-gcc-bin@10/10-2020-q4-major/bin/../lib/gcc/arm-none-eabi/10.2.1/../../../../arm-none-eabi/lib/thumb/v6-m/nofp/libm.a
LOAD /usr/local/Cellar/arm-gcc-bin@10/10-2020-q4-major/bin/../lib/gcc/arm-none-eabi/10.2.1/thumb/v6-m/nofp/libgcc.a

.debug_info     0x0000000000000000     0xfad8
 .debug_info    0x0000000000000000     0x10ae build/heatshrink_encoder.o
 .debug_info    0x00000000000010ae     0x1ccb build/main.o
 .debug_info    0x0000000000002d79      0xd8b build/stm32f0xx_hal_msp.o
 .debug_info    0x0000000000003b04       0xe8 build/stm32f0xx_it.o
 .debug_info    0x0000000000003bec      0x28b build/system_stm32f0xx.o
 .debug_info    0x0000000000003e77      0x75a build/stm32f0xx_hal.o
 .debug_info    0x00000000000045d1      0x852 build/stm32f0xx_hal_cortex.o
 .debug_info    0x0000000000004e23      0x65d build/stm32f0xx_hal_gpio.o
 .debug_info    0x0000000000005480     0x3f7b build/stm32f0xx_hal_i2c.o
 .debug_info    0x00000000000093fb      0x8b7 build/stm32f0xx_hal_i2c_ex.o
 .debug_info    0x0000000000009cb2      0xa78 build/stm32f0xx_hal_rcc.o
 .debug_info    0x000000000000a72a      0x3ea build/stm32f0xx_hal_rcc_ex.o
 .debug_info    0x000000000000ab14     0x4fa2 build/stm32f0xx_hal_uart.o
 .debug_info    0x000000000000fab6       0x22 build/startup_stm32f051x8.o

.debug_abbrev   0x0000000000000000     0x1b2c
 .debug_abbrev  0x0000000000000000      0x2a2 build/heatshrink_encoder.o
 .debug_abbrev  0x00000000000002a2      0x32e build/main.o
 .debug_abbrev  0x00000000000005d0      0x1b8 build/stm32f0xx_hal_msp.o
 .debug_abbrev  0x0000000000000788       0x7e build/stm32f0xx_it.o
 .debug_abbrev  0x0000000000000806      0x131 build/system_stm32f0xx.o
 .debug_abbrev  0x0000000000000937      0x245 build/stm32f0xx_hal.o
 .debug_abbrev  0x0000000000000b7c      0x293 build/stm32f0xx_hal_cortex.o
 .debug_abbrev  0x0000000000000e0f      0x1e6 build/stm32f0xx_hal_gpio.o
 .debug_abbrev  0x0000000000000ff5      0x263 build/stm32f0xx_hal_i2c.o
 .debug_abbrev  0x0000000000001258      0x1c4 build/stm32f0xx_hal_i2c_ex.o
 .debug_abbrev  0x000000000000141c      0x260 build/stm32f0xx_hal_rcc.o
 .debug_abbrev  0x000000000000167c      0x1a8 build/stm32f0xx_hal_rcc_ex.o
 .debug_abbrev  0x0000000000001824      0x2f6 build/stm32f0xx_hal_uart.o
 .debug_abbrev  0x0000000000001b1a       0x12 build/startup_stm32f051x8.o

.debug_loc      0x0000000000000000     0xb04a
 .debug_loc     0x0000000000000000     0x112a build/heatshrink_encoder.o
 .debug_loc     0x000000000000112a      0x217 build/main.o
 .debug_loc     0x0000000000001341      0x112 build/stm32f0xx_hal_msp.o
 .debug_loc     0x0000000000001453      0x167 build/system_stm32f0xx.o
 .debug_loc     0x00000000000015ba      0x141 build/stm32f0xx_hal.o
 .debug_loc     0x00000000000016fb      0x433 build/stm32f0xx_hal_cortex.o
 .debug_loc     0x0000000000001b2e      0x388 build/stm32f0xx_hal_gpio.o
 .debug_loc     0x0000000000001eb6     0x4abb build/stm32f0xx_hal_i2c.o
 .debug_loc     0x0000000000006971      0x210 build/stm32f0xx_hal_i2c_ex.o
 .debug_loc     0x0000000000006b81      0x607 build/stm32f0xx_hal_rcc.o
 .debug_loc     0x0000000000007188      0x405 build/stm32f0xx_hal_rcc_ex.o
 .debug_loc     0x000000000000758d     0x3abd build/stm32f0xx_hal_uart.o

.debug_aranges  0x0000000000000000      0x948
 .debug_aranges
                0x0000000000000000       0xd0 build/heatshrink_encoder.o
 .debug_aranges
                0x00000000000000d0       0x58 build/main.o
 .debug_aranges
                0x0000000000000128       0x40 build/stm32f0xx_hal_msp.o
 .debug_aranges
                0x0000000000000168       0x40 build/stm32f0xx_it.o
 .debug_aranges
                0x00000000000001a8       0x28 build/system_stm32f0xx.o
 .debug_aranges
                0x00000000000001d0       0xd0 build/stm32f0xx_hal.o
 .debug_aranges
                0x00000000000002a0       0x78 build/stm32f0xx_hal_cortex.o
 .debug_aranges
                0x0000000000000318       0x58 build/stm32f0xx_hal_gpio.o
 .debug_aranges
                0x0000000000000370      0x290 build/stm32f0xx_hal_i2c.o
 .debug_aranges
                0x0000000000000600       0x48 build/stm32f0xx_hal_i2c_ex.o
 .debug_aranges
                0x0000000000000648       0x80 build/stm32f0xx_hal_rcc.o
 .debug_aranges
                0x00000000000006c8       0x30 build/stm32f0xx_hal_rcc_ex.o
 .debug_aranges
                0x00000000000006f8      0x228 build/stm32f0xx_hal_uart.o
 .debug_aranges
                0x0000000000000920       0x28 build/startup_stm32f051x8.o

.debug_ranges   0x0000000000000000      0x960
 .debug_ranges  0x0000000000000000      0x120 build/heatshrink_encoder.o
 .debug_ranges  0x0000000000000120       0x48 build/main.o
 .debug_ranges  0x0000000000000168       0x30 build/stm32f0xx_hal_msp.o
 .debug_ranges  0x0000000000000198       0x30 build/stm32f0xx_it.o
 .debug_ranges  0x00000000000001c8       0x18 build/system_stm32f0xx.o
 .debug_ranges  0x00000000000001e0       0xc0 build/stm32f0xx_hal.o
 .debug_ranges  0x00000000000002a0       0xc8 build/stm32f0xx_hal_cortex.o
 .debug_ranges  0x0000000000000368       0x48 build/stm32f0xx_hal_gpio.o
 .debug_ranges  0x00000000000003b0      0x280 build/stm32f0xx_hal_i2c.o
 .debug_ranges  0x0000000000000630       0x38 build/stm32f0xx_hal_i2c_ex.o
 .debug_ranges  0x0000000000000668       0x88 build/stm32f0xx_hal_rcc.o
 .debug_ranges  0x00000000000006f0       0x38 build/stm32f0xx_hal_rcc_ex.o
 .debug_ranges  0x0000000000000728      0x218 build/stm32f0xx_hal_uart.o
 .debug_ranges  0x0000000000000940       0x20 build/startup_stm32f051x8.o

.debug_line     0x0000000000000000     0xc454
 .debug_line    0x0000000000000000      0xb62 build/heatshrink_encoder.o
 .debug_line    0x0000000000000b62      0x817 build/main.o
 .debug_line    0x0000000000001379      0x32b build/stm32f0xx_hal_msp.o
 .debug_line    0x00000000000016a4       0xf5 build/stm32f0xx_it.o
 .debug_line    0x0000000000001799      0x211 build/system_stm32f0xx.o
 .debug_line    0x00000000000019aa      0x4f2 build/stm32f0xx_hal.o
 .debug_line    0x0000000000001e9c      0x4fe build/stm32f0xx_hal_cortex.o
 .debug_line    0x000000000000239a      0x64b build/stm32f0xx_hal_gpio.o
 .debug_line    0x00000000000029e5     0x490d build/stm32f0xx_hal_i2c.o
 .debug_line    0x00000000000072f2      0x4bd build/stm32f0xx_hal_i2c_ex.o
 .debug_line    0x00000000000077af      0xb4e build/stm32f0xx_hal_rcc.o
 .debug_line    0x00000000000082fd      0x4e8 build/stm32f0xx_hal_rcc_ex.o
 .debug_line    0x00000000000087e5     0x3bf8 build/stm32f0xx_hal_uart.o
 .debug_line    0x000000000000c3dd       0x77 build/startup_stm32f051x8.o

.debug_str      0x0000000000000000     0x2e82
 .debug_str     0x0000000000000000      0x61b build/heatshrink_encoder.o
                                        0x6ee (size before relaxing)
 .debug_str     0x000000000000061b      0xafb build/main.o
                                        0xebd (size before relaxing)
 .debug_str     0x0000000000001116      0x100 build/stm32f0xx_hal_msp.o
                                        0x99f (size before relaxing)
 .debug_str     0x0000000000001216       0x6d build/stm32f0xx_it.o
                                        0x1af (size before relaxing)
 .debug_str     0x0000000000001283       0x96 build/system_stm32f0xx.o
                                        0x251 (size before relaxing)
 .debug_str     0x0000000000001319      0x45f build/stm32f0xx_hal.o
                                        0x6ac (size before relaxing)
 .debug_str     0x0000000000001778      0x27e build/stm32f0xx_hal_cortex.o
                                        0x5f7 (size before relaxing)
 .debug_str     0x00000000000019f6      0x13c build/stm32f0xx_hal_gpio.o
                                        0x3d4 (size before relaxing)
 .debug_str     0x0000000000001b32      0x884 build/stm32f0xx_hal_i2c.o
                                        0xf4f (size before relaxing)
 .debug_str     0x00000000000023b6       0xb5 build/stm32f0xx_hal_i2c_ex.o
                                        0x7b5 (size before relaxing)
 .debug_str     0x000000000000246b      0x1c8 build/stm32f0xx_hal_rcc.o
                                        0x635 (size before relaxing)
 .debug_str     0x0000000000002633       0x94 build/stm32f0xx_hal_rcc_ex.o
                                        0x39e (size before relaxing)
 .debug_str     0x00000000000026c7      0x797 build/stm32f0xx_hal_uart.o
                                        0xe95 (size before relaxing)
 .debug_str     0x0000000000002e5e       0x24 build/startup_stm32f051x8.o
                                         0x42 (size before relaxing)

.comment        0x0000000000000000       0x4d
 .comment       0x0000000000000000       0x4d build/heatshrink_encoder.o
                                         0x4e (size before relaxing)
 .comment       0x000000000000004d       0x4e build/main.o
 .comment       0x000000000000004d       0x4e build/stm32f0xx_hal_msp.o
 .comment       0x000000000000004d       0x4e build/stm32f0xx_it.o
 .comment       0x000000000000004d       0x4e build/system_stm32f0xx.o
 .comment       0x000000000000004d       0x4e build/stm32f0xx_hal.o
 .comment       0x000000000000004d       0x4e build/stm32f0xx_hal_cortex.o
 .comment       0x000000000000004d       0x4e build/stm32f0xx_hal_gpio.o
 .comment       0x000000000000004d       0x4e build/stm32f0xx_hal_i2c.o
 .comment       0x000000000000004d       0x4e build/stm32f0xx_hal_i2c_ex.o
 .comment       0x000000000000004d       0x4e build/stm32f0xx_hal_rcc.o
 .comment       0x000000000000004d       0x4e build/stm32f0xx_hal_rcc_ex.o
 .comment       0x000000000000004d       0x4e build/stm32f0xx_hal_uart.o

.debug_frame    0x0000000000000000     0x2c40
 .debug_frame   0x0000000000000000      0x280 build/heatshrink_encoder.o
 .debug_frame   0x0000000000000280       0xec build/main.o
 .debug_frame   0x000000000000036c       0x8c build/stm32f0xx_hal_msp.o
 .debug_frame   0x00000000000003f8       0x68 build/stm32f0xx_it.o
 .debug_frame   0x0000000000000460       0x38 build/system_stm32f0xx.o
 .debug_frame   0x0000000000000498      0x1ac build/stm32f0xx_hal.o
 .debug_frame   0x0000000000000644       0xe4 build/stm32f0xx_hal_cortex.o
 .debug_frame   0x0000000000000728       0xc0 build/stm32f0xx_hal_gpio.o
 .debug_frame   0x00000000000007e8      0x860 build/stm32f0xx_hal_i2c.o
 .debug_frame   0x0000000000001048       0xb0 build/stm32f0xx_hal_i2c_ex.o
 .debug_frame   0x00000000000010f8      0x138 build/stm32f0xx_hal_rcc.o
 .debug_frame   0x0000000000001230       0x58 build/stm32f0xx_hal_rcc_ex.o
 .debug_frame   0x0000000000001288      0x638 build/stm32f0xx_hal_uart.o