Archive member included to satisfy reference by file (symbol)

/usr/local/Cellar/arm-gcc-bin@10/10-2020-q4-major/bin/../lib/gcc/arm-none-eabi/10.2.1/../../../../arm-none-eabi/lib/thumb/v6-m/nofp/libc_nano.a(lib_a-calloc.o)
                              build/lz4.o (calloc)
/usr/local/Cellar/arm-gcc-bin@10/10-2020-q4-major/bin/../lib/gcc/arm-none-eabi/10.2.1/../../../../arm-none-eabi/lib/thumb/v6-m/nofp/libc_nano.a(lib_a-exit.o)
                              /usr/local/Cellar/arm-gcc-bin@10/10-2020-q4-major/bin/../lib/gcc/arm-none-eabi/10.2.1/../../../../arm-none-eabi/lib/thumb/v6-m/nofp/crt0.o (exit)
/usr/local/Cellar/arm-gcc-bin@10/10-2020-q4-major/bin/../lib/gcc/arm-none-eabi/10.2.1/../../../../arm-none-eabi/lib/thumb/v6-m/nofp/libc_nano.a(lib_a-impure.o)
                              /usr/local/Cellar/arm-gcc-bin@10/10-2020-q4-major/bin/../lib/gcc/arm-none-eabi/10.2.1/../../../../arm-none-eabi/lib/thumb/v6-m/nofp/libc_nano.a(lib_a-exit.o) (_global_impure_ptr)
/usr/local/Cellar/arm-gcc-bin@10/10-2020-q4-major/bin/../lib/gcc/arm-none-eabi/10.2.1/../../../../arm-none-eabi/lib/thumb/v6-m/nofp/libc_nano.a(lib_a-init.o)
                              /usr/local/Cellar/arm-gcc-bin@10/10-2020-q4-major/bin/../lib/gcc/arm-none-eabi/10.2.1/../../../../arm-none-eabi/lib/thumb/v6-m/nofp/crt0.o (__libc_init_array)
/usr/local/Cellar/arm-gcc-bin@10/10-2020-q4-major/bin/../lib/gcc/arm-none-eabi/10.2.1/../../../../arm-none-eabi/lib/thumb/v6-m/nofp/libc_nano.a(lib_a-malloc.o)
                              build/lz4.o (malloc)
/usr/local/Cellar/arm-gcc-bin@10/10-2020-q4-major/bin/../lib/gcc/arm-none-eabi/10.2.1/../../../../arm-none-eabi/lib/thumb/v6-m/nofp/libc_nano.a(lib_a-memcpy-stub.o)
                              build/lz4.o (memcpy)
/usr/local/Cellar/arm-gcc-bin@10/10-2020-q4-major/bin/../lib/gcc/arm-none-eabi/10.2.1/../../../../arm-none-eabi/lib/thumb/v6-m/nofp/libc_nano.a(lib_a-memmove.o)
                              build/lz4.o (memmove)
/usr/local/Cellar/arm-gcc-bin@10/10-2020-q4-major/bin/../lib/gcc/arm-none-eabi/10.2.1/../../../../arm-none-eabi/lib/thumb/v6-m/nofp/libc_nano.a(lib_a-memset.o)
                              /usr/local/Cellar/arm-gcc-bin@10/10-2020-q4-major/bin/../lib/gcc/arm-none-eabi/10.2.1/../../../../arm-none-eabi/lib/thumb/v6-m/nofp/crt0.o (memset)
/usr/local/Cellar/arm-gcc-bin@10/10-2020-q4-major/bin/../lib/gcc/arm-none-eabi/10.2.1/../../../../arm-none-eabi/lib/thumb/v6-m/nofp/libc_nano.a(lib_a-nano-callocr.o)
                              /usr/local/Cellar/arm-gcc-bin@10/10-2020-q4-major/bin/../lib/gcc/arm-none-eabi/10.2.1/../../../../arm-none-eabi/lib/thumb/v6-m/nofp/libc_nano.a(lib_a-calloc.o) (_calloc_r)
/usr/local/Cellar/arm-gcc-bin@10/10-2020-q4-major/bin/../lib/gcc/arm-none-eabi/10.2.1/../../../../arm-none-eabi/lib/thumb/v6-m/nofp/libc_nano.a(lib_a-nano-freer.o)
                              /usr/local/Cellar/arm-gcc-bin@10/10-2020-q4-major/bin/../lib/gcc/arm-none-eabi/10.2.1/../../../../arm-none-eabi/lib/thumb/v6-m/nofp/libc_nano.a(lib_a-malloc.o) (_free_r)
/usr/local/Cellar/arm-gcc-bin@10/10-2020-q4-major/bin/../lib/gcc/arm-none-eabi/10.2.1/../../../../arm-none-eabi/lib/thumb/v6-m/nofp/libc_nano.a(lib_a-nano-mallocr.o)
                              /usr/local/Cellar/arm-gcc-bin@10/10-2020-q4-major/bin/../lib/gcc/arm-none-eabi/10.2.1/../../../../arm-none-eabi/lib/thumb/v6-m/nofp/libc_nano.a(lib_a-malloc.o) (_malloc_r)
/usr/local/Cellar/arm-gcc-bin@10/10-2020-q4-major/bin/../lib/gcc/arm-none-eabi/10.2.1/../../../../arm-none-eabi/lib/thumb/v6-m/nofp/libc_nano.a(lib_a-nano-vfprintf_float.o)
                              (_printf_float)
/usr/local/Cellar/arm-gcc-bin@10/10-2020-q4-major/bin/../lib/gcc/arm-none-eabi/10.2.1/../../../../arm-none-eabi/lib/thumb/v6-m/nofp/libc_nano.a(lib_a-nano-vfprintf_i.o)
                              /usr/local/Cellar/arm-gcc-bin@10/10-2020-q4-major/bin/../lib/gcc/arm-none-eabi/10.2.1/../../../../arm-none-eabi/lib/thumb/v6-m/nofp/libc_nano.a(lib_a-nano-vfprintf_float.o) (_printf_common)
/usr/local/Cellar/arm-gcc-bin@10/10-2020-q4-major/bin/../lib/gcc/arm-none-eabi/10.2.1/../../../../arm-none-eabi/lib/thumb/v6-m/nofp/libc_nano.a(lib_a-sbrkr.o)
                              /usr/local/Cellar/arm-gcc-bin@10/10-2020-q4-major/bin/../lib/gcc/arm-none-eabi/10.2.1/../../../../arm-none-eabi/lib/thumb/v6-m/nofp/libc_nano.a(lib_a-nano-mallocr.o) (_sbrk_r)
/usr/local/Cellar/arm-gcc-bin@10/10-2020-q4-major/bin/../lib/gcc/arm-none-eabi/10.2.1/../../../../arm-none-eabi/lib/thumb/v6-m/nofp/libc_nano.a(lib_a-sprintf.o)
                              build/main.o (sprintf)
/usr/local/Cellar/arm-gcc-bin@10/10-2020-q4-major/bin/../lib/gcc/arm-none-eabi/10.2.1/../../../../arm-none-eabi/lib/thumb/v6-m/nofp/libc_nano.a(lib_a-strlen.o)
                              /usr/local/Cellar/arm-gcc-bin@10/10-2020-q4-major/bin/../lib/gcc/arm-none-eabi/10.2.1/../../../../arm-none-eabi/lib/thumb/v6-m/nofp/libc_nano.a(lib_a-nano-vfprintf_float.o) (strlen)
[...]
Memory Configuration

Name             Origin             Length             Attributes
RAM              0x0000000020000000 0x0000000000002000 xrw
FLASH            0x0000000008000000 0x0000000000010000 xr
*default*        0x0000000000000000 0xffffffffffffffff

Linker script and memory map

LOAD /usr/local/Cellar/arm-gcc-bin@10/10-2020-q4-major/bin/../lib/gcc/arm-none-eabi/10.2.1/thumb/v6-m/nofp/crti.o
LOAD /usr/local/Cellar/arm-gcc-bin@10/10-2020-q4-major/bin/../lib/gcc/arm-none-eabi/10.2.1/thumb/v6-m/nofp/crtbegin.o
LOAD /usr/local/Cellar/arm-gcc-bin@10/10-2020-q4-major/bin/../lib/gcc/arm-none-eabi/10.2.1/../../../../arm-none-eabi/lib/thumb/v6-m/nofp/crt0.o
LOAD build/lz4.o
LOAD build/main.o
LOAD build/stm32f0xx_hal_msp.o
LOAD build/stm32f0xx_it.o
LOAD build/system_stm32f0xx.o
LOAD build/stm32f0xx_hal.o
LOAD build/stm32f0xx_hal_cortex.o
LOAD build/stm32f0xx_hal_dma.o
LOAD build/stm32f0xx_hal_exti.o
LOAD build/stm32f0xx_hal_flash.o
LOAD build/stm32f0xx_hal_flash_ex.o
LOAD build/stm32f0xx_hal_gpio.o
LOAD build/stm32f0xx_hal_i2c.o
LOAD build/stm32f0xx_hal_i2c_ex.o
LOAD build/stm32f0xx_hal_pwr.o
LOAD build/stm32f0xx_hal_pwr_ex.o
LOAD build/stm32f0xx_hal_rcc.o
LOAD build/stm32f0xx_hal_rcc_ex.o
LOAD build/stm32f0xx_hal_tim.o
LOAD build/stm32f0xx_hal_tim_ex.o
LOAD build/stm32f0xx_hal_uart.o
LOAD build/stm32f0xx_hal_uart_ex.o
LOAD build/startup_stm32f051x8.o
LOAD /usr/local/Cellar/arm-gcc-bin@10/10-2020-q4-major/bin/../lib/gcc/arm-none-eabi/10.2.1/../../../../arm-none-eabi/lib/thumb/v6-m/nofp/libc_nano.a
LOAD /usr/local/Cellar/arm-gcc-bin@10/10-2020-q4-major/bin/../lib/gcc/arm-none-eabi/10.2.1/../../../../arm-none-eabi/lib/thumb/v6-m/nofp/libm.a
LOAD /usr/local/Cellar/arm-gcc-bin@10/10-2020-q4-major/bin/../lib/gcc/arm-none-eabi/10.2.1/../../../../arm-none-eabi/lib/thumb/v6-m/nofp/libnosys.a
START GROUP
LOAD /usr/local/Cellar/arm-gcc-bin@10/10-2020-q4-major/bin/../lib/gcc/arm-none-eabi/10.2.1/thumb/v6-m/nofp/libgcc.a
LOAD /usr/local/Cellar/arm-gcc-bin@10/10-2020-q4-major/bin/../lib/gcc/arm-none-eabi/10.2.1/../../../../arm-none-eabi/lib/thumb/v6-m/nofp/libc_nano.a
END GROUP
START GROUP
LOAD /usr/local/Cellar/arm-gcc-bin@10/10-2020-q4-major/bin/../lib/gcc/arm-none-eabi/10.2.1/thumb/v6-m/nofp/libgcc.a
LOAD /usr/local/Cellar/arm-gcc-bin@10/10-2020-q4-major/bin/../lib/gcc/arm-none-eabi/10.2.1/../../../../arm-none-eabi/lib/thumb/v6-m/nofp/libc_nano.a
END GROUP
LOAD /usr/local/Cellar/arm-gcc-bin@10/10-2020-q4-major/bin/../lib/gcc/arm-none-eabi/10.2.1/thumb/v6-m/nofp/crtend.o
LOAD /usr/local/Cellar/arm-gcc-bin@10/10-2020-q4-major/bin/../lib/gcc/arm-none-eabi/10.2.1/thumb/v6-m/nofp/crtn.o
                0x0000000020002000                _estack = (ORIGIN (RAM) + LENGTH (RAM))
                0x0000000000000200                _Min_Heap_Size = 0x200
                0x0000000000000400                _Min_Stack_Size = 0x400

.isr_vector     0x0000000008000000       0xc0
                0x0000000008000000                . = ALIGN (0x4)
 *(.isr_vector)
 .isr_vector    0x0000000008000000       0xc0 build/startup_stm32f051x8.o
                0x0000000008000000                g_pfnVectors
                0x00000000080000c0                . = ALIGN (0x4)

.text           0x00000000080000c0     0x6b34
                0x00000000080000c0                . = ALIGN (0x4)
 *(.text)
 .text          0x00000000080000c0       0x48 /usr/local/Cellar/arm-gcc-bin@10/10-2020-q4-major/bin/../lib/gcc/arm-none-eabi/10.2.1/thumb/v6-m/nofp/crtbegin.o
 .text          0x0000000008000108        0xe /usr/local/Cellar/arm-gcc-bin@10/10-2020-q4-major/bin/../lib/gcc/arm-none-eabi/10.2.1/../../../../arm-none-eabi/lib/thumb/v6-m/nofp/libc_nano.a(lib_a-strlen.o)
                0x0000000008000108                strlen
 *fill*         0x0000000008000116        0x2 
 .text          0x0000000008000118       0x14 /usr/local/Cellar/arm-gcc-bin@10/10-2020-q4-major/bin/../lib/gcc/arm-none-eabi/10.2.1/thumb/v6-m/nofp/libgcc.a(_thumb1_case_uqi.o)
                0x0000000008000118                __gnu_thumb1_case_uqi
 .text          0x000000000800012c       0x14 /usr/local/Cellar/arm-gcc-bin@10/10-2020-q4-major/bin/../lib/gcc/arm-none-eabi/10.2.1/thumb/v6-m/nofp/libgcc.a(_thumb1_case_shi.o)
                0x000000000800012c                __gnu_thumb1_case_shi
 .text          0x0000000008000140      0x114 /usr/local/Cellar/arm-gcc-bin@10/10-2020-q4-major/bin/../lib/gcc/arm-none-eabi/10.2.1/thumb/v6-m/nofp/libgcc.a(_udivsi3.o)
                0x0000000008000140                __udivsi3
                0x0000000008000140                __aeabi_uidiv
                0x000000000800024c                __aeabi_uidivmod
 .text          0x0000000008000254      0x1d4 /usr/local/Cellar/arm-gcc-bin@10/10-2020-q4-major/bin/../lib/gcc/arm-none-eabi/10.2.1/thumb/v6-m/nofp/libgcc.a(_divsi3.o)
                0x0000000008000254                __aeabi_idiv
                0x0000000008000254                __divsi3
                0x0000000008000420                __aeabi_idivmod
 .text          0x0000000008000428        0x4 /usr/local/Cellar/arm-gcc-bin@10/10-2020-q4-major/bin/../lib/gcc/arm-none-eabi/10.2.1/thumb/v6-m/nofp/libgcc.a(_dvmd_tls.o)
                0x0000000008000428                __aeabi_ldiv0
                0x0000000008000428                __aeabi_idiv0
 .text          0x000000000800042c       0x7c /usr/local/Cellar/arm-gcc-bin@10/10-2020-q4-major/bin/../lib/gcc/arm-none-eabi/10.2.1/thumb/v6-m/nofp/libgcc.a(_arm_cmpdf2.o)
                0x000000000800042c                __aeabi_cdrcmple
                0x000000000800043c                __aeabi_cdcmple
                0x000000000800043c                __aeabi_cdcmpeq
                0x000000000800044c                __aeabi_dcmpeq
                0x0000000008000458                __aeabi_dcmplt
                0x000000000800046c                __aeabi_dcmple
                0x0000000008000480                __aeabi_dcmpgt
                0x0000000008000494                __aeabi_dcmpge
 .text          0x00000000080004a8       0x3c /usr/local/Cellar/arm-gcc-bin@10/10-2020-q4-major/bin/../lib/gcc/arm-none-eabi/10.2.1/thumb/v6-m/nofp/libgcc.a(_clzsi2.o)
                0x00000000080004a8                __clzsi2
 .text          0x00000000080004e4      0x678 /usr/local/Cellar/arm-gcc-bin@10/10-2020-q4-major/bin/../lib/gcc/arm-none-eabi/10.2.1/thumb/v6-m/nofp/libgcc.a(adddf3.o)
                0x00000000080004e4                __aeabi_dadd
 .text          0x0000000008000b5c      0x5ec /usr/local/Cellar/arm-gcc-bin@10/10-2020-q4-major/bin/../lib/gcc/arm-none-eabi/10.2.1/thumb/v6-m/nofp/libgcc.a(divdf3.o)
                0x0000000008000b5c                __aeabi_ddiv
 .text          0x0000000008001148       0x84 /usr/local/Cellar/arm-gcc-bin@10/10-2020-q4-major/bin/../lib/gcc/arm-none-eabi/10.2.1/thumb/v6-m/nofp/libgcc.a(eqdf2.o)
                0x0000000008001148                __eqdf2
                0x0000000008001148                __nedf2
 .text          0x00000000080011cc       0xcc /usr/local/Cellar/arm-gcc-bin@10/10-2020-q4-major/bin/../lib/gcc/arm-none-eabi/10.2.1/thumb/v6-m/nofp/libgcc.a(gedf2.o)
                0x00000000080011cc                __gtdf2
                0x00000000080011cc                __gedf2
 .text          0x0000000008001298       0xc8 /usr/local/Cellar/arm-gcc-bin@10/10-2020-q4-major/bin/../lib/gcc/arm-none-eabi/10.2.1/thumb/v6-m/nofp/libgcc.a(ledf2.o)
                0x0000000008001298                __ltdf2
                0x0000000008001298                __ledf2
 .text          0x0000000008001360      0x4dc /usr/local/Cellar/arm-gcc-bin@10/10-2020-q4-major/bin/../lib/gcc/arm-none-eabi/10.2.1/thumb/v6-m/nofp/libgcc.a(muldf3.o)
                0x0000000008001360                __aeabi_dmul
 .text          0x000000000800183c      0x724 /usr/local/Cellar/arm-gcc-bin@10/10-2020-q4-major/bin/../lib/gcc/arm-none-eabi/10.2.1/thumb/v6-m/nofp/libgcc.a(subdf3.o)
                0x000000000800183c                __aeabi_dsub
 .text          0x0000000008001f60       0x3c /usr/local/Cellar/arm-gcc-bin@10/10-2020-q4-major/bin/../lib/gcc/arm-none-eabi/10.2.1/thumb/v6-m/nofp/libgcc.a(unorddf2.o)
                0x0000000008001f60                __aeabi_dcmpun
 .text          0x0000000008001f9c       0x6c /usr/local/Cellar/arm-gcc-bin@10/10-2020-q4-major/bin/../lib/gcc/arm-none-eabi/10.2.1/thumb/v6-m/nofp/libgcc.a(fixdfsi.o)
                0x0000000008001f9c                __aeabi_d2iz
 .text          0x0000000008002008       0x60 /usr/local/Cellar/arm-gcc-bin@10/10-2020-q4-major/bin/../lib/gcc/arm-none-eabi/10.2.1/thumb/v6-m/nofp/libgcc.a(floatsidf.o)
                0x0000000008002008                __aeabi_i2d
 .text          0x0000000008002068       0x4c /usr/local/Cellar/arm-gcc-bin@10/10-2020-q4-major/bin/../lib/gcc/arm-none-eabi/10.2.1/thumb/v6-m/nofp/libgcc.a(floatunsidf.o)
                0x0000000008002068                __aeabi_ui2d
 *(.text*)
 .text.MX_GPIO_Init
                0x00000000080020b4       0x30 build/main.o
 .text.Error_Handler
                0x00000000080020e4        0x4 build/main.o
                0x00000000080020e4                Error_Handler
 .text.MX_I2C1_Init
                0x00000000080020e8       0x58 build/main.o
 .text.MX_USART1_UART_Init
                0x0000000008002140       0x38 build/main.o
 .text.SystemClock_Config
                0x0000000008002178       0x74 build/main.o
                0x0000000008002178                SystemClock_Config
 .text.main     0x00000000080021ec      0x1f4 build/main.o
                0x00000000080021ec                main
 .text.HAL_MspInit
                0x00000000080023e0       0x30 build/stm32f0xx_hal_msp.o
                0x00000000080023e0                HAL_MspInit
 .text.HAL_I2C_MspInit
                0x0000000008002410       0x68 build/stm32f0xx_hal_msp.o
                0x0000000008002410                HAL_I2C_MspInit
 .text.HAL_UART_MspInit
                0x0000000008002478       0x68 build/stm32f0xx_hal_msp.o
                0x0000000008002478                HAL_UART_MspInit
 .text.NMI_Handler
                0x00000000080024e0        0x2 build/stm32f0xx_it.o
                0x00000000080024e0                NMI_Handler
 .text.HardFault_Handler
                0x00000000080024e2        0x2 build/stm32f0xx_it.o
                0x00000000080024e2                HardFault_Handler
 .text.SVC_Handler
                0x00000000080024e4        0x2 build/stm32f0xx_it.o
                0x00000000080024e4                SVC_Handler
 .text.PendSV_Handler
                0x00000000080024e6        0x2 build/stm32f0xx_it.o
                0x00000000080024e6                PendSV_Handler
 .text.SysTick_Handler
                0x00000000080024e8        0x8 build/stm32f0xx_it.o
                0x00000000080024e8                SysTick_Handler
 .text.SystemInit
                0x00000000080024f0        0x2 build/system_stm32f0xx.o
                0x00000000080024f0                SystemInit
 *fill*         0x00000000080024f2        0x2 
 .text.HAL_InitTick
                0x00000000080024f4       0x50 build/stm32f0xx_hal.o
                0x00000000080024f4                HAL_InitTick
 .text.HAL_Init
                0x0000000008002544       0x20 build/stm32f0xx_hal.o
                0x0000000008002544                HAL_Init
 .text.HAL_IncTick
                0x0000000008002564       0x18 build/stm32f0xx_hal.o
                0x0000000008002564                HAL_IncTick
 .text.HAL_GetTick
                0x000000000800257c        0xc build/stm32f0xx_hal.o
                0x000000000800257c                HAL_GetTick
 .text.HAL_Delay
                0x0000000008002588       0x24 build/stm32f0xx_hal.o
                0x0000000008002588                HAL_Delay
 .text.HAL_NVIC_SetPriority
                0x00000000080025ac       0x60 build/stm32f0xx_hal_cortex.o
                0x00000000080025ac                HAL_NVIC_SetPriority
 .text.HAL_SYSTICK_Config
                0x000000000800260c       0x38 build/stm32f0xx_hal_cortex.o
                0x000000000800260c                HAL_SYSTICK_Config
 .text.HAL_GPIO_Init
                0x0000000008002644      0x18c build/stm32f0xx_hal_gpio.o
                0x0000000008002644                HAL_GPIO_Init
 .text.I2C_Flush_TXDR
                0x00000000080027d0       0x1e build/stm32f0xx_hal_i2c.o
 *fill*         0x00000000080027ee        0x2 
 .text.I2C_TransferConfig
                0x00000000080027f0       0x30 build/stm32f0xx_hal_i2c.o
 .text.I2C_IsAcknowledgeFailed
                0x0000000008002820       0x90 build/stm32f0xx_hal_i2c.o
 .text.I2C_WaitOnTXISFlagUntilTimeout
                0x00000000080028b0       0x52 build/stm32f0xx_hal_i2c.o
 .text.I2C_WaitOnFlagUntilTimeout
                0x0000000008002902       0x54 build/stm32f0xx_hal_i2c.o
 *fill*         0x0000000008002956        0x2 
 .text.I2C_RequestMemoryWrite
                0x0000000008002958       0x78 build/stm32f0xx_hal_i2c.o
 .text.I2C_RequestMemoryRead
                0x00000000080029d0       0x74 build/stm32f0xx_hal_i2c.o
 .text.I2C_WaitOnSTOPFlagUntilTimeout
                0x0000000008002a44       0x4e build/stm32f0xx_hal_i2c.o
 *fill*         0x0000000008002a92        0x2 
 .text.HAL_I2C_Init
                0x0000000008002a94       0xcc build/stm32f0xx_hal_i2c.o
                0x0000000008002a94                HAL_I2C_Init
 .text.HAL_I2C_Mem_Write
                0x0000000008002b60      0x1a0 build/stm32f0xx_hal_i2c.o
                0x0000000008002b60                HAL_I2C_Mem_Write
 .text.HAL_I2C_Mem_Read
                0x0000000008002d00      0x1a8 build/stm32f0xx_hal_i2c.o
                0x0000000008002d00                HAL_I2C_Mem_Read
 .text.HAL_I2CEx_ConfigAnalogFilter
                0x0000000008002ea8       0x58 build/stm32f0xx_hal_i2c_ex.o
                0x0000000008002ea8                HAL_I2CEx_ConfigAnalogFilter
 .text.HAL_I2CEx_ConfigDigitalFilter
                0x0000000008002f00       0x54 build/stm32f0xx_hal_i2c_ex.o
                0x0000000008002f00                HAL_I2CEx_ConfigDigitalFilter
 .text.HAL_RCC_OscConfig
                0x0000000008002f54      0x49c build/stm32f0xx_hal_rcc.o
                0x0000000008002f54                HAL_RCC_OscConfig
 .text.HAL_RCC_GetSysClockFreq
                0x00000000080033f0       0x70 build/stm32f0xx_hal_rcc.o
                0x00000000080033f0                HAL_RCC_GetSysClockFreq
 .text.HAL_RCC_ClockConfig
                0x0000000008003460      0x134 build/stm32f0xx_hal_rcc.o
                0x0000000008003460                HAL_RCC_ClockConfig
 .text.HAL_RCC_GetHCLKFreq
                0x0000000008003594        0xc build/stm32f0xx_hal_rcc.o
                0x0000000008003594                HAL_RCC_GetHCLKFreq
 .text.HAL_RCC_GetPCLK1Freq
                0x00000000080035a0       0x20 build/stm32f0xx_hal_rcc.o
                0x00000000080035a0                HAL_RCC_GetPCLK1Freq
 .text.HAL_RCCEx_PeriphCLKConfig
                0x00000000080035c0      0x130 build/stm32f0xx_hal_rcc_ex.o
                0x00000000080035c0                HAL_RCCEx_PeriphCLKConfig
 .text.UART_SetConfig
                0x00000000080036f0      0x17c build/stm32f0xx_hal_uart.o
                0x00000000080036f0                UART_SetConfig
 .text.UART_AdvFeatureConfig
                0x000000000800386c       0xe0 build/stm32f0xx_hal_uart.o
                0x000000000800386c                UART_AdvFeatureConfig
 .text.UART_WaitOnFlagUntilTimeout
                0x000000000800394c       0xdc build/stm32f0xx_hal_uart.o
                0x000000000800394c                UART_WaitOnFlagUntilTimeout
 .text.HAL_UART_Transmit
                0x0000000008003a28      0x102 build/stm32f0xx_hal_uart.o
                0x0000000008003a28                HAL_UART_Transmit
 *fill*         0x0000000008003b2a        0x2 
 .text.UART_CheckIdleState
                0x0000000008003b2c       0x70 build/stm32f0xx_hal_uart.o
                0x0000000008003b2c                UART_CheckIdleState
 .text.HAL_UART_Init
                0x0000000008003b9c       0x6c build/stm32f0xx_hal_uart.o
                0x0000000008003b9c                HAL_UART_Init
 .text.Reset_Handler
                0x0000000008003c08       0x50 build/startup_stm32f051x8.o
                0x0000000008003c08                Reset_Handler
 .text.Default_Handler
                0x0000000008003c58        0x2 build/startup_stm32f051x8.o
                0x0000000008003c58                TIM1_BRK_UP_TRG_COM_IRQHandler
                0x0000000008003c58                TSC_IRQHandler
                0x0000000008003c58                ADC1_COMP_IRQHandler
                0x0000000008003c58                PVD_IRQHandler
                0x0000000008003c58                I2C1_IRQHandler
                0x0000000008003c58                RCC_CRS_IRQHandler
                0x0000000008003c58                SPI1_IRQHandler
                0x0000000008003c58                TIM6_DAC_IRQHandler
                0x0000000008003c58                EXTI2_3_IRQHandler
                0x0000000008003c58                I2C2_IRQHandler
                0x0000000008003c58                TIM17_IRQHandler
                0x0000000008003c58                CEC_CAN_IRQHandler
                0x0000000008003c58                RTC_IRQHandler
                0x0000000008003c58                TIM16_IRQHandler
                0x0000000008003c58                TIM3_IRQHandler
                0x0000000008003c58                EXTI4_15_IRQHandler
                0x0000000008003c58                DMA1_Channel1_IRQHandler
                0x0000000008003c58                Default_Handler
                0x0000000008003c58                TIM14_IRQHandler
                0x0000000008003c58                DMA1_Channel4_5_IRQHandler
                0x0000000008003c58                TIM15_IRQHandler
                0x0000000008003c58                EXTI0_1_IRQHandler
                0x0000000008003c58                SPI2_IRQHandler
                0x0000000008003c58                WWDG_IRQHandler
                0x0000000008003c58                TIM2_IRQHandler
                0x0000000008003c58                DMA1_Channel2_3_IRQHandler
                0x0000000008003c58                USART2_IRQHandler
                0x0000000008003c58                FLASH_IRQHandler
                0x0000000008003c58                USART1_IRQHandler
                0x0000000008003c58                TIM1_CC_IRQHandler
 *fill*         0x0000000008003c5a        0x2 
 .text.__libc_init_array
                0x0000000008003c5c       0x48 /usr/local/Cellar/arm-gcc-bin@10/10-2020-q4-major/bin/../lib/gcc/arm-none-eabi/10.2.1/../../../../arm-none-eabi/lib/thumb/v6-m/nofp/libc_nano.a(lib_a-init.o)
                0x0000000008003c5c                __libc_init_array
 .text.malloc   0x0000000008003ca4       0x14 /usr/local/Cellar/arm-gcc-bin@10/10-2020-q4-major/bin/../lib/gcc/arm-none-eabi/10.2.1/../../../../arm-none-eabi/lib/thumb/v6-m/nofp/libc_nano.a(lib_a-malloc.o)
                0x0000000008003ca4                malloc
 .text.memcpy   0x0000000008003cb8       0x12 /usr/local/Cellar/arm-gcc-bin@10/10-2020-q4-major/bin/../lib/gcc/arm-none-eabi/10.2.1/../../../../arm-none-eabi/lib/thumb/v6-m/nofp/libc_nano.a(lib_a-memcpy-stub.o)
                0x0000000008003cb8                memcpy
 .text.memmove  0x0000000008003cca       0x26 /usr/local/Cellar/arm-gcc-bin@10/10-2020-q4-major/bin/../lib/gcc/arm-none-eabi/10.2.1/../../../../arm-none-eabi/lib/thumb/v6-m/nofp/libc_nano.a(lib_a-memmove.o)
                0x0000000008003cca                memmove
 .text.memset   0x0000000008003cf0       0x10 /usr/local/Cellar/arm-gcc-bin@10/10-2020-q4-major/bin/../lib/gcc/arm-none-eabi/10.2.1/../../../../arm-none-eabi/lib/thumb/v6-m/nofp/libc_nano.a(lib_a-memset.o)
                0x0000000008003cf0                memset
 .text._calloc_r
                0x0000000008003d00       0x1c /usr/local/Cellar/arm-gcc-bin@10/10-2020-q4-major/bin/../lib/gcc/arm-none-eabi/10.2.1/../../../../arm-none-eabi/lib/thumb/v6-m/nofp/libc_nano.a(lib_a-nano-callocr.o)
                0x0000000008003d00                _calloc_r
 .text._free_r  0x0000000008003d1c       0x94 /usr/local/Cellar/arm-gcc-bin@10/10-2020-q4-major/bin/../lib/gcc/arm-none-eabi/10.2.1/../../../../arm-none-eabi/lib/thumb/v6-m/nofp/libc_nano.a(lib_a-nano-freer.o)
                0x0000000008003d1c                _free_r
 .text._malloc_r
                0x0000000008003db0       0xbc /usr/local/Cellar/arm-gcc-bin@10/10-2020-q4-major/bin/../lib/gcc/arm-none-eabi/10.2.1/../../../../arm-none-eabi/lib/thumb/v6-m/nofp/libc_nano.a(lib_a-nano-mallocr.o)
                0x0000000008003db0                _malloc_r
 .text.__cvt    0x0000000008003e6c       0xc6 /usr/local/Cellar/arm-gcc-bin@10/10-2020-q4-major/bin/../lib/gcc/arm-none-eabi/10.2.1/../../../../arm-none-eabi/lib/thumb/v6-m/nofp/libc_nano.a(lib_a-nano-vfprintf_float.o)
                0x0000000008003e6c                __cvt
 .text.__exponent
                0x0000000008003f32       0x8e /usr/local/Cellar/arm-gcc-bin@10/10-2020-q4-major/bin/../lib/gcc/arm-none-eabi/10.2.1/../../../../arm-none-eabi/lib/thumb/v6-m/nofp/libc_nano.a(lib_a-nano-vfprintf_float.o)
                0x0000000008003f32                __exponent
 .text._printf_float
                0x0000000008003fc0      0x49c /usr/local/Cellar/arm-gcc-bin@10/10-2020-q4-major/bin/../lib/gcc/arm-none-eabi/10.2.1/../../../../arm-none-eabi/lib/thumb/v6-m/nofp/libc_nano.a(lib_a-nano-vfprintf_float.o)
                0x0000000008003fc0                _printf_float
 .text._printf_common
                0x000000000800445c       0xde /usr/local/Cellar/arm-gcc-bin@10/10-2020-q4-major/bin/../lib/gcc/arm-none-eabi/10.2.1/../../../../arm-none-eabi/lib/thumb/v6-m/nofp/libc_nano.a(lib_a-nano-vfprintf_i.o)
                0x000000000800445c                _printf_common
 *fill*         0x000000000800453a        0x2 
 .text._printf_i
                0x000000000800453c      0x224 /usr/local/Cellar/arm-gcc-bin@10/10-2020-q4-major/bin/../lib/gcc/arm-none-eabi/10.2.1/../../../../arm-none-eabi/lib/thumb/v6-m/nofp/libc_nano.a(lib_a-nano-vfprintf_i.o)
                0x000000000800453c                _printf_i
 .text._sbrk_r  0x0000000008004760       0x24 /usr/local/Cellar/arm-gcc-bin@10/10-2020-q4-major/bin/../lib/gcc/arm-none-eabi/10.2.1/../../../../arm-none-eabi/lib/thumb/v6-m/nofp/libc_nano.a(lib_a-sbrkr.o)
                0x0000000008004760                _sbrk_r
 .text.sprintf  0x0000000008004784       0x40 /usr/local/Cellar/arm-gcc-bin@10/10-2020-q4-major/bin/../lib/gcc/arm-none-eabi/10.2.1/../../../../arm-none-eabi/lib/thumb/v6-m/nofp/libc_nano.a(lib_a-sprintf.o)
                0x0000000008004784                sprintf
                0x0000000008004784                siprintf
 .text.quorem   0x00000000080047c4      0x116 /usr/local/Cellar/arm-gcc-bin@10/10-2020-q4-major/bin/../lib/gcc/arm-none-eabi/10.2.1/../../../../arm-none-eabi/lib/thumb/v6-m/nofp/libc_nano.a(lib_a-dtoa.o)
 *fill*         0x00000000080048da        0x2 
 .text._dtoa_r  0x00000000080048dc      0xc34 /usr/local/Cellar/arm-gcc-bin@10/10-2020-q4-major/bin/../lib/gcc/arm-none-eabi/10.2.1/../../../../arm-none-eabi/lib/thumb/v6-m/nofp/libc_nano.a(lib_a-dtoa.o)
                0x00000000080048dc                _dtoa_r
 .text._localeconv_r
                0x0000000008005510        0x8 /usr/local/Cellar/arm-gcc-bin@10/10-2020-q4-major/bin/../lib/gcc/arm-none-eabi/10.2.1/../../../../arm-none-eabi/lib/thumb/v6-m/nofp/libc_nano.a(lib_a-localeconv.o)
                0x0000000008005510                _localeconv_r
 .text.memchr   0x0000000008005518       0x16 /usr/local/Cellar/arm-gcc-bin@10/10-2020-q4-major/bin/../lib/gcc/arm-none-eabi/10.2.1/../../../../arm-none-eabi/lib/thumb/v6-m/nofp/libc_nano.a(lib_a-memchr-stub.o)
                0x0000000008005518                memchr
 *fill*         0x000000000800552e        0x2 
 .text.__malloc_lock
                0x0000000008005530       0x10 /usr/local/Cellar/arm-gcc-bin@10/10-2020-q4-major/bin/../lib/gcc/arm-none-eabi/10.2.1/../../../../arm-none-eabi/lib/thumb/v6-m/nofp/libc_nano.a(lib_a-mlock.o)
                0x0000000008005530                __malloc_lock
 .text.__malloc_unlock
                0x0000000008005540       0x10 /usr/local/Cellar/arm-gcc-bin@10/10-2020-q4-major/bin/../lib/gcc/arm-none-eabi/10.2.1/../../../../arm-none-eabi/lib/thumb/v6-m/nofp/libc_nano.a(lib_a-mlock.o)
                0x0000000008005540                __malloc_unlock
 .text._Balloc  0x0000000008005550       0x88 /usr/local/Cellar/arm-gcc-bin@10/10-2020-q4-major/bin/../lib/gcc/arm-none-eabi/10.2.1/../../../../arm-none-eabi/lib/thumb/v6-m/nofp/libc_nano.a(lib_a-mprec.o)
                0x0000000008005550                _Balloc
 .text._Bfree   0x00000000080055d8       0x48 /usr/local/Cellar/arm-gcc-bin@10/10-2020-q4-major/bin/../lib/gcc/arm-none-eabi/10.2.1/../../../../arm-none-eabi/lib/thumb/v6-m/nofp/libc_nano.a(lib_a-mprec.o)
                0x00000000080055d8                _Bfree
 .text.__multadd
                0x0000000008005620       0x88 /usr/local/Cellar/arm-gcc-bin@10/10-2020-q4-major/bin/../lib/gcc/arm-none-eabi/10.2.1/../../../../arm-none-eabi/lib/thumb/v6-m/nofp/libc_nano.a(lib_a-mprec.o)
                0x0000000008005620                __multadd
 .text.__hi0bits
                0x00000000080056a8       0x34 /usr/local/Cellar/arm-gcc-bin@10/10-2020-q4-major/bin/../lib/gcc/arm-none-eabi/10.2.1/../../../../arm-none-eabi/lib/thumb/v6-m/nofp/libc_nano.a(lib_a-mprec.o)
                0x00000000080056a8                __hi0bits
 .text.__lo0bits
                0x00000000080056dc       0x5c /usr/local/Cellar/arm-gcc-bin@10/10-2020-q4-major/bin/../lib/gcc/arm-none-eabi/10.2.1/../../../../arm-none-eabi/lib/thumb/v6-m/nofp/libc_nano.a(lib_a-mprec.o)
                0x00000000080056dc                __lo0bits
 .text.__i2b    0x0000000008005738       0x2c /usr/local/Cellar/arm-gcc-bin@10/10-2020-q4-major/bin/../lib/gcc/arm-none-eabi/10.2.1/../../../../arm-none-eabi/lib/thumb/v6-m/nofp/libc_nano.a(lib_a-mprec.o)
                0x0000000008005738                __i2b
 .text.__multiply
                0x0000000008005764      0x160 /usr/local/Cellar/arm-gcc-bin@10/10-2020-q4-major/bin/../lib/gcc/arm-none-eabi/10.2.1/../../../../arm-none-eabi/lib/thumb/v6-m/nofp/libc_nano.a(lib_a-mprec.o)
                0x0000000008005764                __multiply
 .text.__pow5mult
                0x00000000080058c4       0xb8 /usr/local/Cellar/arm-gcc-bin@10/10-2020-q4-major/bin/../lib/gcc/arm-none-eabi/10.2.1/../../../../arm-none-eabi/lib/thumb/v6-m/nofp/libc_nano.a(lib_a-mprec.o)
                0x00000000080058c4                __pow5mult
 .text.__lshift
                0x000000000800597c       0xdc /usr/local/Cellar/arm-gcc-bin@10/10-2020-q4-major/bin/../lib/gcc/arm-none-eabi/10.2.1/../../../../arm-none-eabi/lib/thumb/v6-m/nofp/libc_nano.a(lib_a-mprec.o)
                0x000000000800597c                __lshift
 .text.__mcmp   0x0000000008005a58       0x36 /usr/local/Cellar/arm-gcc-bin@10/10-2020-q4-major/bin/../lib/gcc/arm-none-eabi/10.2.1/../../../../arm-none-eabi/lib/thumb/v6-m/nofp/libc_nano.a(lib_a-mprec.o)
                0x0000000008005a58                __mcmp
 *fill*         0x0000000008005a8e        0x2 
 .text.__mdiff  0x0000000008005a90      0x130 /usr/local/Cellar/arm-gcc-bin@10/10-2020-q4-major/bin/../lib/gcc/arm-none-eabi/10.2.1/../../../../arm-none-eabi/lib/thumb/v6-m/nofp/libc_nano.a(lib_a-mprec.o)
                0x0000000008005a90                __mdiff
 .text.__d2b    0x0000000008005bc0       0xc8 /usr/local/Cellar/arm-gcc-bin@10/10-2020-q4-major/bin/../lib/gcc/arm-none-eabi/10.2.1/../../../../arm-none-eabi/lib/thumb/v6-m/nofp/libc_nano.a(lib_a-mprec.o)
                0x0000000008005bc0                __d2b
 .text.__ssputs_r
                0x0000000008005c88       0xc4 /usr/local/Cellar/arm-gcc-bin@10/10-2020-q4-major/bin/../lib/gcc/arm-none-eabi/10.2.1/../../../../arm-none-eabi/lib/thumb/v6-m/nofp/libc_nano.a(lib_a-nano-svfprintf.o)
                0x0000000008005c88                __ssputs_r
 .text._svfprintf_r
                0x0000000008005d4c      0x200 /usr/local/Cellar/arm-gcc-bin@10/10-2020-q4-major/bin/../lib/gcc/arm-none-eabi/10.2.1/../../../../arm-none-eabi/lib/thumb/v6-m/nofp/libc_nano.a(lib_a-nano-svfprintf.o)
                0x0000000008005d4c                _svfprintf_r
                0x0000000008005d4c                _svfiprintf_r
 .text.__assert_func
                0x0000000008005f4c       0x3c /usr/local/Cellar/arm-gcc-bin@10/10-2020-q4-major/bin/../lib/gcc/arm-none-eabi/10.2.1/../../../../arm-none-eabi/lib/thumb/v6-m/nofp/libc_nano.a(lib_a-assert.o)
                0x0000000008005f4c                __assert_func
 .text.fprintf  0x0000000008005f88       0x20 /usr/local/Cellar/arm-gcc-bin@10/10-2020-q4-major/bin/../lib/gcc/arm-none-eabi/10.2.1/../../../../arm-none-eabi/lib/thumb/v6-m/nofp/libc_nano.a(lib_a-fprintf.o)
                0x0000000008005f88                fprintf
                0x0000000008005f88                fiprintf
 .text.__retarget_lock_init_recursive
                0x0000000008005fa8        0x2 /usr/local/Cellar/arm-gcc-bin@10/10-2020-q4-major/bin/../lib/gcc/arm-none-eabi/10.2.1/../../../../arm-none-eabi/lib/thumb/v6-m/nofp/libc_nano.a(lib_a-lock.o)
                0x0000000008005fa8                __retarget_lock_init_recursive
 .text.__retarget_lock_acquire_recursive
                0x0000000008005faa        0x2 /usr/local/Cellar/arm-gcc-bin@10/10-2020-q4-major/bin/../lib/gcc/arm-none-eabi/10.2.1/../../../../arm-none-eabi/lib/thumb/v6-m/nofp/libc_nano.a(lib_a-lock.o)
                0x0000000008005faa                __retarget_lock_acquire_recursive
 .text.__retarget_lock_release_recursive
                0x0000000008005fac        0x2 /usr/local/Cellar/arm-gcc-bin@10/10-2020-q4-major/bin/../lib/gcc/arm-none-eabi/10.2.1/../../../../arm-none-eabi/lib/thumb/v6-m/nofp/libc_nano.a(lib_a-lock.o)
                0x0000000008005fac                __retarget_lock_release_recursive
 .text.__ascii_mbtowc
                0x0000000008005fae       0x24 /usr/local/Cellar/arm-gcc-bin@10/10-2020-q4-major/bin/../lib/gcc/arm-none-eabi/10.2.1/../../../../arm-none-eabi/lib/thumb/v6-m/nofp/libc_nano.a(lib_a-mbtowc_r.o)
                0x0000000008005fae                __ascii_mbtowc
 .text._realloc_r
                0x0000000008005fd2       0x4c /usr/local/Cellar/arm-gcc-bin@10/10-2020-q4-major/bin/../lib/gcc/arm-none-eabi/10.2.1/../../../../arm-none-eabi/lib/thumb/v6-m/nofp/libc_nano.a(lib_a-nano-reallocr.o)
                0x0000000008005fd2                _realloc_r
 .text.__sfputc_r
                0x000000000800601e       0x2a /usr/local/Cellar/arm-gcc-bin@10/10-2020-q4-major/bin/../lib/gcc/arm-none-eabi/10.2.1/../../../../arm-none-eabi/lib/thumb/v6-m/nofp/libc_nano.a(lib_a-nano-vfprintf.o)
 .text.__sfputs_r
                0x0000000008006048       0x24 /usr/local/Cellar/arm-gcc-bin@10/10-2020-q4-major/bin/../lib/gcc/arm-none-eabi/10.2.1/../../../../arm-none-eabi/lib/thumb/v6-m/nofp/libc_nano.a(lib_a-nano-vfprintf.o)
                0x0000000008006048                __sfputs_r
 .text._vfprintf_r
                0x000000000800606c      0x274 /usr/local/Cellar/arm-gcc-bin@10/10-2020-q4-major/bin/../lib/gcc/arm-none-eabi/10.2.1/../../../../arm-none-eabi/lib/thumb/v6-m/nofp/libc_nano.a(lib_a-nano-vfprintf.o)
                0x000000000800606c                _vfiprintf_r
                0x000000000800606c                _vfprintf_r
 .text.__swbuf_r
                0x00000000080062e0       0xac /usr/local/Cellar/arm-gcc-bin@10/10-2020-q4-major/bin/../lib/gcc/arm-none-eabi/10.2.1/../../../../arm-none-eabi/lib/thumb/v6-m/nofp/libc_nano.a(lib_a-wbuf.o)
                0x00000000080062e0                __swbuf_r
 .text.__ascii_wctomb
                0x000000000800638c       0x1a /usr/local/Cellar/arm-gcc-bin@10/10-2020-q4-major/bin/../lib/gcc/arm-none-eabi/10.2.1/../../../../arm-none-eabi/lib/thumb/v6-m/nofp/libc_nano.a(lib_a-wctomb_r.o)
                0x000000000800638c                __ascii_wctomb
 *fill*         0x00000000080063a6        0x2 
 .text.__swsetup_r
                0x00000000080063a8       0xf0 /usr/local/Cellar/arm-gcc-bin@10/10-2020-q4-major/bin/../lib/gcc/arm-none-eabi/10.2.1/../../../../arm-none-eabi/lib/thumb/v6-m/nofp/libc_nano.a(lib_a-wsetup.o)
                0x00000000080063a8                __swsetup_r
 .text.abort    0x0000000008006498        0xe /usr/local/Cellar/arm-gcc-bin@10/10-2020-q4-major/bin/../lib/gcc/arm-none-eabi/10.2.1/../../../../arm-none-eabi/lib/thumb/v6-m/nofp/libc_nano.a(lib_a-abort.o)
                0x0000000008006498                abort
 *fill*         0x00000000080064a6        0x2 
 .text.__sflush_r
                0x00000000080064a8      0x118 /usr/local/Cellar/arm-gcc-bin@10/10-2020-q4-major/bin/../lib/gcc/arm-none-eabi/10.2.1/../../../../arm-none-eabi/lib/thumb/v6-m/nofp/libc_nano.a(lib_a-fflush.o)
                0x00000000080064a8                __sflush_r
 .text._fflush_r
                0x00000000080065c0       0x80 /usr/local/Cellar/arm-gcc-bin@10/10-2020-q4-major/bin/../lib/gcc/arm-none-eabi/10.2.1/../../../../arm-none-eabi/lib/thumb/v6-m/nofp/libc_nano.a(lib_a-fflush.o)
                0x00000000080065c0                _fflush_r
 .text.std      0x0000000008006640       0x48 /usr/local/Cellar/arm-gcc-bin@10/10-2020-q4-major/bin/../lib/gcc/arm-none-eabi/10.2.1/../../../../arm-none-eabi/lib/thumb/v6-m/nofp/libc_nano.a(lib_a-findfp.o)
 .text._cleanup_r
                0x0000000008006688       0x10 /usr/local/Cellar/arm-gcc-bin@10/10-2020-q4-major/bin/../lib/gcc/arm-none-eabi/10.2.1/../../../../arm-none-eabi/lib/thumb/v6-m/nofp/libc_nano.a(lib_a-findfp.o)
                0x0000000008006688                _cleanup_r
 .text.__sfmoreglue
                0x0000000008006698       0x2c /usr/local/Cellar/arm-gcc-bin@10/10-2020-q4-major/bin/../lib/gcc/arm-none-eabi/10.2.1/../../../../arm-none-eabi/lib/thumb/v6-m/nofp/libc_nano.a(lib_a-findfp.o)
                0x0000000008006698                __sfmoreglue
 .text.__sfp_lock_acquire
                0x00000000080066c4       0x10 /usr/local/Cellar/arm-gcc-bin@10/10-2020-q4-major/bin/../lib/gcc/arm-none-eabi/10.2.1/../../../../arm-none-eabi/lib/thumb/v6-m/nofp/libc_nano.a(lib_a-findfp.o)
                0x00000000080066c4                __sfp_lock_acquire
 .text.__sfp_lock_release
                0x00000000080066d4       0x10 /usr/local/Cellar/arm-gcc-bin@10/10-2020-q4-major/bin/../lib/gcc/arm-none-eabi/10.2.1/../../../../arm-none-eabi/lib/thumb/v6-m/nofp/libc_nano.a(lib_a-findfp.o)
                0x00000000080066d4                __sfp_lock_release
 .text.__sinit_lock_acquire
                0x00000000080066e4       0x10 /usr/local/Cellar/arm-gcc-bin@10/10-2020-q4-major/bin/../lib/gcc/arm-none-eabi/10.2.1/../../../../arm-none-eabi/lib/thumb/v6-m/nofp/libc_nano.a(lib_a-findfp.o)
                0x00000000080066e4                __sinit_lock_acquire
 .text.__sinit_lock_release
                0x00000000080066f4       0x10 /usr/local/Cellar/arm-gcc-bin@10/10-2020-q4-major/bin/../lib/gcc/arm-none-eabi/10.2.1/../../../../arm-none-eabi/lib/thumb/v6-m/nofp/libc_nano.a(lib_a-findfp.o)
                0x00000000080066f4                __sinit_lock_release
 .text.__sinit  0x0000000008006704       0x70 /usr/local/Cellar/arm-gcc-bin@10/10-2020-q4-major/bin/../lib/gcc/arm-none-eabi/10.2.1/../../../../arm-none-eabi/lib/thumb/v6-m/nofp/libc_nano.a(lib_a-findfp.o)
                0x0000000008006704                __sinit
 .text.__sfp    0x0000000008006774       0x90 /usr/local/Cellar/arm-gcc-bin@10/10-2020-q4-major/bin/../lib/gcc/arm-none-eabi/10.2.1/../../../../arm-none-eabi/lib/thumb/v6-m/nofp/libc_nano.a(lib_a-findfp.o)
                0x0000000008006774                __sfp
 .text._fwalk_reent
                0x0000000008006804       0x40 /usr/local/Cellar/arm-gcc-bin@10/10-2020-q4-major/bin/../lib/gcc/arm-none-eabi/10.2.1/../../../../arm-none-eabi/lib/thumb/v6-m/nofp/libc_nano.a(lib_a-fwalk.o)
                0x0000000008006804                _fwalk_reent
 .text.__swhatbuf_r
                0x0000000008006844       0x50 /usr/local/Cellar/arm-gcc-bin@10/10-2020-q4-major/bin/../lib/gcc/arm-none-eabi/10.2.1/../../../../arm-none-eabi/lib/thumb/v6-m/nofp/libc_nano.a(lib_a-makebuf.o)
                0x0000000008006844                __swhatbuf_r
 .text.__smakebuf_r
                0x0000000008006894       0x88 /usr/local/Cellar/arm-gcc-bin@10/10-2020-q4-major/bin/../lib/gcc/arm-none-eabi/10.2.1/../../../../arm-none-eabi/lib/thumb/v6-m/nofp/libc_nano.a(lib_a-makebuf.o)
                0x0000000008006894                __smakebuf_r
 .text._malloc_usable_size_r
                0x000000000800691c       0x10 /usr/local/Cellar/arm-gcc-bin@10/10-2020-q4-major/bin/../lib/gcc/arm-none-eabi/10.2.1/../../../../arm-none-eabi/lib/thumb/v6-m/nofp/libc_nano.a(lib_a-nano-msizer.o)
                0x000000000800691c                _malloc_usable_size_r
 .text._raise_r
                0x000000000800692c       0x54 /usr/local/Cellar/arm-gcc-bin@10/10-2020-q4-major/bin/../lib/gcc/arm-none-eabi/10.2.1/../../../../arm-none-eabi/lib/thumb/v6-m/nofp/libc_nano.a(lib_a-signal.o)
                0x000000000800692c                _raise_r
 .text.raise    0x0000000008006980       0x14 /usr/local/Cellar/arm-gcc-bin@10/10-2020-q4-major/bin/../lib/gcc/arm-none-eabi/10.2.1/../../../../arm-none-eabi/lib/thumb/v6-m/nofp/libc_nano.a(lib_a-signal.o)
                0x0000000008006980                raise
 .text._kill_r  0x0000000008006994       0x24 /usr/local/Cellar/arm-gcc-bin@10/10-2020-q4-major/bin/../lib/gcc/arm-none-eabi/10.2.1/../../../../arm-none-eabi/lib/thumb/v6-m/nofp/libc_nano.a(lib_a-signalr.o)
                0x0000000008006994                _kill_r
 .text._getpid_r
                0x00000000080069b8        0x8 /usr/local/Cellar/arm-gcc-bin@10/10-2020-q4-major/bin/../lib/gcc/arm-none-eabi/10.2.1/../../../../arm-none-eabi/lib/thumb/v6-m/nofp/libc_nano.a(lib_a-signalr.o)
                0x00000000080069b8                _getpid_r
 .text.__sread  0x00000000080069c0       0x28 /usr/local/Cellar/arm-gcc-bin@10/10-2020-q4-major/bin/../lib/gcc/arm-none-eabi/10.2.1/../../../../arm-none-eabi/lib/thumb/v6-m/nofp/libc_nano.a(lib_a-stdio.o)
                0x00000000080069c0                __sread
 .text.__swrite
                0x00000000080069e8       0x38 /usr/local/Cellar/arm-gcc-bin@10/10-2020-q4-major/bin/../lib/gcc/arm-none-eabi/10.2.1/../../../../arm-none-eabi/lib/thumb/v6-m/nofp/libc_nano.a(lib_a-stdio.o)
                0x00000000080069e8                __swrite
 .text.__sseek  0x0000000008006a20       0x2c /usr/local/Cellar/arm-gcc-bin@10/10-2020-q4-major/bin/../lib/gcc/arm-none-eabi/10.2.1/../../../../arm-none-eabi/lib/thumb/v6-m/nofp/libc_nano.a(lib_a-stdio.o)
                0x0000000008006a20                __sseek
 .text.__sclose
                0x0000000008006a4c        0xc /usr/local/Cellar/arm-gcc-bin@10/10-2020-q4-major/bin/../lib/gcc/arm-none-eabi/10.2.1/../../../../arm-none-eabi/lib/thumb/v6-m/nofp/libc_nano.a(lib_a-stdio.o)
                0x0000000008006a4c                __sclose
 .text._write_r
                0x0000000008006a58       0x28 /usr/local/Cellar/arm-gcc-bin@10/10-2020-q4-major/bin/../lib/gcc/arm-none-eabi/10.2.1/../../../../arm-none-eabi/lib/thumb/v6-m/nofp/libc_nano.a(lib_a-writer.o)
                0x0000000008006a58                _write_r
 .text._close_r
                0x0000000008006a80       0x24 /usr/local/Cellar/arm-gcc-bin@10/10-2020-q4-major/bin/../lib/gcc/arm-none-eabi/10.2.1/../../../../arm-none-eabi/lib/thumb/v6-m/nofp/libc_nano.a(lib_a-closer.o)
                0x0000000008006a80                _close_r
 .text._fstat_r
                0x0000000008006aa4       0x24 /usr/local/Cellar/arm-gcc-bin@10/10-2020-q4-major/bin/../lib/gcc/arm-none-eabi/10.2.1/../../../../arm-none-eabi/lib/thumb/v6-m/nofp/libc_nano.a(lib_a-fstatr.o)
                0x0000000008006aa4                _fstat_r
 .text._isatty_r
                0x0000000008006ac8       0x24 /usr/local/Cellar/arm-gcc-bin@10/10-2020-q4-major/bin/../lib/gcc/arm-none-eabi/10.2.1/../../../../arm-none-eabi/lib/thumb/v6-m/nofp/libc_nano.a(lib_a-isattyr.o)
                0x0000000008006ac8                _isatty_r
 .text._lseek_r
                0x0000000008006aec       0x28 /usr/local/Cellar/arm-gcc-bin@10/10-2020-q4-major/bin/../lib/gcc/arm-none-eabi/10.2.1/../../../../arm-none-eabi/lib/thumb/v6-m/nofp/libc_nano.a(lib_a-lseekr.o)
                0x0000000008006aec                _lseek_r
 .text._read_r  0x0000000008006b14       0x28 /usr/local/Cellar/arm-gcc-bin@10/10-2020-q4-major/bin/../lib/gcc/arm-none-eabi/10.2.1/../../../../arm-none-eabi/lib/thumb/v6-m/nofp/libc_nano.a(lib_a-readr.o)
                0x0000000008006b14                _read_r
 .text._close   0x0000000008006b3c       0x10 /usr/local/Cellar/arm-gcc-bin@10/10-2020-q4-major/bin/../lib/gcc/arm-none-eabi/10.2.1/../../../../arm-none-eabi/lib/thumb/v6-m/nofp/libnosys.a(close.o)
                0x0000000008006b3c                _close
 .text._fstat   0x0000000008006b4c       0x10 /usr/local/Cellar/arm-gcc-bin@10/10-2020-q4-major/bin/../lib/gcc/arm-none-eabi/10.2.1/../../../../arm-none-eabi/lib/thumb/v6-m/nofp/libnosys.a(fstat.o)
                0x0000000008006b4c                _fstat
 .text._getpid  0x0000000008006b5c       0x10 /usr/local/Cellar/arm-gcc-bin@10/10-2020-q4-major/bin/../lib/gcc/arm-none-eabi/10.2.1/../../../../arm-none-eabi/lib/thumb/v6-m/nofp/libnosys.a(getpid.o)
                0x0000000008006b5c                _getpid
 .text._isatty  0x0000000008006b6c       0x10 /usr/local/Cellar/arm-gcc-bin@10/10-2020-q4-major/bin/../lib/gcc/arm-none-eabi/10.2.1/../../../../arm-none-eabi/lib/thumb/v6-m/nofp/libnosys.a(isatty.o)
                0x0000000008006b6c                _isatty
 .text._kill    0x0000000008006b7c       0x10 /usr/local/Cellar/arm-gcc-bin@10/10-2020-q4-major/bin/../lib/gcc/arm-none-eabi/10.2.1/../../../../arm-none-eabi/lib/thumb/v6-m/nofp/libnosys.a(kill.o)
                0x0000000008006b7c                _kill
 .text._lseek   0x0000000008006b8c       0x10 /usr/local/Cellar/arm-gcc-bin@10/10-2020-q4-major/bin/../lib/gcc/arm-none-eabi/10.2.1/../../../../arm-none-eabi/lib/thumb/v6-m/nofp/libnosys.a(lseek.o)
                0x0000000008006b8c                _lseek
 .text._read    0x0000000008006b9c       0x10 /usr/local/Cellar/arm-gcc-bin@10/10-2020-q4-major/bin/../lib/gcc/arm-none-eabi/10.2.1/../../../../arm-none-eabi/lib/thumb/v6-m/nofp/libnosys.a(read.o)
                0x0000000008006b9c                _read
 .text._sbrk    0x0000000008006bac       0x1c /usr/local/Cellar/arm-gcc-bin@10/10-2020-q4-major/bin/../lib/gcc/arm-none-eabi/10.2.1/../../../../arm-none-eabi/lib/thumb/v6-m/nofp/libnosys.a(sbrk.o)
                0x0000000008006bac                _sbrk
 .text._write   0x0000000008006bc8       0x10 /usr/local/Cellar/arm-gcc-bin@10/10-2020-q4-major/bin/../lib/gcc/arm-none-eabi/10.2.1/../../../../arm-none-eabi/lib/thumb/v6-m/nofp/libnosys.a(write.o)
                0x0000000008006bc8                _write
 .text._exit    0x0000000008006bd8        0x4 /usr/local/Cellar/arm-gcc-bin@10/10-2020-q4-major/bin/../lib/gcc/arm-none-eabi/10.2.1/../../../../arm-none-eabi/lib/thumb/v6-m/nofp/libnosys.a(_exit.o)
                0x0000000008006bd8                _exit
 *(.glue_7)
 .glue_7        0x0000000008006bdc        0x0 linker stubs
 *(.glue_7t)
 .glue_7t       0x0000000008006bdc        0x0 linker stubs
 *(.eh_frame)
 .eh_frame      0x0000000008006bdc        0x0 /usr/local/Cellar/arm-gcc-bin@10/10-2020-q4-major/bin/../lib/gcc/arm-none-eabi/10.2.1/thumb/v6-m/nofp/crtbegin.o
 *(.init)
 .init          0x0000000008006bdc        0x4 /usr/local/Cellar/arm-gcc-bin@10/10-2020-q4-major/bin/../lib/gcc/arm-none-eabi/10.2.1/thumb/v6-m/nofp/crti.o
                0x0000000008006bdc                _init
 .init          0x0000000008006be0        0x8 /usr/local/Cellar/arm-gcc-bin@10/10-2020-q4-major/bin/../lib/gcc/arm-none-eabi/10.2.1/thumb/v6-m/nofp/crtn.o
 *(.fini)
 .fini          0x0000000008006be8        0x4 /usr/local/Cellar/arm-gcc-bin@10/10-2020-q4-major/bin/../lib/gcc/arm-none-eabi/10.2.1/thumb/v6-m/nofp/crti.o
                0x0000000008006be8                _fini
 .fini          0x0000000008006bec        0x8 /usr/local/Cellar/arm-gcc-bin@10/10-2020-q4-major/bin/../lib/gcc/arm-none-eabi/10.2.1/thumb/v6-m/nofp/crtn.o
                0x0000000008006bf4                . = ALIGN (0x4)
                0x0000000008006bf4                _etext = .

.vfp11_veneer   0x0000000008006bf4        0x0
 .vfp11_veneer  0x0000000008006bf4        0x0 linker stubs

.v4_bx          0x0000000008006bf4        0x0
 .v4_bx         0x0000000008006bf4        0x0 linker stubs

.iplt           0x0000000008006bf4        0x0
 .iplt          0x0000000008006bf4        0x0 /usr/local/Cellar/arm-gcc-bin@10/10-2020-q4-major/bin/../lib/gcc/arm-none-eabi/10.2.1/thumb/v6-m/nofp/crtbegin.o

.rodata         0x0000000008006bf8      0x4dc
                0x0000000008006bf8                . = ALIGN (0x4)
 *(.rodata)
 .rodata        0x0000000008006bf8       0x40 /usr/local/Cellar/arm-gcc-bin@10/10-2020-q4-major/bin/../lib/gcc/arm-none-eabi/10.2.1/thumb/v6-m/nofp/libgcc.a(divdf3.o)
 .rodata        0x0000000008006c38       0x40 /usr/local/Cellar/arm-gcc-bin@10/10-2020-q4-major/bin/../lib/gcc/arm-none-eabi/10.2.1/thumb/v6-m/nofp/libgcc.a(muldf3.o)
 *(.rodata*)
 .rodata.main.str1.4
                0x0000000008006c78       0x44 build/main.o
 .rodata.AHBPrescTable
                0x0000000008006cbc       0x10 build/system_stm32f0xx.o
                0x0000000008006cbc                AHBPrescTable
 .rodata.APBPrescTable
                0x0000000008006ccc        0x8 build/system_stm32f0xx.o
                0x0000000008006ccc                APBPrescTable
 .rodata.HAL_RCC_GetSysClockFreq.str1.4
                0x0000000008006cd4       0x25 build/stm32f0xx_hal_rcc.o
 *fill*         0x0000000008006cf9        0x3 
 .rodata._global_impure_ptr
                0x0000000008006cfc        0x4 /usr/local/Cellar/arm-gcc-bin@10/10-2020-q4-major/bin/../lib/gcc/arm-none-eabi/10.2.1/../../../../arm-none-eabi/lib/thumb/v6-m/nofp/libc_nano.a(lib_a-impure.o)
                0x0000000008006cfc                _global_impure_ptr
 .rodata._printf_float.str1.1
                0x0000000008006d00       0x12 /usr/local/Cellar/arm-gcc-bin@10/10-2020-q4-major/bin/../lib/gcc/arm-none-eabi/10.2.1/../../../../arm-none-eabi/lib/thumb/v6-m/nofp/libc_nano.a(lib_a-nano-vfprintf_float.o)
 .rodata._printf_i.str1.1
                0x0000000008006d12       0x22 /usr/local/Cellar/arm-gcc-bin@10/10-2020-q4-major/bin/../lib/gcc/arm-none-eabi/10.2.1/../../../../arm-none-eabi/lib/thumb/v6-m/nofp/libc_nano.a(lib_a-nano-vfprintf_i.o)
 .rodata._dtoa_r.str1.1
                0x0000000008006d34       0x8e /usr/local/Cellar/arm-gcc-bin@10/10-2020-q4-major/bin/../lib/gcc/arm-none-eabi/10.2.1/../../../../arm-none-eabi/lib/thumb/v6-m/nofp/libc_nano.a(lib_a-dtoa.o)
                                         0x90 (size before relaxing)
 .rodata._Balloc.str1.1
                0x0000000008006dc2       0x5a /usr/local/Cellar/arm-gcc-bin@10/10-2020-q4-major/bin/../lib/gcc/arm-none-eabi/10.2.1/../../../../arm-none-eabi/lib/thumb/v6-m/nofp/libc_nano.a(lib_a-mprec.o)
                                         0x71 (size before relaxing)
 .rodata.__multadd.str1.1
                0x0000000008006e1c       0x11 /usr/local/Cellar/arm-gcc-bin@10/10-2020-q4-major/bin/../lib/gcc/arm-none-eabi/10.2.1/../../../../arm-none-eabi/lib/thumb/v6-m/nofp/libc_nano.a(lib_a-mprec.o)
 *fill*         0x0000000008006e1c        0x4 
 .rodata.__mprec_bigtens
                0x0000000008006e20       0x28 /usr/local/Cellar/arm-gcc-bin@10/10-2020-q4-major/bin/../lib/gcc/arm-none-eabi/10.2.1/../../../../arm-none-eabi/lib/thumb/v6-m/nofp/libc_nano.a(lib_a-mprec.o)
                0x0000000008006e20                __mprec_bigtens
 .rodata.__mprec_tens
                0x0000000008006e48       0xc8 /usr/local/Cellar/arm-gcc-bin@10/10-2020-q4-major/bin/../lib/gcc/arm-none-eabi/10.2.1/../../../../arm-none-eabi/lib/thumb/v6-m/nofp/libc_nano.a(lib_a-mprec.o)
                0x0000000008006e48                __mprec_tens
 .rodata.p05.0  0x0000000008006f10        0xc /usr/local/Cellar/arm-gcc-bin@10/10-2020-q4-major/bin/../lib/gcc/arm-none-eabi/10.2.1/../../../../arm-none-eabi/lib/thumb/v6-m/nofp/libc_nano.a(lib_a-mprec.o)
 .rodata._svfprintf_r.str1.1
                0x0000000008006f1c       0x11 /usr/local/Cellar/arm-gcc-bin@10/10-2020-q4-major/bin/../lib/gcc/arm-none-eabi/10.2.1/../../../../arm-none-eabi/lib/thumb/v6-m/nofp/libc_nano.a(lib_a-nano-svfprintf.o)
 .rodata.__assert_func.str1.1
                0x0000000008006f2d       0x3c /usr/local/Cellar/arm-gcc-bin@10/10-2020-q4-major/bin/../lib/gcc/arm-none-eabi/10.2.1/../../../../arm-none-eabi/lib/thumb/v6-m/nofp/libc_nano.a(lib_a-assert.o)
                                         0x3d (size before relaxing)
 .rodata._setlocale_r.str1.1
                0x0000000008006f69        0x8 /usr/local/Cellar/arm-gcc-bin@10/10-2020-q4-major/bin/../lib/gcc/arm-none-eabi/10.2.1/../../../../arm-none-eabi/lib/thumb/v6-m/nofp/libc_nano.a(lib_a-locale.o)
                                          0x9 (size before relaxing)
 .rodata.str1.1
                0x0000000008006f71        0x2 /usr/local/Cellar/arm-gcc-bin@10/10-2020-q4-major/bin/../lib/gcc/arm-none-eabi/10.2.1/../../../../arm-none-eabi/lib/thumb/v6-m/nofp/libc_nano.a(lib_a-locale.o)
 .rodata._vfprintf_r.str1.1
                0x0000000008006f73       0x11 /usr/local/Cellar/arm-gcc-bin@10/10-2020-q4-major/bin/../lib/gcc/arm-none-eabi/10.2.1/../../../../arm-none-eabi/lib/thumb/v6-m/nofp/libc_nano.a(lib_a-nano-vfprintf.o)
 .rodata._ctype_
                0x0000000008006f73      0x101 /usr/local/Cellar/arm-gcc-bin@10/10-2020-q4-major/bin/../lib/gcc/arm-none-eabi/10.2.1/../../../../arm-none-eabi/lib/thumb/v6-m/nofp/libc_nano.a(lib_a-ctype_.o)
                0x0000000008006f73                _ctype_
 .rodata.__sf_fake_stderr
                0x0000000008007074       0x20 /usr/local/Cellar/arm-gcc-bin@10/10-2020-q4-major/bin/../lib/gcc/arm-none-eabi/10.2.1/../../../../arm-none-eabi/lib/thumb/v6-m/nofp/libc_nano.a(lib_a-findfp.o)
                0x0000000008007074                __sf_fake_stderr
 .rodata.__sf_fake_stdin
                0x0000000008007094       0x20 /usr/local/Cellar/arm-gcc-bin@10/10-2020-q4-major/bin/../lib/gcc/arm-none-eabi/10.2.1/../../../../arm-none-eabi/lib/thumb/v6-m/nofp/libc_nano.a(lib_a-findfp.o)
                0x0000000008007094                __sf_fake_stdin
 .rodata.__sf_fake_stdout
                0x00000000080070b4       0x20 /usr/local/Cellar/arm-gcc-bin@10/10-2020-q4-major/bin/../lib/gcc/arm-none-eabi/10.2.1/../../../../arm-none-eabi/lib/thumb/v6-m/nofp/libc_nano.a(lib_a-findfp.o)
                0x00000000080070b4                __sf_fake_stdout
                0x00000000080070d4                . = ALIGN (0x4)

.rel.dyn        0x00000000080070d4        0x0
 .rel.iplt      0x00000000080070d4        0x0 /usr/local/Cellar/arm-gcc-bin@10/10-2020-q4-major/bin/../lib/gcc/arm-none-eabi/10.2.1/thumb/v6-m/nofp/crtbegin.o

.ARM.extab
 *(.ARM.extab* .gnu.linkonce.armextab.*)

.ARM            0x00000000080070d4        0x0
                0x00000000080070d4                __exidx_start = .
 *(.ARM.exidx*)
                0x00000000080070d4                __exidx_end = .

.preinit_array  0x00000000080070d4        0x0
                0x00000000080070d4                PROVIDE (__preinit_array_start = .)
 *(.preinit_array*)
                0x00000000080070d4                PROVIDE (__preinit_array_end = .)

.init_array     0x00000000080070d4        0x4
                0x00000000080070d4                PROVIDE (__init_array_start = .)
 *(SORT_BY_NAME(.init_array.*))
 *(.init_array*)
 .init_array    0x00000000080070d4        0x4 /usr/local/Cellar/arm-gcc-bin@10/10-2020-q4-major/bin/../lib/gcc/arm-none-eabi/10.2.1/thumb/v6-m/nofp/crtbegin.o
                0x00000000080070d8                PROVIDE (__init_array_end = .)

.fini_array     0x00000000080070d8        0x4
                [!provide]                        PROVIDE (__fini_array_start = .)
 *(SORT_BY_NAME(.fini_array.*))
 *(.fini_array*)
 .fini_array    0x00000000080070d8        0x4 /usr/local/Cellar/arm-gcc-bin@10/10-2020-q4-major/bin/../lib/gcc/arm-none-eabi/10.2.1/thumb/v6-m/nofp/crtbegin.o
                [!provide]                        PROVIDE (__fini_array_end = .)
                0x00000000080070dc                _sidata = LOADADDR (.data)

.data           0x0000000020000000      0x1dc load address 0x00000000080070dc
                0x0000000020000000                . = ALIGN (0x4)
                0x0000000020000000                _sdata = .
 *(.data)
 *(.data*)
 .data.SystemCoreClock
                0x0000000020000000        0x4 build/system_stm32f0xx.o
                0x0000000020000000                SystemCoreClock
 .data.uwTickFreq
                0x0000000020000004        0x1 build/stm32f0xx_hal.o
                0x0000000020000004                uwTickFreq
 *fill*         0x0000000020000005        0x3 
 .data.uwTickPrio
                0x0000000020000008        0x4 build/stm32f0xx_hal.o
                0x0000000020000008                uwTickPrio
 .data._impure_ptr
                0x000000002000000c        0x4 /usr/local/Cellar/arm-gcc-bin@10/10-2020-q4-major/bin/../lib/gcc/arm-none-eabi/10.2.1/../../../../arm-none-eabi/lib/thumb/v6-m/nofp/libc_nano.a(lib_a-impure.o)
                0x000000002000000c                _impure_ptr
 .data.impure_data
                0x0000000020000010       0x60 /usr/local/Cellar/arm-gcc-bin@10/10-2020-q4-major/bin/../lib/gcc/arm-none-eabi/10.2.1/../../../../arm-none-eabi/lib/thumb/v6-m/nofp/libc_nano.a(lib_a-impure.o)
 .data.__global_locale
                0x0000000020000070      0x16c /usr/local/Cellar/arm-gcc-bin@10/10-2020-q4-major/bin/../lib/gcc/arm-none-eabi/10.2.1/../../../../arm-none-eabi/lib/thumb/v6-m/nofp/libc_nano.a(lib_a-locale.o)
                0x0000000020000070                __global_locale
                0x00000000200001dc                . = ALIGN (0x4)
                0x00000000200001dc                _edata = .

.igot.plt       0x00000000200001dc        0x0 load address 0x00000000080072b8
 .igot.plt      0x00000000200001dc        0x0 /usr/local/Cellar/arm-gcc-bin@10/10-2020-q4-major/bin/../lib/gcc/arm-none-eabi/10.2.1/thumb/v6-m/nofp/crtbegin.o
                0x00000000200001dc                . = ALIGN (0x4)

.bss            0x00000000200001dc      0x1dc load address 0x00000000080072b8
                0x00000000200001dc                _sbss = .
                0x00000000200001dc                __bss_start__ = _sbss
 *(.bss)
 .bss           0x00000000200001dc       0x1c /usr/local/Cellar/arm-gcc-bin@10/10-2020-q4-major/bin/../lib/gcc/arm-none-eabi/10.2.1/thumb/v6-m/nofp/crtbegin.o
 *(.bss*)
 .bss.accX      0x00000000200001f8        0x2 build/main.o
                0x00000000200001f8                accX
 .bss.accXH     0x00000000200001fa        0x1 build/main.o
                0x00000000200001fa                accXH
 .bss.accXL     0x00000000200001fb        0x1 build/main.o
                0x00000000200001fb                accXL
 .bss.accY      0x00000000200001fc        0x2 build/main.o
                0x00000000200001fc                accY
 .bss.accYH     0x00000000200001fe        0x1 build/main.o
                0x00000000200001fe                accYH
 .bss.accYL     0x00000000200001ff        0x1 build/main.o
                0x00000000200001ff                accYL
 .bss.accZ      0x0000000020000200        0x2 build/main.o
                0x0000000020000200                accZ
 .bss.accZH     0x0000000020000202        0x1 build/main.o
                0x0000000020000202                accZH
 .bss.accZL     0x0000000020000203        0x1 build/main.o
                0x0000000020000203                accZL
 .bss.buffer    0x0000000020000204       0x80 build/main.o
                0x0000000020000204                buffer
 .bss.gyroX     0x0000000020000284        0x2 build/main.o
                0x0000000020000284                gyroX
 .bss.gyroY     0x0000000020000286        0x2 build/main.o
                0x0000000020000286                gyroY
 .bss.gyroZ     0x0000000020000288        0x2 build/main.o
                0x0000000020000288                gyroZ
 *fill*         0x000000002000028a        0x2 
 .bss.header    0x000000002000028c       0x40 build/main.o
                0x000000002000028c                header
 .bss.hi2c1     0x00000000200002cc       0x4c build/main.o
                0x00000000200002cc                hi2c1
 .bss.huart1    0x0000000020000318       0x84 build/main.o
                0x0000000020000318                huart1
 .bss.time      0x000000002000039c        0x4 build/main.o
                0x000000002000039c                time
 .bss.uwTick    0x00000000200003a0        0x4 build/stm32f0xx_hal.o
                0x00000000200003a0                uwTick
 .bss.__malloc_free_list
                0x00000000200003a4        0x4 /usr/local/Cellar/arm-gcc-bin@10/10-2020-q4-major/bin/../lib/gcc/arm-none-eabi/10.2.1/../../../../arm-none-eabi/lib/thumb/v6-m/nofp/libc_nano.a(lib_a-nano-mallocr.o)
                0x00000000200003a4                __malloc_free_list
 .bss.__malloc_sbrk_start
                0x00000000200003a8        0x4 /usr/local/Cellar/arm-gcc-bin@10/10-2020-q4-major/bin/../lib/gcc/arm-none-eabi/10.2.1/../../../../arm-none-eabi/lib/thumb/v6-m/nofp/libc_nano.a(lib_a-nano-mallocr.o)
                0x00000000200003a8                __malloc_sbrk_start
 .bss.errno     0x00000000200003ac        0x4 /usr/local/Cellar/arm-gcc-bin@10/10-2020-q4-major/bin/../lib/gcc/arm-none-eabi/10.2.1/../../../../arm-none-eabi/lib/thumb/v6-m/nofp/libc_nano.a(lib_a-reent.o)
                0x00000000200003ac                errno
 .bss.__lock___malloc_recursive_mutex
                0x00000000200003b0        0x1 /usr/local/Cellar/arm-gcc-bin@10/10-2020-q4-major/bin/../lib/gcc/arm-none-eabi/10.2.1/../../../../arm-none-eabi/lib/thumb/v6-m/nofp/libc_nano.a(lib_a-lock.o)
                0x00000000200003b0                __lock___malloc_recursive_mutex
 .bss.__lock___sfp_recursive_mutex
                0x00000000200003b1        0x1 /usr/local/Cellar/arm-gcc-bin@10/10-2020-q4-major/bin/../lib/gcc/arm-none-eabi/10.2.1/../../../../arm-none-eabi/lib/thumb/v6-m/nofp/libc_nano.a(lib_a-lock.o)
                0x00000000200003b1                __lock___sfp_recursive_mutex
 .bss.__lock___sinit_recursive_mutex
                0x00000000200003b2        0x1 /usr/local/Cellar/arm-gcc-bin@10/10-2020-q4-major/bin/../lib/gcc/arm-none-eabi/10.2.1/../../../../arm-none-eabi/lib/thumb/v6-m/nofp/libc_nano.a(lib_a-lock.o)
                0x00000000200003b2                __lock___sinit_recursive_mutex
 *fill*         0x00000000200003b3        0x1 
 .bss.heap_end.0
                0x00000000200003b4        0x4 /usr/local/Cellar/arm-gcc-bin@10/10-2020-q4-major/bin/../lib/gcc/arm-none-eabi/10.2.1/../../../../arm-none-eabi/lib/thumb/v6-m/nofp/libnosys.a(sbrk.o)
 *(COMMON)
                0x00000000200003b8                . = ALIGN (0x4)
                0x00000000200003b8                _ebss = .
                0x00000000200003b8                __bss_end__ = _ebss

._user_heap_stack
                0x00000000200003b8      0x600 load address 0x00000000080072b8
                0x00000000200003b8                . = ALIGN (0x8)
                0x00000000200003b8                PROVIDE (end = .)
                [!provide]                        PROVIDE (_end = .)
                0x00000000200005b8                . = (. + _Min_Heap_Size)
 *fill*         0x00000000200003b8      0x200 
                0x00000000200009b8                . = (. + _Min_Stack_Size)
 *fill*         0x00000000200005b8      0x400 
                0x00000000200009b8                . = ALIGN (0x8)

/DISCARD/
 libc.a(*)
 libm.a(*)
 libgcc.a(*)

.ARM.attributes
                0x0000000000000000       0x28
 *(.ARM.attributes)
 .ARM.attributes
                0x0000000000000000       0x1e /usr/local/Cellar/arm-gcc-bin@10/10-2020-q4-major/bin/../lib/gcc/arm-none-eabi/10.2.1/thumb/v6-m/nofp/crti.o
 .ARM.attributes
                0x000000000000001e       0x2c /usr/local/Cellar/arm-gcc-bin@10/10-2020-q4-major/bin/../lib/gcc/arm-none-eabi/10.2.1/thumb/v6-m/nofp/crtbegin.o
 .ARM.attributes
                0x000000000000004a       0x2c build/main.o
 .ARM.attributes
                0x0000000000000076       0x2c build/stm32f0xx_hal_msp.o
 .ARM.attributes
                0x00000000000000a2       0x2c build/stm32f0xx_it.o
 .ARM.attributes
                0x00000000000000ce       0x2c build/system_stm32f0xx.o
 .ARM.attributes
                0x00000000000000fa       0x2c build/stm32f0xx_hal.o
 .ARM.attributes
                0x0000000000000126       0x2c build/stm32f0xx_hal_cortex.o
 .ARM.attributes
                0x0000000000000152       0x2c build/stm32f0xx_hal_gpio.o
 .ARM.attributes
                0x000000000000017e       0x2c build/stm32f0xx_hal_i2c.o
 .ARM.attributes
                0x00000000000001aa       0x2c build/stm32f0xx_hal_i2c_ex.o
 .ARM.attributes
                0x00000000000001d6       0x2c build/stm32f0xx_hal_rcc.o
 .ARM.attributes
                0x0000000000000202       0x2c build/stm32f0xx_hal_rcc_ex.o
 .ARM.attributes
                0x000000000000022e       0x2c build/stm32f0xx_hal_uart.o
 .ARM.attributes
                0x000000000000025a       0x21 build/startup_stm32f051x8.o
 .ARM.attributes
                0x000000000000027b       0x2c /usr/local/Cellar/arm-gcc-bin@10/10-2020-q4-major/bin/../lib/gcc/arm-none-eabi/10.2.1/../../../../arm-none-eabi/lib/thumb/v6-m/nofp/libc_nano.a(lib_a-impure.o)
 .ARM.attributes
                0x00000000000002a7       0x2c /usr/local/Cellar/arm-gcc-bin@10/10-2020-q4-major/bin/../lib/gcc/arm-none-eabi/10.2.1/../../../../arm-none-eabi/lib/thumb/v6-m/nofp/libc_nano.a(lib_a-init.o)
 .ARM.attributes
                0x00000000000002d3       0x2c /usr/local/Cellar/arm-gcc-bin@10/10-2020-q4-major/bin/../lib/gcc/arm-none-eabi/10.2.1/../../../../arm-none-eabi/lib/thumb/v6-m/nofp/libc_nano.a(lib_a-malloc.o)
 .ARM.attributes
                0x00000000000002ff       0x2c /usr/local/Cellar/arm-gcc-bin@10/10-2020-q4-major/bin/../lib/gcc/arm-none-eabi/10.2.1/../../../../arm-none-eabi/lib/thumb/v6-m/nofp/libc_nano.a(lib_a-memcpy-stub.o)
 .ARM.attributes
                0x000000000000032b       0x2c /usr/local/Cellar/arm-gcc-bin@10/10-2020-q4-major/bin/../lib/gcc/arm-none-eabi/10.2.1/../../../../arm-none-eabi/lib/thumb/v6-m/nofp/libc_nano.a(lib_a-memmove.o)
 .ARM.attributes
                0x0000000000000357       0x2c /usr/local/Cellar/arm-gcc-bin@10/10-2020-q4-major/bin/../lib/gcc/arm-none-eabi/10.2.1/../../../../arm-none-eabi/lib/thumb/v6-m/nofp/libc_nano.a(lib_a-memset.o)
 .ARM.attributes
                0x0000000000000383       0x2c /usr/local/Cellar/arm-gcc-bin@10/10-2020-q4-major/bin/../lib/gcc/arm-none-eabi/10.2.1/../../../../arm-none-eabi/lib/thumb/v6-m/nofp/libc_nano.a(lib_a-nano-callocr.o)
 .ARM.attributes
                0x00000000000003af       0x2c /usr/local/Cellar/arm-gcc-bin@10/10-2020-q4-major/bin/../lib/gcc/arm-none-eabi/10.2.1/../../../../arm-none-eabi/lib/thumb/v6-m/nofp/libc_nano.a(lib_a-nano-freer.o)
 .ARM.attributes
                0x00000000000003db       0x2c /usr/local/Cellar/arm-gcc-bin@10/10-2020-q4-major/bin/../lib/gcc/arm-none-eabi/10.2.1/../../../../arm-none-eabi/lib/thumb/v6-m/nofp/libc_nano.a(lib_a-nano-mallocr.o)
 .ARM.attributes
                0x0000000000000407       0x2c /usr/local/Cellar/arm-gcc-bin@10/10-2020-q4-major/bin/../lib/gcc/arm-none-eabi/10.2.1/../../../../arm-none-eabi/lib/thumb/v6-m/nofp/libc_nano.a(lib_a-nano-vfprintf_float.o)
 .ARM.attributes
                0x0000000000000433       0x2c /usr/local/Cellar/arm-gcc-bin@10/10-2020-q4-major/bin/../lib/gcc/arm-none-eabi/10.2.1/../../../../arm-none-eabi/lib/thumb/v6-m/nofp/libc_nano.a(lib_a-nano-vfprintf_i.o)
 .ARM.attributes
                0x000000000000045f       0x2c /usr/local/Cellar/arm-gcc-bin@10/10-2020-q4-major/bin/../lib/gcc/arm-none-eabi/10.2.1/../../../../arm-none-eabi/lib/thumb/v6-m/nofp/libc_nano.a(lib_a-sbrkr.o)
 .ARM.attributes
                0x000000000000048b       0x2c /usr/local/Cellar/arm-gcc-bin@10/10-2020-q4-major/bin/../lib/gcc/arm-none-eabi/10.2.1/../../../../arm-none-eabi/lib/thumb/v6-m/nofp/libc_nano.a(lib_a-sprintf.o)
 .ARM.attributes
                0x00000000000004b7       0x1c /usr/local/Cellar/arm-gcc-bin@10/10-2020-q4-major/bin/../lib/gcc/arm-none-eabi/10.2.1/../../../../arm-none-eabi/lib/thumb/v6-m/nofp/libc_nano.a(lib_a-strlen.o)
 .ARM.attributes
                0x00000000000004d3       0x2c /usr/local/Cellar/arm-gcc-bin@10/10-2020-q4-major/bin/../lib/gcc/arm-none-eabi/10.2.1/../../../../arm-none-eabi/lib/thumb/v6-m/nofp/libc_nano.a(lib_a-dtoa.o)
 .ARM.attributes
                0x00000000000004ff       0x2c /usr/local/Cellar/arm-gcc-bin@10/10-2020-q4-major/bin/../lib/gcc/arm-none-eabi/10.2.1/../../../../arm-none-eabi/lib/thumb/v6-m/nofp/libc_nano.a(lib_a-localeconv.o)
 .ARM.attributes
                0x000000000000052b       0x2c /usr/local/Cellar/arm-gcc-bin@10/10-2020-q4-major/bin/../lib/gcc/arm-none-eabi/10.2.1/../../../../arm-none-eabi/lib/thumb/v6-m/nofp/libc_nano.a(lib_a-memchr-stub.o)
 .ARM.attributes
                0x0000000000000557       0x2c /usr/local/Cellar/arm-gcc-bin@10/10-2020-q4-major/bin/../lib/gcc/arm-none-eabi/10.2.1/../../../../arm-none-eabi/lib/thumb/v6-m/nofp/libc_nano.a(lib_a-mlock.o)
 .ARM.attributes
                0x0000000000000583       0x2c /usr/local/Cellar/arm-gcc-bin@10/10-2020-q4-major/bin/../lib/gcc/arm-none-eabi/10.2.1/../../../../arm-none-eabi/lib/thumb/v6-m/nofp/libc_nano.a(lib_a-mprec.o)
 .ARM.attributes
                0x00000000000005af       0x2c /usr/local/Cellar/arm-gcc-bin@10/10-2020-q4-major/bin/../lib/gcc/arm-none-eabi/10.2.1/../../../../arm-none-eabi/lib/thumb/v6-m/nofp/libc_nano.a(lib_a-nano-svfprintf.o)
 .ARM.attributes
                0x00000000000005db       0x2c /usr/local/Cellar/arm-gcc-bin@10/10-2020-q4-major/bin/../lib/gcc/arm-none-eabi/10.2.1/../../../../arm-none-eabi/lib/thumb/v6-m/nofp/libc_nano.a(lib_a-reent.o)
 .ARM.attributes
                0x0000000000000607       0x2c /usr/local/Cellar/arm-gcc-bin@10/10-2020-q4-major/bin/../lib/gcc/arm-none-eabi/10.2.1/../../../../arm-none-eabi/lib/thumb/v6-m/nofp/libc_nano.a(lib_a-assert.o)
 .ARM.attributes
                0x0000000000000633       0x2c /usr/local/Cellar/arm-gcc-bin@10/10-2020-q4-major/bin/../lib/gcc/arm-none-eabi/10.2.1/../../../../arm-none-eabi/lib/thumb/v6-m/nofp/libc_nano.a(lib_a-fprintf.o)
 .ARM.attributes
                0x000000000000065f       0x2c /usr/local/Cellar/arm-gcc-bin@10/10-2020-q4-major/bin/../lib/gcc/arm-none-eabi/10.2.1/../../../../arm-none-eabi/lib/thumb/v6-m/nofp/libc_nano.a(lib_a-locale.o)
 .ARM.attributes
                0x000000000000068b       0x2c /usr/local/Cellar/arm-gcc-bin@10/10-2020-q4-major/bin/../lib/gcc/arm-none-eabi/10.2.1/../../../../arm-none-eabi/lib/thumb/v6-m/nofp/libc_nano.a(lib_a-lock.o)
 .ARM.attributes
                0x00000000000006b7       0x2c /usr/local/Cellar/arm-gcc-bin@10/10-2020-q4-major/bin/../lib/gcc/arm-none-eabi/10.2.1/../../../../arm-none-eabi/lib/thumb/v6-m/nofp/libc_nano.a(lib_a-mbtowc_r.o)
 .ARM.attributes
                0x00000000000006e3       0x2c /usr/local/Cellar/arm-gcc-bin@10/10-2020-q4-major/bin/../lib/gcc/arm-none-eabi/10.2.1/../../../../arm-none-eabi/lib/thumb/v6-m/nofp/libc_nano.a(lib_a-nano-reallocr.o)
 .ARM.attributes
                0x000000000000070f       0x2c /usr/local/Cellar/arm-gcc-bin@10/10-2020-q4-major/bin/../lib/gcc/arm-none-eabi/10.2.1/../../../../arm-none-eabi/lib/thumb/v6-m/nofp/libc_nano.a(lib_a-nano-vfprintf.o)
 .ARM.attributes
                0x000000000000073b       0x2c /usr/local/Cellar/arm-gcc-bin@10/10-2020-q4-major/bin/../lib/gcc/arm-none-eabi/10.2.1/../../../../arm-none-eabi/lib/thumb/v6-m/nofp/libc_nano.a(lib_a-wbuf.o)
 .ARM.attributes
                0x0000000000000767       0x2c /usr/local/Cellar/arm-gcc-bin@10/10-2020-q4-major/bin/../lib/gcc/arm-none-eabi/10.2.1/../../../../arm-none-eabi/lib/thumb/v6-m/nofp/libc_nano.a(lib_a-wctomb_r.o)
 .ARM.attributes
                0x0000000000000793       0x2c /usr/local/Cellar/arm-gcc-bin@10/10-2020-q4-major/bin/../lib/gcc/arm-none-eabi/10.2.1/../../../../arm-none-eabi/lib/thumb/v6-m/nofp/libc_nano.a(lib_a-wsetup.o)
 .ARM.attributes
                0x00000000000007bf       0x2c /usr/local/Cellar/arm-gcc-bin@10/10-2020-q4-major/bin/../lib/gcc/arm-none-eabi/10.2.1/../../../../arm-none-eabi/lib/thumb/v6-m/nofp/libc_nano.a(lib_a-abort.o)
 .ARM.attributes
                0x00000000000007eb       0x2c /usr/local/Cellar/arm-gcc-bin@10/10-2020-q4-major/bin/../lib/gcc/arm-none-eabi/10.2.1/../../../../arm-none-eabi/lib/thumb/v6-m/nofp/libc_nano.a(lib_a-ctype_.o)
 .ARM.attributes
                0x0000000000000817       0x2c /usr/local/Cellar/arm-gcc-bin@10/10-2020-q4-major/bin/../lib/gcc/arm-none-eabi/10.2.1/../../../../arm-none-eabi/lib/thumb/v6-m/nofp/libc_nano.a(lib_a-fflush.o)
 .ARM.attributes
                0x0000000000000843       0x2c /usr/local/Cellar/arm-gcc-bin@10/10-2020-q4-major/bin/../lib/gcc/arm-none-eabi/10.2.1/../../../../arm-none-eabi/lib/thumb/v6-m/nofp/libc_nano.a(lib_a-findfp.o)
 .ARM.attributes
                0x000000000000086f       0x2c /usr/local/Cellar/arm-gcc-bin@10/10-2020-q4-major/bin/../lib/gcc/arm-none-eabi/10.2.1/../../../../arm-none-eabi/lib/thumb/v6-m/nofp/libc_nano.a(lib_a-fwalk.o)
 .ARM.attributes
                0x000000000000089b       0x2c /usr/local/Cellar/arm-gcc-bin@10/10-2020-q4-major/bin/../lib/gcc/arm-none-eabi/10.2.1/../../../../arm-none-eabi/lib/thumb/v6-m/nofp/libc_nano.a(lib_a-makebuf.o)
 .ARM.attributes
                0x00000000000008c7       0x2c /usr/local/Cellar/arm-gcc-bin@10/10-2020-q4-major/bin/../lib/gcc/arm-none-eabi/10.2.1/../../../../arm-none-eabi/lib/thumb/v6-m/nofp/libc_nano.a(lib_a-nano-msizer.o)
 .ARM.attributes
                0x00000000000008f3       0x2c /usr/local/Cellar/arm-gcc-bin@10/10-2020-q4-major/bin/../lib/gcc/arm-none-eabi/10.2.1/../../../../arm-none-eabi/lib/thumb/v6-m/nofp/libc_nano.a(lib_a-signal.o)
 .ARM.attributes
                0x000000000000091f       0x2c /usr/local/Cellar/arm-gcc-bin@10/10-2020-q4-major/bin/../lib/gcc/arm-none-eabi/10.2.1/../../../../arm-none-eabi/lib/thumb/v6-m/nofp/libc_nano.a(lib_a-signalr.o)
 .ARM.attributes
                0x000000000000094b       0x2c /usr/local/Cellar/arm-gcc-bin@10/10-2020-q4-major/bin/../lib/gcc/arm-none-eabi/10.2.1/../../../../arm-none-eabi/lib/thumb/v6-m/nofp/libc_nano.a(lib_a-stdio.o)
 .ARM.attributes
                0x0000000000000977       0x2c /usr/local/Cellar/arm-gcc-bin@10/10-2020-q4-major/bin/../lib/gcc/arm-none-eabi/10.2.1/../../../../arm-none-eabi/lib/thumb/v6-m/nofp/libc_nano.a(lib_a-writer.o)
 .ARM.attributes
                0x00000000000009a3       0x2c /usr/local/Cellar/arm-gcc-bin@10/10-2020-q4-major/bin/../lib/gcc/arm-none-eabi/10.2.1/../../../../arm-none-eabi/lib/thumb/v6-m/nofp/libc_nano.a(lib_a-closer.o)
 .ARM.attributes
                0x00000000000009cf       0x2c /usr/local/Cellar/arm-gcc-bin@10/10-2020-q4-major/bin/../lib/gcc/arm-none-eabi/10.2.1/../../../../arm-none-eabi/lib/thumb/v6-m/nofp/libc_nano.a(lib_a-fstatr.o)
 .ARM.attributes
                0x00000000000009fb       0x2c /usr/local/Cellar/arm-gcc-bin@10/10-2020-q4-major/bin/../lib/gcc/arm-none-eabi/10.2.1/../../../../arm-none-eabi/lib/thumb/v6-m/nofp/libc_nano.a(lib_a-isattyr.o)
 .ARM.attributes
                0x0000000000000a27       0x2c /usr/local/Cellar/arm-gcc-bin@10/10-2020-q4-major/bin/../lib/gcc/arm-none-eabi/10.2.1/../../../../arm-none-eabi/lib/thumb/v6-m/nofp/libc_nano.a(lib_a-lseekr.o)
 .ARM.attributes
                0x0000000000000a53       0x2c /usr/local/Cellar/arm-gcc-bin@10/10-2020-q4-major/bin/../lib/gcc/arm-none-eabi/10.2.1/../../../../arm-none-eabi/lib/thumb/v6-m/nofp/libc_nano.a(lib_a-readr.o)
 .ARM.attributes
                0x0000000000000a7f       0x2c /usr/local/Cellar/arm-gcc-bin@10/10-2020-q4-major/bin/../lib/gcc/arm-none-eabi/10.2.1/../../../../arm-none-eabi/lib/thumb/v6-m/nofp/libnosys.a(close.o)
 .ARM.attributes
                0x0000000000000aab       0x2c /usr/local/Cellar/arm-gcc-bin@10/10-2020-q4-major/bin/../lib/gcc/arm-none-eabi/10.2.1/../../../../arm-none-eabi/lib/thumb/v6-m/nofp/libnosys.a(fstat.o)
 .ARM.attributes
                0x0000000000000ad7       0x2c /usr/local/Cellar/arm-gcc-bin@10/10-2020-q4-major/bin/../lib/gcc/arm-none-eabi/10.2.1/../../../../arm-none-eabi/lib/thumb/v6-m/nofp/libnosys.a(getpid.o)
 .ARM.attributes
                0x0000000000000b03       0x2c /usr/local/Cellar/arm-gcc-bin@10/10-2020-q4-major/bin/../lib/gcc/arm-none-eabi/10.2.1/../../../../arm-none-eabi/lib/thumb/v6-m/nofp/libnosys.a(isatty.o)
 .ARM.attributes
                0x0000000000000b2f       0x2c /usr/local/Cellar/arm-gcc-bin@10/10-2020-q4-major/bin/../lib/gcc/arm-none-eabi/10.2.1/../../../../arm-none-eabi/lib/thumb/v6-m/nofp/libnosys.a(kill.o)
 .ARM.attributes
                0x0000000000000b5b       0x2c /usr/local/Cellar/arm-gcc-bin@10/10-2020-q4-major/bin/../lib/gcc/arm-none-eabi/10.2.1/../../../../arm-none-eabi/lib/thumb/v6-m/nofp/libnosys.a(lseek.o)
 .ARM.attributes
                0x0000000000000b87       0x2c /usr/local/Cellar/arm-gcc-bin@10/10-2020-q4-major/bin/../lib/gcc/arm-none-eabi/10.2.1/../../../../arm-none-eabi/lib/thumb/v6-m/nofp/libnosys.a(read.o)
 .ARM.attributes
                0x0000000000000bb3       0x2c /usr/local/Cellar/arm-gcc-bin@10/10-2020-q4-major/bin/../lib/gcc/arm-none-eabi/10.2.1/../../../../arm-none-eabi/lib/thumb/v6-m/nofp/libnosys.a(sbrk.o)
 .ARM.attributes
                0x0000000000000bdf       0x2c /usr/local/Cellar/arm-gcc-bin@10/10-2020-q4-major/bin/../lib/gcc/arm-none-eabi/10.2.1/../../../../arm-none-eabi/lib/thumb/v6-m/nofp/libnosys.a(write.o)
 .ARM.attributes
                0x0000000000000c0b       0x2c /usr/local/Cellar/arm-gcc-bin@10/10-2020-q4-major/bin/../lib/gcc/arm-none-eabi/10.2.1/../../../../arm-none-eabi/lib/thumb/v6-m/nofp/libnosys.a(_exit.o)
 .ARM.attributes
                0x0000000000000c37       0x1e /usr/local/Cellar/arm-gcc-bin@10/10-2020-q4-major/bin/../lib/gcc/arm-none-eabi/10.2.1/thumb/v6-m/nofp/libgcc.a(_thumb1_case_uqi.o)
 .ARM.attributes
                0x0000000000000c55       0x1e /usr/local/Cellar/arm-gcc-bin@10/10-2020-q4-major/bin/../lib/gcc/arm-none-eabi/10.2.1/thumb/v6-m/nofp/libgcc.a(_thumb1_case_shi.o)
 .ARM.attributes
                0x0000000000000c73       0x1e /usr/local/Cellar/arm-gcc-bin@10/10-2020-q4-major/bin/../lib/gcc/arm-none-eabi/10.2.1/thumb/v6-m/nofp/libgcc.a(_udivsi3.o)
 .ARM.attributes
                0x0000000000000c91       0x1e /usr/local/Cellar/arm-gcc-bin@10/10-2020-q4-major/bin/../lib/gcc/arm-none-eabi/10.2.1/thumb/v6-m/nofp/libgcc.a(_divsi3.o)
 .ARM.attributes
                0x0000000000000caf       0x1e /usr/local/Cellar/arm-gcc-bin@10/10-2020-q4-major/bin/../lib/gcc/arm-none-eabi/10.2.1/thumb/v6-m/nofp/libgcc.a(_dvmd_tls.o)
 .ARM.attributes
                0x0000000000000ccd       0x1e /usr/local/Cellar/arm-gcc-bin@10/10-2020-q4-major/bin/../lib/gcc/arm-none-eabi/10.2.1/thumb/v6-m/nofp/libgcc.a(_arm_cmpdf2.o)
 .ARM.attributes
                0x0000000000000ceb       0x1e /usr/local/Cellar/arm-gcc-bin@10/10-2020-q4-major/bin/../lib/gcc/arm-none-eabi/10.2.1/thumb/v6-m/nofp/libgcc.a(_clzsi2.o)
 .ARM.attributes
                0x0000000000000d09       0x2c /usr/local/Cellar/arm-gcc-bin@10/10-2020-q4-major/bin/../lib/gcc/arm-none-eabi/10.2.1/thumb/v6-m/nofp/libgcc.a(adddf3.o)
 .ARM.attributes
                0x0000000000000d35       0x2c /usr/local/Cellar/arm-gcc-bin@10/10-2020-q4-major/bin/../lib/gcc/arm-none-eabi/10.2.1/thumb/v6-m/nofp/libgcc.a(divdf3.o)
 .ARM.attributes
                0x0000000000000d61       0x2c /usr/local/Cellar/arm-gcc-bin@10/10-2020-q4-major/bin/../lib/gcc/arm-none-eabi/10.2.1/thumb/v6-m/nofp/libgcc.a(eqdf2.o)
 .ARM.attributes
                0x0000000000000d8d       0x2c /usr/local/Cellar/arm-gcc-bin@10/10-2020-q4-major/bin/../lib/gcc/arm-none-eabi/10.2.1/thumb/v6-m/nofp/libgcc.a(gedf2.o)
 .ARM.attributes
                0x0000000000000db9       0x2c /usr/local/Cellar/arm-gcc-bin@10/10-2020-q4-major/bin/../lib/gcc/arm-none-eabi/10.2.1/thumb/v6-m/nofp/libgcc.a(ledf2.o)
 .ARM.attributes
                0x0000000000000de5       0x2c /usr/local/Cellar/arm-gcc-bin@10/10-2020-q4-major/bin/../lib/gcc/arm-none-eabi/10.2.1/thumb/v6-m/nofp/libgcc.a(muldf3.o)
 .ARM.attributes
                0x0000000000000e11       0x2c /usr/local/Cellar/arm-gcc-bin@10/10-2020-q4-major/bin/../lib/gcc/arm-none-eabi/10.2.1/thumb/v6-m/nofp/libgcc.a(subdf3.o)
 .ARM.attributes
                0x0000000000000e3d       0x2c /usr/local/Cellar/arm-gcc-bin@10/10-2020-q4-major/bin/../lib/gcc/arm-none-eabi/10.2.1/thumb/v6-m/nofp/libgcc.a(unorddf2.o)
 .ARM.attributes
                0x0000000000000e69       0x2c /usr/local/Cellar/arm-gcc-bin@10/10-2020-q4-major/bin/../lib/gcc/arm-none-eabi/10.2.1/thumb/v6-m/nofp/libgcc.a(fixdfsi.o)
 .ARM.attributes
                0x0000000000000e95       0x2c /usr/local/Cellar/arm-gcc-bin@10/10-2020-q4-major/bin/../lib/gcc/arm-none-eabi/10.2.1/thumb/v6-m/nofp/libgcc.a(floatsidf.o)
 .ARM.attributes
                0x0000000000000ec1       0x2c /usr/local/Cellar/arm-gcc-bin@10/10-2020-q4-major/bin/../lib/gcc/arm-none-eabi/10.2.1/thumb/v6-m/nofp/libgcc.a(floatunsidf.o)
 .ARM.attributes
                0x0000000000000eed       0x1e /usr/local/Cellar/arm-gcc-bin@10/10-2020-q4-major/bin/../lib/gcc/arm-none-eabi/10.2.1/thumb/v6-m/nofp/crtn.o
OUTPUT(build/EEE3097S.elf elf32-littlearm)
LOAD linker stubs
LOAD /usr/local/Cellar/arm-gcc-bin@10/10-2020-q4-major/bin/../lib/gcc/arm-none-eabi/10.2.1/../../../../arm-none-eabi/lib/thumb/v6-m/nofp/libc.a
LOAD /usr/local/Cellar/arm-gcc-bin@10/10-2020-q4-major/bin/../lib/gcc/arm-none-eabi/10.2.1/../../../../arm-none-eabi/lib/thumb/v6-m/nofp/libm.a
LOAD /usr/local/Cellar/arm-gcc-bin@10/10-2020-q4-major/bin/../lib/gcc/arm-none-eabi/10.2.1/thumb/v6-m/nofp/libgcc.a

.debug_info     0x0000000000000000     0xe173
 .debug_info    0x0000000000000000     0x1414 build/main.o
 .debug_info    0x0000000000001414      0xd8b build/stm32f0xx_hal_msp.o
 .debug_info    0x000000000000219f       0xe8 build/stm32f0xx_it.o
 .debug_info    0x0000000000002287      0x28b build/system_stm32f0xx.o
 .debug_info    0x0000000000002512      0x75a build/stm32f0xx_hal.o
 .debug_info    0x0000000000002c6c      0x852 build/stm32f0xx_hal_cortex.o
 .debug_info    0x00000000000034be      0x65d build/stm32f0xx_hal_gpio.o
 .debug_info    0x0000000000003b1b     0x3f7b build/stm32f0xx_hal_i2c.o
 .debug_info    0x0000000000007a96      0x8b7 build/stm32f0xx_hal_i2c_ex.o
 .debug_info    0x000000000000834d      0xa78 build/stm32f0xx_hal_rcc.o
 .debug_info    0x0000000000008dc5      0x3ea build/stm32f0xx_hal_rcc_ex.o
 .debug_info    0x00000000000091af     0x4fa2 build/stm32f0xx_hal_uart.o
 .debug_info    0x000000000000e151       0x22 build/startup_stm32f051x8.o

.debug_abbrev   0x0000000000000000     0x1862
 .debug_abbrev  0x0000000000000000      0x306 build/main.o
 .debug_abbrev  0x0000000000000306      0x1b8 build/stm32f0xx_hal_msp.o
 .debug_abbrev  0x00000000000004be       0x7e build/stm32f0xx_it.o
 .debug_abbrev  0x000000000000053c      0x131 build/system_stm32f0xx.o
 .debug_abbrev  0x000000000000066d      0x245 build/stm32f0xx_hal.o
 .debug_abbrev  0x00000000000008b2      0x293 build/stm32f0xx_hal_cortex.o
 .debug_abbrev  0x0000000000000b45      0x1e6 build/stm32f0xx_hal_gpio.o
 .debug_abbrev  0x0000000000000d2b      0x263 build/stm32f0xx_hal_i2c.o
 .debug_abbrev  0x0000000000000f8e      0x1c4 build/stm32f0xx_hal_i2c_ex.o
 .debug_abbrev  0x0000000000001152      0x260 build/stm32f0xx_hal_rcc.o
 .debug_abbrev  0x00000000000013b2      0x1a8 build/stm32f0xx_hal_rcc_ex.o
 .debug_abbrev  0x000000000000155a      0x2f6 build/stm32f0xx_hal_uart.o
 .debug_abbrev  0x0000000000001850       0x12 build/startup_stm32f051x8.o

.debug_loc      0x0000000000000000     0x9d81
 .debug_loc     0x0000000000000000       0x78 build/main.o
 .debug_loc     0x0000000000000078      0x112 build/stm32f0xx_hal_msp.o
 .debug_loc     0x000000000000018a      0x167 build/system_stm32f0xx.o
 .debug_loc     0x00000000000002f1      0x141 build/stm32f0xx_hal.o
 .debug_loc     0x0000000000000432      0x433 build/stm32f0xx_hal_cortex.o
 .debug_loc     0x0000000000000865      0x388 build/stm32f0xx_hal_gpio.o
 .debug_loc     0x0000000000000bed     0x4abb build/stm32f0xx_hal_i2c.o
 .debug_loc     0x00000000000056a8      0x210 build/stm32f0xx_hal_i2c_ex.o
 .debug_loc     0x00000000000058b8      0x607 build/stm32f0xx_hal_rcc.o
 .debug_loc     0x0000000000005ebf      0x405 build/stm32f0xx_hal_rcc_ex.o
 .debug_loc     0x00000000000062c4     0x3abd build/stm32f0xx_hal_uart.o

.debug_aranges  0x0000000000000000      0x870
 .debug_aranges
                0x0000000000000000       0x50 build/main.o
 .debug_aranges
                0x0000000000000050       0x40 build/stm32f0xx_hal_msp.o
 .debug_aranges
                0x0000000000000090       0x40 build/stm32f0xx_it.o
 .debug_aranges
                0x00000000000000d0       0x28 build/system_stm32f0xx.o
 .debug_aranges
                0x00000000000000f8       0xd0 build/stm32f0xx_hal.o
 .debug_aranges
                0x00000000000001c8       0x78 build/stm32f0xx_hal_cortex.o
 .debug_aranges
                0x0000000000000240       0x58 build/stm32f0xx_hal_gpio.o
 .debug_aranges
                0x0000000000000298      0x290 build/stm32f0xx_hal_i2c.o
 .debug_aranges
                0x0000000000000528       0x48 build/stm32f0xx_hal_i2c_ex.o
 .debug_aranges
                0x0000000000000570       0x80 build/stm32f0xx_hal_rcc.o
 .debug_aranges
                0x00000000000005f0       0x30 build/stm32f0xx_hal_rcc_ex.o
 .debug_aranges
                0x0000000000000620      0x228 build/stm32f0xx_hal_uart.o
 .debug_aranges
                0x0000000000000848       0x28 build/startup_stm32f051x8.o

.debug_ranges   0x0000000000000000      0x838
 .debug_ranges  0x0000000000000000       0x40 build/main.o
 .debug_ranges  0x0000000000000040       0x30 build/stm32f0xx_hal_msp.o
 .debug_ranges  0x0000000000000070       0x30 build/stm32f0xx_it.o
 .debug_ranges  0x00000000000000a0       0x18 build/system_stm32f0xx.o
 .debug_ranges  0x00000000000000b8       0xc0 build/stm32f0xx_hal.o
 .debug_ranges  0x0000000000000178       0xc8 build/stm32f0xx_hal_cortex.o
 .debug_ranges  0x0000000000000240       0x48 build/stm32f0xx_hal_gpio.o
 .debug_ranges  0x0000000000000288      0x280 build/stm32f0xx_hal_i2c.o
 .debug_ranges  0x0000000000000508       0x38 build/stm32f0xx_hal_i2c_ex.o
 .debug_ranges  0x0000000000000540       0x88 build/stm32f0xx_hal_rcc.o
 .debug_ranges  0x00000000000005c8       0x38 build/stm32f0xx_hal_rcc_ex.o
 .debug_ranges  0x0000000000000600      0x218 build/stm32f0xx_hal_uart.o
 .debug_ranges  0x0000000000000818       0x20 build/startup_stm32f051x8.o

.debug_line     0x0000000000000000     0xb69e
 .debug_line    0x0000000000000000      0x5c3 build/main.o
 .debug_line    0x00000000000005c3      0x32b build/stm32f0xx_hal_msp.o
 .debug_line    0x00000000000008ee       0xf5 build/stm32f0xx_it.o
 .debug_line    0x00000000000009e3      0x211 build/system_stm32f0xx.o
 .debug_line    0x0000000000000bf4      0x4f2 build/stm32f0xx_hal.o
 .debug_line    0x00000000000010e6      0x4fe build/stm32f0xx_hal_cortex.o
 .debug_line    0x00000000000015e4      0x64b build/stm32f0xx_hal_gpio.o
 .debug_line    0x0000000000001c2f     0x490d build/stm32f0xx_hal_i2c.o
 .debug_line    0x000000000000653c      0x4bd build/stm32f0xx_hal_i2c_ex.o
 .debug_line    0x00000000000069f9      0xb4e build/stm32f0xx_hal_rcc.o
 .debug_line    0x0000000000007547      0x4e8 build/stm32f0xx_hal_rcc_ex.o
 .debug_line    0x0000000000007a2f     0x3bf8 build/stm32f0xx_hal_uart.o
 .debug_line    0x000000000000b627       0x77 build/startup_stm32f051x8.o

.debug_str      0x0000000000000000     0x290e
 .debug_str     0x0000000000000000      0xba2 build/main.o
                                        0xc93 (size before relaxing)
 .debug_str     0x0000000000000ba2      0x100 build/stm32f0xx_hal_msp.o
                                        0x99f (size before relaxing)
 .debug_str     0x0000000000000ca2       0x6d build/stm32f0xx_it.o
                                        0x1af (size before relaxing)
 .debug_str     0x0000000000000d0f       0x96 build/system_stm32f0xx.o
                                        0x251 (size before relaxing)
 .debug_str     0x0000000000000da5      0x45f build/stm32f0xx_hal.o
                                        0x6ac (size before relaxing)
 .debug_str     0x0000000000001204      0x27e build/stm32f0xx_hal_cortex.o
                                        0x5f7 (size before relaxing)
 .debug_str     0x0000000000001482      0x13c build/stm32f0xx_hal_gpio.o
                                        0x3d4 (size before relaxing)
 .debug_str     0x00000000000015be      0x884 build/stm32f0xx_hal_i2c.o
                                        0xf4f (size before relaxing)
 .debug_str     0x0000000000001e42       0xb5 build/stm32f0xx_hal_i2c_ex.o
                                        0x7b5 (size before relaxing)
 .debug_str     0x0000000000001ef7      0x1c8 build/stm32f0xx_hal_rcc.o
                                        0x635 (size before relaxing)
 .debug_str     0x00000000000020bf       0x94 build/stm32f0xx_hal_rcc_ex.o
                                        0x39e (size before relaxing)
 .debug_str     0x0000000000002153      0x797 build/stm32f0xx_hal_uart.o
                                        0xe95 (size before relaxing)
 .debug_str     0x00000000000028ea       0x24 build/startup_stm32f051x8.o
                                         0x42 (size before relaxing)

.comment        0x0000000000000000       0x4d
 .comment       0x0000000000000000       0x4d build/main.o
                                         0x4e (size before relaxing)
 .comment       0x000000000000004d       0x4e build/stm32f0xx_hal_msp.o
 .comment       0x000000000000004d       0x4e build/stm32f0xx_it.o
 .comment       0x000000000000004d       0x4e build/system_stm32f0xx.o
 .comment       0x000000000000004d       0x4e build/stm32f0xx_hal.o
 .comment       0x000000000000004d       0x4e build/stm32f0xx_hal_cortex.o
 .comment       0x000000000000004d       0x4e build/stm32f0xx_hal_gpio.o
 .comment       0x000000000000004d       0x4e build/stm32f0xx_hal_i2c.o
 .comment       0x000000000000004d       0x4e build/stm32f0xx_hal_i2c_ex.o
 .comment       0x000000000000004d       0x4e build/stm32f0xx_hal_rcc.o
 .comment       0x000000000000004d       0x4e build/stm32f0xx_hal_rcc_ex.o
 .comment       0x000000000000004d       0x4e build/stm32f0xx_hal_uart.o

.debug_frame    0x0000000000000000     0x291c
 .debug_frame   0x0000000000000000       0xc0 build/main.o
 .debug_frame   0x00000000000000c0       0x8c build/stm32f0xx_hal_msp.o
 .debug_frame   0x000000000000014c       0x68 build/stm32f0xx_it.o
 .debug_frame   0x00000000000001b4       0x38 build/system_stm32f0xx.o
 .debug_frame   0x00000000000001ec      0x1ac build/stm32f0xx_hal.o
 .debug_frame   0x0000000000000398       0xe4 build/stm32f0xx_hal_cortex.o
 .debug_frame   0x000000000000047c       0xc0 build/stm32f0xx_hal_gpio.o
 .debug_frame   0x000000000000053c      0x860 build/stm32f0xx_hal_i2c.o
 .debug_frame   0x0000000000000d9c       0xb0 build/stm32f0xx_hal_i2c_ex.o
 .debug_frame   0x0000000000000e4c      0x138 build/stm32f0xx_hal_rcc.o
 .debug_frame   0x0000000000000f84       0x58 build/stm32f0xx_hal_rcc_ex.o
 .debug_frame   0x0000000000000fdc      0x638 build/stm32f0xx_hal_uart.o
 .debug_frame   0x0000000000001614       0x2c /usr/local/Cellar/arm-gcc-bin@10/10-2020-q4-major/bin/../lib/gcc/arm-none-eabi/10.2.1/../../../../arm-none-eabi/lib/thumb/v6-m/nofp/libc_nano.a(lib_a-init.o)
 .debug_frame   0x0000000000001640       0x40 /usr/local/Cellar/arm-gcc-bin@10/10-2020-q4-major/bin/../lib/gcc/arm-none-eabi/10.2.1/../../../../arm-none-eabi/lib/thumb/v6-m/nofp/libc_nano.a(lib_a-malloc.o)
 .debug_frame   0x0000000000001680       0x28 /usr/local/Cellar/arm-gcc-bin@10/10-2020-q4-major/bin/../lib/gcc/arm-none-eabi/10.2.1/../../../../arm-none-eabi/lib/thumb/v6-m/nofp/libc_nano.a(lib_a-memcpy-stub.o)
 .debug_frame   0x00000000000016a8       0x28 /usr/local/Cellar/arm-gcc-bin@10/10-2020-q4-major/bin/../lib/gcc/arm-none-eabi/10.2.1/../../../../arm-none-eabi/lib/thumb/v6-m/nofp/libc_nano.a(lib_a-memmove.o)
 .debug_frame   0x00000000000016d0       0x20 /usr/local/Cellar/arm-gcc-bin@10/10-2020-q4-major/bin/../lib/gcc/arm-none-eabi/10.2.1/../../../../arm-none-eabi/lib/thumb/v6-m/nofp/libc_nano.a(lib_a-memset.o)
 .debug_frame   0x00000000000016f0       0x2c /usr/local/Cellar/arm-gcc-bin@10/10-2020-q4-major/bin/../lib/gcc/arm-none-eabi/10.2.1/../../../../arm-none-eabi/lib/thumb/v6-m/nofp/libc_nano.a(lib_a-nano-callocr.o)
 .debug_frame   0x000000000000171c       0x2c /usr/local/Cellar/arm-gcc-bin@10/10-2020-q4-major/bin/../lib/gcc/arm-none-eabi/10.2.1/../../../../arm-none-eabi/lib/thumb/v6-m/nofp/libc_nano.a(lib_a-nano-freer.o)
 .debug_frame   0x0000000000001748       0x30 /usr/local/Cellar/arm-gcc-bin@10/10-2020-q4-major/bin/../lib/gcc/arm-none-eabi/10.2.1/../../../../arm-none-eabi/lib/thumb/v6-m/nofp/libc_nano.a(lib_a-nano-mallocr.o)
 .debug_frame   0x0000000000001778       0x70 /usr/local/Cellar/arm-gcc-bin@10/10-2020-q4-major/bin/../lib/gcc/arm-none-eabi/10.2.1/../../../../arm-none-eabi/lib/thumb/v6-m/nofp/libc_nano.a(lib_a-nano-vfprintf_float.o)
 .debug_frame   0x00000000000017e8       0x54 /usr/local/Cellar/arm-gcc-bin@10/10-2020-q4-major/bin/../lib/gcc/arm-none-eabi/10.2.1/../../../../arm-none-eabi/lib/thumb/v6-m/nofp/libc_nano.a(lib_a-nano-vfprintf_i.o)
 .debug_frame   0x000000000000183c       0x2c /usr/local/Cellar/arm-gcc-bin@10/10-2020-q4-major/bin/../lib/gcc/arm-none-eabi/10.2.1/../../../../arm-none-eabi/lib/thumb/v6-m/nofp/libc_nano.a(lib_a-sbrkr.o)
 .debug_frame   0x0000000000001868       0x48 /usr/local/Cellar/arm-gcc-bin@10/10-2020-q4-major/bin/../lib/gcc/arm-none-eabi/10.2.1/../../../../arm-none-eabi/lib/thumb/v6-m/nofp/libc_nano.a(lib_a-sprintf.o)
 .debug_frame   0x00000000000018b0       0x54 /usr/local/Cellar/arm-gcc-bin@10/10-2020-q4-major/bin/../lib/gcc/arm-none-eabi/10.2.1/../../../../arm-none-eabi/lib/thumb/v6-m/nofp/libc_nano.a(lib_a-dtoa.o)
 .debug_frame   0x0000000000001904       0x40 /usr/local/Cellar/arm-gcc-bin@10/10-2020-q4-major/bin/../lib/gcc/arm-none-eabi/10.2.1/../../../../arm-none-eabi/lib/thumb/v6-m/nofp/libc_nano.a(lib_a-localeconv.o)
 .debug_frame   0x0000000000001944       0x20 /usr/local/Cellar/arm-gcc-bin@10/10-2020-q4-major/bin/../lib/gcc/arm-none-eabi/10.2.1/../../../../arm-none-eabi/lib/thumb/v6-m/nofp/libc_nano.a(lib_a-memchr-stub.o)
 .debug_frame   0x0000000000001964       0x40 /usr/local/Cellar/arm-gcc-bin@10/10-2020-q4-major/bin/../lib/gcc/arm-none-eabi/10.2.1/../../../../arm-none-eabi/lib/thumb/v6-m/nofp/libc_nano.a(lib_a-mlock.o)
 .debug_frame   0x00000000000019a4      0x22c /usr/local/Cellar/arm-gcc-bin@10/10-2020-q4-major/bin/../lib/gcc/arm-none-eabi/10.2.1/../../../../arm-none-eabi/lib/thumb/v6-m/nofp/libc_nano.a(lib_a-mprec.o)
 .debug_frame   0x0000000000001bd0       0x74 /usr/local/Cellar/arm-gcc-bin@10/10-2020-q4-major/bin/../lib/gcc/arm-none-eabi/10.2.1/../../../../arm-none-eabi/lib/thumb/v6-m/nofp/libc_nano.a(lib_a-nano-svfprintf.o)
 .debug_frame   0x0000000000001c44       0x48 /usr/local/Cellar/arm-gcc-bin@10/10-2020-q4-major/bin/../lib/gcc/arm-none-eabi/10.2.1/../../../../arm-none-eabi/lib/thumb/v6-m/nofp/libc_nano.a(lib_a-reent.o)
 .debug_frame   0x0000000000001c8c       0x44 /usr/local/Cellar/arm-gcc-bin@10/10-2020-q4-major/bin/../lib/gcc/arm-none-eabi/10.2.1/../../../../arm-none-eabi/lib/thumb/v6-m/nofp/libc_nano.a(lib_a-assert.o)
 .debug_frame   0x0000000000001cd0       0x4c /usr/local/Cellar/arm-gcc-bin@10/10-2020-q4-major/bin/../lib/gcc/arm-none-eabi/10.2.1/../../../../arm-none-eabi/lib/thumb/v6-m/nofp/libc_nano.a(lib_a-fprintf.o)
 .debug_frame   0x0000000000001d1c       0x54 /usr/local/Cellar/arm-gcc-bin@10/10-2020-q4-major/bin/../lib/gcc/arm-none-eabi/10.2.1/../../../../arm-none-eabi/lib/thumb/v6-m/nofp/libc_nano.a(lib_a-locale.o)
 .debug_frame   0x0000000000001d70       0xb0 /usr/local/Cellar/arm-gcc-bin@10/10-2020-q4-major/bin/../lib/gcc/arm-none-eabi/10.2.1/../../../../arm-none-eabi/lib/thumb/v6-m/nofp/libc_nano.a(lib_a-lock.o)
 .debug_frame   0x0000000000001e20       0x44 /usr/local/Cellar/arm-gcc-bin@10/10-2020-q4-major/bin/../lib/gcc/arm-none-eabi/10.2.1/../../../../arm-none-eabi/lib/thumb/v6-m/nofp/libc_nano.a(lib_a-mbtowc_r.o)
 .debug_frame   0x0000000000001e64       0x30 /usr/local/Cellar/arm-gcc-bin@10/10-2020-q4-major/bin/../lib/gcc/arm-none-eabi/10.2.1/../../../../arm-none-eabi/lib/thumb/v6-m/nofp/libc_nano.a(lib_a-nano-reallocr.o)
 .debug_frame   0x0000000000001e94       0x9c /usr/local/Cellar/arm-gcc-bin@10/10-2020-q4-major/bin/../lib/gcc/arm-none-eabi/10.2.1/../../../../arm-none-eabi/lib/thumb/v6-m/nofp/libc_nano.a(lib_a-nano-vfprintf.o)
 .debug_frame   0x0000000000001f30       0x48 /usr/local/Cellar/arm-gcc-bin@10/10-2020-q4-major/bin/../lib/gcc/arm-none-eabi/10.2.1/../../../../arm-none-eabi/lib/thumb/v6-m/nofp/libc_nano.a(lib_a-wbuf.o)
 .debug_frame   0x0000000000001f78       0x38 /usr/local/Cellar/arm-gcc-bin@10/10-2020-q4-major/bin/../lib/gcc/arm-none-eabi/10.2.1/../../../../arm-none-eabi/lib/thumb/v6-m/nofp/libc_nano.a(lib_a-wctomb_r.o)
 .debug_frame   0x0000000000001fb0       0x2c /usr/local/Cellar/arm-gcc-bin@10/10-2020-q4-major/bin/../lib/gcc/arm-none-eabi/10.2.1/../../../../arm-none-eabi/lib/thumb/v6-m/nofp/libc_nano.a(lib_a-wsetup.o)
 .debug_frame   0x0000000000001fdc       0x28 /usr/local/Cellar/arm-gcc-bin@10/10-2020-q4-major/bin/../lib/gcc/arm-none-eabi/10.2.1/../../../../arm-none-eabi/lib/thumb/v6-m/nofp/libc_nano.a(lib_a-abort.o)
 .debug_frame   0x0000000000002004       0x68 /usr/local/Cellar/arm-gcc-bin@10/10-2020-q4-major/bin/../lib/gcc/arm-none-eabi/10.2.1/../../../../arm-none-eabi/lib/thumb/v6-m/nofp/libc_nano.a(lib_a-fflush.o)
 .debug_frame   0x000000000000206c      0x170 /usr/local/Cellar/arm-gcc-bin@10/10-2020-q4-major/bin/../lib/gcc/arm-none-eabi/10.2.1/../../../../arm-none-eabi/lib/thumb/v6-m/nofp/libc_nano.a(lib_a-findfp.o)
 .debug_frame   0x00000000000021dc       0x58 /usr/local/Cellar/arm-gcc-bin@10/10-2020-q4-major/bin/../lib/gcc/arm-none-eabi/10.2.1/../../../../arm-none-eabi/lib/thumb/v6-m/nofp/libc_nano.a(lib_a-fwalk.o)